******************************************************************************
                  TI ARM Linker PC v18.9.0                     
******************************************************************************
>> Linked Mon Nov 19 10:26:13 2018

OUTPUT FILE NAME:   <teste_cpp.out>
ENTRY POINT SYMBOL: "_c_int00_noargs"  address: 000004cd


MEMORY CONFIGURATION

         name            origin    length      used     unused   attr    fill
----------------------  --------  ---------  --------  --------  ----  --------
  FLASH                 00000000   00040000  00000691  0003f96f  R  X
  SRAM                  20000000   00008000  00000262  00007d9e  RW X


SEGMENT ALLOCATION MAP

run origin  load origin   length   init length attrs members
----------  ----------- ---------- ----------- ----- -------
00000000    00000000    00000694   00000694    r-x
  00000000    00000000    00000676   00000676    r-x .text
  00000678    00000678    00000004   00000004    r-- .init_array
  0000067c    0000067c    00000003   00000003    r-- .const
  00000680    00000680    00000014   00000014    r-- .cinit
20000000    20000000    00000262   00000000    rw-
  20000000    20000000    00000200   00000000    rw- .stack
  20000200    20000200    00000062   00000000    rw- .bss


SECTION ALLOCATION MAP

 output                                  attributes/
section   page    origin      length       input sections
--------  ----  ----------  ----------   ----------------
.text      0    00000000    00000676     
                  00000000    000000cc     main.obj (.text:_ZN8cConsoleC1Ei)
                  000000cc    000000c0     main.obj (.text)
                  0000018c    00000088     main.obj (.text:_ZN8cConsole8WriteComEiPKc)
                  00000214    00000080     main.obj (.text:_ZN8cButtonsC1Ev)
                  00000294    00000060     rtsv7M4_T_le_v4SPD16_eabi.lib : autoinit.c.obj (.text:__TI_auto_init_nobinit:__TI_auto_init_nobinit)
                  000002f4    00000052     main.obj (.text:_ZN15cCircularBuffer6putBufEc)
                  00000346    00000052     main.obj (.text:_ZN8cConsole5printEi)
                  00000398    00000044     main.obj (.text:_ZN15cCircularBuffer6getBufEv)
                  000003dc    00000044     main.obj (.text:_ZN5cLedsC1Ev)
                  00000420    0000003c     main.obj (.text:_ZN8cConsole8usart_txEv)
                  0000045c    00000038     main.obj (.text:_ZN8cConsole5eputsEPKc)
                  00000494    00000036     main.obj (.text:_ZN8cConsole8HexDigitEi)
                  000004ca    00000002     --HOLE-- [fill = 0]
                  000004cc    00000034     rtsv7M4_T_le_v4SPD16_eabi.lib : boot_cortex_m.c.obj (.text:_c_int00_noargs:_c_int00_noargs)
                  00000500    0000002c     main.obj (.text:_ZN5cLeds6setRedEi)
                  0000052c    0000002c     main.obj (.text:_ZN5cLeds7setBlueEi)
                  00000558    0000002c     main.obj (.text:_ZN5cLeds8setGreenEi)
                  00000584    0000002c     main.obj (.text:_ZN8cConsole8usart_rxEv)
                  000005b0    0000001e     main.obj (.text:_ZN5cLeds6allOffEv)
                  000005ce    00000002     --HOLE-- [fill = 0]
                  000005d0    0000001c     main.obj (.text:_ZN8cButtons7button1Ev)
                  000005ec    0000001c     main.obj (.text:_ZN8cButtons7button2Ev)
                  00000608    0000001c     main.obj (.text:_ZN8cConsole7printlnEi)
                  00000624    0000001a     main.obj (.text:_ZN15cCircularBufferC1Ev)
                  0000063e    00000012     rtsv7M4_T_le_v4SPD16_eabi.lib : copy_zero_init.c.obj (.text:decompress:ZI:__TI_zero_init_nomemset:__TI_zero_init_nomemset)
                  00000650    00000010     main.obj (.text:_ZN8cConsole5printEPKc)
                  00000660    0000000e     main.obj (.text:_ZN15cCircularBuffer11getBufCountEv)
                  0000066e    00000004     rtsv7M4_T_le_v4SPD16_eabi.lib : pre_init.c.obj (.text:_system_pre_init)
                  00000672    00000004                                   : exit.c.obj (.text:abort:abort)

.const     0    0000067c    00000003     
                  0000067c    00000003     main.obj (.const:.string:_ZZN8cConsole7printlnEiEs)

.cinit     0    00000680    00000014     
                  00000680    00000008     (.cinit..bss.load) [load image, compression = zero_init]
                  00000688    00000004     (__TI_handler_table)
                  0000068c    00000008     (__TI_cinit_table)

.init_array 
*          0    00000678    00000004     
                  00000678    00000004     main.obj (.init_array)

.bss       0    20000200    00000062     UNINITIALIZED
                  20000200    00000060     main.obj (.bss:console)
                  20000260    00000001     main.obj (.bss:Leds)
                  20000261    00000001     main.obj (.bss:buttons)

.stack     0    20000000    00000200     UNINITIALIZED
                  20000000    00000004     rtsv7M4_T_le_v4SPD16_eabi.lib : boot_cortex_m.c.obj (.stack)
                  20000004    000001fc     --HOLE--

MODULE SUMMARY

       Module                 code   ro data   rw data
       ------                 ----   -------   -------
    .\
       main.obj               1476   7         98     
    +--+----------------------+------+---------+---------+
       Total:                 1476   7         98     
                                                      
    C:\ti\ccsv8\tools\compiler\ti-cgt-arm_18.9.0.STS\lib\rtsv7M4_T_le_v4SPD16_eabi.lib
       autoinit.c.obj         96     0         0      
       boot_cortex_m.c.obj    52     0         0      
       copy_zero_init.c.obj   18     0         0      
       exit.c.obj             4      0         0      
       pre_init.c.obj         4      0         0      
    +--+----------------------+------+---------+---------+
       Total:                 174    0         0      
                                                      
       Stack:                 0      0         512    
       Linker Generated:      0      20        0      
    +--+----------------------+------+---------+---------+
       Grand Total:           1650   27        610    


LINKER GENERATED COPY TABLES

__TI_cinit_table @ 0000068c records: 1, size/record: 8, table size: 8
	.bss: load addr=00000680, load size=00000008 bytes, run addr=20000200, run size=00000062 bytes, compression=zero_init


LINKER GENERATED HANDLER TABLE

__TI_handler_table @ 00000688 records: 1, size/record: 4, table size: 4
	index: 0, handler: __TI_zero_init


GLOBAL SYMBOLS: SORTED ALPHABETICALLY BY Name 

address   name                               
-------   ----                               
00000673  C$$EXIT                            
20000260  Leds                               
00000678  SHT$$INIT_ARRAY$$Base              
0000067c  SHT$$INIT_ARRAY$$Limit             
000000cd  _Z8isr_uartv                       
00000661  _ZN15cCircularBuffer11getBufCountEv
00000399  _ZN15cCircularBuffer6getBufEv      
000002f5  _ZN15cCircularBuffer6putBufEc      
00000625  _ZN15cCircularBufferC1Ev           
000005b1  _ZN5cLeds6allOffEv                 
00000501  _ZN5cLeds6setRedEi                 
0000052d  _ZN5cLeds7setBlueEi                
00000559  _ZN5cLeds8setGreenEi               
000003dd  _ZN5cLedsC1Ev                      
000005d1  _ZN8cButtons7button1Ev             
000005ed  _ZN8cButtons7button2Ev             
00000215  _ZN8cButtonsC1Ev                   
0000045d  _ZN8cConsole5eputsEPKc             
00000651  _ZN8cConsole5printEPKc             
00000347  _ZN8cConsole5printEi               
00000609  _ZN8cConsole7printlnEi             
00000495  _ZN8cConsole8HexDigitEi            
0000018d  _ZN8cConsole8WriteComEiPKc         
00000585  _ZN8cConsole8usart_rxEv            
00000421  _ZN8cConsole8usart_txEv            
00000001  _ZN8cConsoleC1Ei                   
0000067c  _ZZN8cConsole7printlnEiEs          
20000200  __STACK_END                        
00000200  __STACK_SIZE                       
20000200  __STACK_TOP                        
0000068c  __TI_CINIT_Base                    
00000694  __TI_CINIT_Limit                   
00000688  __TI_Handler_Table_Base            
0000068c  __TI_Handler_Table_Limit           
00000295  __TI_auto_init_nobinit             
ffffffff  __TI_pprof_out_hndl                
ffffffff  __TI_prof_data_size                
ffffffff  __TI_prof_data_start               
00000000  __TI_static_base__                 
0000063f  __TI_zero_init_nomemset            
ffffffff  __binit__                          
ffffffff  __c_args__                         
UNDEFED   __mpu_init                         
20000000  __stack                            
00000149  __sti___8_main_cpp_console         
000004cd  _c_int00_noargs                    
UNDEFED   _system_post_cinit                 
0000066f  _system_pre_init                   
00000673  abort                              
ffffffff  binit                              
20000261  buttons                            
20000200  console                            
000000ed  main                               


GLOBAL SYMBOLS: SORTED BY Symbol Address 

address   name                               
-------   ----                               
00000000  __TI_static_base__                 
00000001  _ZN8cConsoleC1Ei                   
000000cd  _Z8isr_uartv                       
000000ed  main                               
00000149  __sti___8_main_cpp_console         
0000018d  _ZN8cConsole8WriteComEiPKc         
00000200  __STACK_SIZE                       
00000215  _ZN8cButtonsC1Ev                   
00000295  __TI_auto_init_nobinit             
000002f5  _ZN15cCircularBuffer6putBufEc      
00000347  _ZN8cConsole5printEi               
00000399  _ZN15cCircularBuffer6getBufEv      
000003dd  _ZN5cLedsC1Ev                      
00000421  _ZN8cConsole8usart_txEv            
0000045d  _ZN8cConsole5eputsEPKc             
00000495  _ZN8cConsole8HexDigitEi            
000004cd  _c_int00_noargs                    
00000501  _ZN5cLeds6setRedEi                 
0000052d  _ZN5cLeds7setBlueEi                
00000559  _ZN5cLeds8setGreenEi               
00000585  _ZN8cConsole8usart_rxEv            
000005b1  _ZN5cLeds6allOffEv                 
000005d1  _ZN8cButtons7button1Ev             
000005ed  _ZN8cButtons7button2Ev             
00000609  _ZN8cConsole7printlnEi             
00000625  _ZN15cCircularBufferC1Ev           
0000063f  __TI_zero_init_nomemset            
00000651  _ZN8cConsole5printEPKc             
00000661  _ZN15cCircularBuffer11getBufCountEv
0000066f  _system_pre_init                   
00000673  C$$EXIT                            
00000673  abort                              
00000678  SHT$$INIT_ARRAY$$Base              
0000067c  SHT$$INIT_ARRAY$$Limit             
0000067c  _ZZN8cConsole7printlnEiEs          
00000688  __TI_Handler_Table_Base            
0000068c  __TI_CINIT_Base                    
0000068c  __TI_Handler_Table_Limit           
00000694  __TI_CINIT_Limit                   
20000000  __stack                            
20000200  __STACK_END                        
20000200  __STACK_TOP                        
20000200  console                            
20000260  Leds                               
20000261  buttons                            
ffffffff  __TI_pprof_out_hndl                
ffffffff  __TI_prof_data_size                
ffffffff  __TI_prof_data_start               
ffffffff  __binit__                          
ffffffff  __c_args__                         
ffffffff  binit                              
UNDEFED   __mpu_init                         
UNDEFED   _system_post_cinit                 

[53 symbols]
