<?xml version="1.0" encoding="ISO-8859-1" ?>
<link_info>
   <banner>TI ARM Linker PC v18.9.0.STS</banner>
   <copyright>Copyright (c) 1996-2018 Texas Instruments Incorporated</copyright>
   <link_time>0x5bf5d051</link_time>
   <link_errors>0x0</link_errors>
   <output_file>vending_machine.out</output_file>
   <entry_point>
      <name>_c_int00_noargs</name>
      <address>0x1111</address>
   </entry_point>
   <input_file_list>
      <input_file id="fl-2">
         <path>.\src\</path>
         <kind>object</kind>
         <file>FSM.obj</file>
         <name>FSM.obj</name>
      </input_file>
      <input_file id="fl-3">
         <path>.\src\</path>
         <kind>object</kind>
         <file>GPIO_UC.obj</file>
         <name>GPIO_UC.obj</name>
      </input_file>
      <input_file id="fl-4">
         <path>.\src\</path>
         <kind>object</kind>
         <file>IO.obj</file>
         <name>IO.obj</name>
      </input_file>
      <input_file id="fl-5">
         <path>.\src\</path>
         <kind>object</kind>
         <file>main.obj</file>
         <name>main.obj</name>
      </input_file>
      <input_file id="fl-6">
         <path>.\src\</path>
         <kind>object</kind>
         <file>tm4c123gh6pm_startup_ccs.obj</file>
         <name>tm4c123gh6pm_startup_ccs.obj</name>
      </input_file>
      <input_file id="fl-b">
         <kind>object</kind>
         <file>&lt;internal&gt;</file>
         <name>&lt;internal&gt;</name>
      </input_file>
      <input_file id="fl-c1">
         <path>C:\ti\ccsv8\tools\compiler\ti-cgt-arm_18.9.0.STS\lib\</path>
         <kind>archive</kind>
         <file>rtsv7M4_T_le_v4SPD16_eabi.lib</file>
         <name>pure_virt.c.obj</name>
      </input_file>
      <input_file id="fl-c2">
         <path>C:\ti\ccsv8\tools\compiler\ti-cgt-arm_18.9.0.STS\lib\</path>
         <kind>archive</kind>
         <file>rtsv7M4_T_le_v4SPD16_eabi.lib</file>
         <name>typeinfo.c.obj</name>
      </input_file>
      <input_file id="fl-c3">
         <path>C:\ti\ccsv8\tools\compiler\ti-cgt-arm_18.9.0.STS\lib\</path>
         <kind>archive</kind>
         <file>rtsv7M4_T_le_v4SPD16_eabi.lib</file>
         <name>copy_zero_init.c.obj</name>
      </input_file>
      <input_file id="fl-c4">
         <path>C:\ti\ccsv8\tools\compiler\ti-cgt-arm_18.9.0.STS\lib\</path>
         <kind>archive</kind>
         <file>rtsv7M4_T_le_v4SPD16_eabi.lib</file>
         <name>copy_decompress_none.c.obj</name>
      </input_file>
      <input_file id="fl-c5">
         <path>C:\ti\ccsv8\tools\compiler\ti-cgt-arm_18.9.0.STS\lib\</path>
         <kind>archive</kind>
         <file>rtsv7M4_T_le_v4SPD16_eabi.lib</file>
         <name>copy_decompress_lzss.c.obj</name>
      </input_file>
      <input_file id="fl-c6">
         <path>C:\ti\ccsv8\tools\compiler\ti-cgt-arm_18.9.0.STS\lib\</path>
         <kind>archive</kind>
         <file>rtsv7M4_T_le_v4SPD16_eabi.lib</file>
         <name>boot_cortex_m.c.obj</name>
      </input_file>
      <input_file id="fl-c7">
         <path>C:\ti\ccsv8\tools\compiler\ti-cgt-arm_18.9.0.STS\lib\</path>
         <kind>archive</kind>
         <file>rtsv7M4_T_le_v4SPD16_eabi.lib</file>
         <name>new.cpp.obj</name>
      </input_file>
      <input_file id="fl-c8">
         <path>C:\ti\ccsv8\tools\compiler\ti-cgt-arm_18.9.0.STS\lib\</path>
         <kind>archive</kind>
         <file>rtsv7M4_T_le_v4SPD16_eabi.lib</file>
         <name>stdlib_typeinfo.cpp.obj</name>
      </input_file>
      <input_file id="fl-c9">
         <path>C:\ti\ccsv8\tools\compiler\ti-cgt-arm_18.9.0.STS\lib\</path>
         <kind>archive</kind>
         <file>rtsv7M4_T_le_v4SPD16_eabi.lib</file>
         <name>error.c.obj</name>
      </input_file>
      <input_file id="fl-ca">
         <path>C:\ti\ccsv8\tools\compiler\ti-cgt-arm_18.9.0.STS\lib\</path>
         <kind>archive</kind>
         <file>rtsv7M4_T_le_v4SPD16_eabi.lib</file>
         <name>memset_t2.asm.obj</name>
      </input_file>
      <input_file id="fl-cb">
         <path>C:\ti\ccsv8\tools\compiler\ti-cgt-arm_18.9.0.STS\lib\</path>
         <kind>archive</kind>
         <file>rtsv7M4_T_le_v4SPD16_eabi.lib</file>
         <name>memcpy_t2.asm.obj</name>
      </input_file>
      <input_file id="fl-cc">
         <path>C:\ti\ccsv8\tools\compiler\ti-cgt-arm_18.9.0.STS\lib\</path>
         <kind>archive</kind>
         <file>rtsv7M4_T_le_v4SPD16_eabi.lib</file>
         <name>autoinit.c.obj</name>
      </input_file>
      <input_file id="fl-cd">
         <path>C:\ti\ccsv8\tools\compiler\ti-cgt-arm_18.9.0.STS\lib\</path>
         <kind>archive</kind>
         <file>rtsv7M4_T_le_v4SPD16_eabi.lib</file>
         <name>pre_init.c.obj</name>
      </input_file>
      <input_file id="fl-ce">
         <path>C:\ti\ccsv8\tools\compiler\ti-cgt-arm_18.9.0.STS\lib\</path>
         <kind>archive</kind>
         <file>rtsv7M4_T_le_v4SPD16_eabi.lib</file>
         <name>cpy_tbl.c.obj</name>
      </input_file>
      <input_file id="fl-cf">
         <path>C:\ti\ccsv8\tools\compiler\ti-cgt-arm_18.9.0.STS\lib\</path>
         <kind>archive</kind>
         <file>rtsv7M4_T_le_v4SPD16_eabi.lib</file>
         <name>exit.c.obj</name>
      </input_file>
      <input_file id="fl-d0">
         <path>C:\ti\ccsv8\tools\compiler\ti-cgt-arm_18.9.0.STS\lib\</path>
         <kind>archive</kind>
         <file>rtsv7M4_T_le_v4SPD16_eabi.lib</file>
         <name>_lock.c.obj</name>
      </input_file>
      <input_file id="fl-d1">
         <path>C:\ti\ccsv8\tools\compiler\ti-cgt-arm_18.9.0.STS\lib\</path>
         <kind>archive</kind>
         <file>rtsv7M4_T_le_v4SPD16_eabi.lib</file>
         <name>args_main.c.obj</name>
      </input_file>
      <input_file id="fl-d2">
         <path>C:\ti\ccsv8\tools\compiler\ti-cgt-arm_18.9.0.STS\lib\</path>
         <kind>archive</kind>
         <file>rtsv7M4_T_le_v4SPD16_eabi.lib</file>
         <name>memory.c.obj</name>
      </input_file>
      <input_file id="fl-d3">
         <path>C:\ti\ccsv8\tools\compiler\ti-cgt-arm_18.9.0.STS\lib\</path>
         <kind>archive</kind>
         <file>rtsv7M4_T_le_v4SPD16_eabi.lib</file>
         <name>stdlib_exception.cpp.obj</name>
      </input_file>
      <input_file id="fl-d4">
         <path>C:\ti\TivaWare_C_Series-2.1.4.178\driverlib\ccs\Debug\</path>
         <kind>archive</kind>
         <file>driverlib.lib</file>
         <name>gpio.obj</name>
      </input_file>
      <input_file id="fl-d5">
         <path>C:\ti\TivaWare_C_Series-2.1.4.178\driverlib\ccs\Debug\</path>
         <kind>archive</kind>
         <file>driverlib.lib</file>
         <name>interrupt.obj</name>
      </input_file>
      <input_file id="fl-d6">
         <path>C:\ti\TivaWare_C_Series-2.1.4.178\driverlib\ccs\Debug\</path>
         <kind>archive</kind>
         <file>driverlib.lib</file>
         <name>sysctl.obj</name>
      </input_file>
      <input_file id="fl-d7">
         <path>C:\ti\TivaWare_C_Series-2.1.4.178\driverlib\ccs\Debug\</path>
         <kind>archive</kind>
         <file>driverlib.lib</file>
         <name>cpu.obj</name>
      </input_file>
   </input_file_list>
   <object_component_list>
      <object_component id="oc-10">
         <name>.intvecs</name>
         <load_address>0x0</load_address>
         <run_address>0x0</run_address>
         <size>0x26c</size>
         <input_file_ref idref="fl-6"/>
      </object_component>
      <object_component id="oc-d3">
         <name>.text</name>
         <load_address>0x26c</load_address>
         <run_address>0x26c</run_address>
         <size>0x5bc</size>
         <input_file_ref idref="fl-2"/>
      </object_component>
      <object_component id="oc-d9">
         <name>.text</name>
         <load_address>0x828</load_address>
         <run_address>0x828</run_address>
         <size>0x220</size>
         <input_file_ref idref="fl-3"/>
      </object_component>
      <object_component id="oc-15c">
         <name>.text:GPIOPadConfigSet</name>
         <load_address>0xa48</load_address>
         <run_address>0xa48</run_address>
         <size>0x132</size>
         <input_file_ref idref="fl-d4"/>
      </object_component>
      <object_component id="oc-39d">
         <name>.text:_ZNSt9type_infoD1Ev</name>
         <load_address>0xb7a</load_address>
         <run_address>0xb7a</run_address>
         <size>0x2</size>
         <input_file_ref idref="fl-c8"/>
      </object_component>
      <object_component id="oc-13e">
         <name>.text:SysCtlClockSet</name>
         <load_address>0xb7c</load_address>
         <run_address>0xb7c</run_address>
         <size>0xf4</size>
         <input_file_ref idref="fl-d6"/>
      </object_component>
      <object_component id="oc-3bb">
         <name>.text:free</name>
         <load_address>0xc70</load_address>
         <run_address>0xc70</run_address>
         <size>0xe8</size>
         <input_file_ref idref="fl-d2"/>
      </object_component>
      <object_component id="oc-123">
         <name>.text</name>
         <load_address>0xd58</load_address>
         <run_address>0xd58</run_address>
         <size>0xcc</size>
         <input_file_ref idref="fl-4"/>
      </object_component>
      <object_component id="oc-3c">
         <name>.text</name>
         <load_address>0xe24</load_address>
         <run_address>0xe24</run_address>
         <size>0x9c</size>
         <input_file_ref idref="fl-cb"/>
      </object_component>
      <object_component id="oc-1da">
         <name>.text:IntEnable</name>
         <load_address>0xec0</load_address>
         <run_address>0xec0</run_address>
         <size>0x68</size>
         <input_file_ref idref="fl-d5"/>
      </object_component>
      <object_component id="oc-13">
         <name>.text:decompress:lzss:__TI_decompress_lzss</name>
         <load_address>0xf28</load_address>
         <run_address>0xf28</run_address>
         <size>0x68</size>
         <input_file_ref idref="fl-c5"/>
      </object_component>
      <object_component id="oc-168">
         <name>.text:GPIOIntTypeSet</name>
         <load_address>0xf90</load_address>
         <run_address>0xf90</run_address>
         <size>0x56</size>
         <input_file_ref idref="fl-d4"/>
      </object_component>
      <object_component id="oc-2cb">
         <name>.text:_nop</name>
         <load_address>0xfe6</load_address>
         <run_address>0xfe6</run_address>
         <size>0x2</size>
         <input_file_ref idref="fl-d0"/>
      </object_component>
      <object_component id="oc-1ce">
         <name>.text:_GPIOIntNumberGet</name>
         <load_address>0xfe8</load_address>
         <run_address>0xfe8</run_address>
         <size>0x44</size>
         <input_file_ref idref="fl-d4"/>
      </object_component>
      <object_component id="oc-f1">
         <name>.text:__TI_auto_init_nobinit_nopinit:__TI_auto_init_nobinit_nopinit</name>
         <load_address>0x102c</load_address>
         <run_address>0x102c</run_address>
         <size>0x44</size>
         <input_file_ref idref="fl-cc"/>
      </object_component>
      <object_component id="oc-14a">
         <name>.text:SysCtlPeripheralReady</name>
         <load_address>0x1070</load_address>
         <run_address>0x1070</run_address>
         <size>0x38</size>
         <input_file_ref idref="fl-d6"/>
      </object_component>
      <object_component id="oc-1d4">
         <name>.text:IntRegister</name>
         <load_address>0x10a8</load_address>
         <run_address>0x10a8</run_address>
         <size>0x34</size>
         <input_file_ref idref="fl-d5"/>
      </object_component>
      <object_component id="oc-144">
         <name>.text:SysCtlPeripheralEnable</name>
         <load_address>0x10dc</load_address>
         <run_address>0x10dc</run_address>
         <size>0x34</size>
         <input_file_ref idref="fl-d6"/>
      </object_component>
      <object_component id="oc-5a">
         <name>.text:_c_int00_noargs:_c_int00_noargs</name>
         <load_address>0x1110</load_address>
         <run_address>0x1110</run_address>
         <size>0x34</size>
         <input_file_ref idref="fl-c6"/>
      </object_component>
      <object_component id="oc-a0">
         <name>.text</name>
         <load_address>0x1144</load_address>
         <run_address>0x1144</run_address>
         <size>0x2e</size>
         <input_file_ref idref="fl-5"/>
      </object_component>
      <object_component id="oc-1c5">
         <name>.text:GPIODirModeSet</name>
         <load_address>0x1172</load_address>
         <run_address>0x1172</run_address>
         <size>0x2a</size>
         <input_file_ref idref="fl-d4"/>
      </object_component>
      <object_component id="oc-3db">
         <name>.text:free_list_insert</name>
         <load_address>0x119c</load_address>
         <run_address>0x119c</run_address>
         <size>0x28</size>
         <input_file_ref idref="fl-d2"/>
      </object_component>
      <object_component id="oc-3d5">
         <name>.text:free_list_remove</name>
         <load_address>0x11c4</load_address>
         <run_address>0x11c4</run_address>
         <size>0x1c</size>
         <input_file_ref idref="fl-d2"/>
      </object_component>
      <object_component id="oc-162">
         <name>.text:GPIOIntRegister</name>
         <load_address>0x11e0</load_address>
         <run_address>0x11e0</run_address>
         <size>0x18</size>
         <input_file_ref idref="fl-d4"/>
      </object_component>
      <object_component id="oc-150">
         <name>.text:GPIOPinTypeGPIOOutput</name>
         <load_address>0x11f8</load_address>
         <run_address>0x11f8</run_address>
         <size>0x18</size>
         <input_file_ref idref="fl-d4"/>
      </object_component>
      <object_component id="oc-156">
         <name>.text:GPIOPinTypeGPIOInput</name>
         <load_address>0x1210</load_address>
         <run_address>0x1210</run_address>
         <size>0x12</size>
         <input_file_ref idref="fl-d4"/>
      </object_component>
      <object_component id="oc-48">
         <name>.text:decompress:ZI:__TI_zero_init_nomemset:__TI_zero_init_nomemset</name>
         <load_address>0x1222</load_address>
         <run_address>0x1222</run_address>
         <size>0x12</size>
         <input_file_ref idref="fl-c3"/>
      </object_component>
      <object_component id="oc-132">
         <name>.text:GPIOIntStatus</name>
         <load_address>0x1234</load_address>
         <run_address>0x1234</run_address>
         <size>0xe</size>
         <input_file_ref idref="fl-d4"/>
      </object_component>
      <object_component id="oc-36d">
         <name>.text:_ZN10__cxxabiv117__class_type_infoD0Ev</name>
         <load_address>0x1242</load_address>
         <run_address>0x1242</run_address>
         <size>0xe</size>
         <input_file_ref idref="fl-c2"/>
      </object_component>
      <object_component id="oc-35a">
         <name>.text:_ZN10__cxxabiv120__si_class_type_infoD0Ev</name>
         <load_address>0x1250</load_address>
         <run_address>0x1250</run_address>
         <size>0xe</size>
         <input_file_ref idref="fl-c2"/>
      </object_component>
      <object_component id="oc-19">
         <name>.text:decompress:none:__TI_decompress_none</name>
         <load_address>0x125e</load_address>
         <run_address>0x125e</run_address>
         <size>0xe</size>
         <input_file_ref idref="fl-c4"/>
      </object_component>
      <object_component id="oc-16e">
         <name>.text:GPIOIntEnable</name>
         <load_address>0x126c</load_address>
         <run_address>0x126c</run_address>
         <size>0xc</size>
         <input_file_ref idref="fl-d4"/>
      </object_component>
      <object_component id="oc-28">
         <name>.text</name>
         <load_address>0x1278</load_address>
         <run_address>0x1278</run_address>
         <size>0xc</size>
         <input_file_ref idref="fl-6"/>
      </object_component>
      <object_component id="oc-3a5">
         <name>.text:_ZdlPv</name>
         <load_address>0x1284</load_address>
         <run_address>0x1284</run_address>
         <size>0x8</size>
         <input_file_ref idref="fl-c7"/>
      </object_component>
      <object_component id="oc-138">
         <name>.text:GPIOIntClear</name>
         <load_address>0x128c</load_address>
         <run_address>0x128c</run_address>
         <size>0x6</size>
         <input_file_ref idref="fl-d4"/>
      </object_component>
      <object_component id="oc-174">
         <name>.text:GPIOPinWrite</name>
         <load_address>0x1292</load_address>
         <run_address>0x1292</run_address>
         <size>0x6</size>
         <input_file_ref idref="fl-d4"/>
      </object_component>
      <object_component id="oc-131">
         <name>.text:SysCtlDelay</name>
         <load_address>0x1298</load_address>
         <run_address>0x1298</run_address>
         <size>0x6</size>
         <input_file_ref idref="fl-d6"/>
      </object_component>
      <object_component id="oc-2ef">
         <name>.text:__cxa_pure_virtual</name>
         <load_address>0x129e</load_address>
         <run_address>0x129e</run_address>
         <size>0x6</size>
         <input_file_ref idref="fl-c1"/>
      </object_component>
      <object_component id="oc-367">
         <name>.text:_ZN10__cxxabiv117__class_type_infoD1Ev</name>
         <load_address>0x12a4</load_address>
         <run_address>0x12a4</run_address>
         <size>0x4</size>
         <input_file_ref idref="fl-c2"/>
      </object_component>
      <object_component id="oc-354">
         <name>.text:_ZN10__cxxabiv120__si_class_type_infoD1Ev</name>
         <load_address>0x12a8</load_address>
         <run_address>0x12a8</run_address>
         <size>0x4</size>
         <input_file_ref idref="fl-c2"/>
      </object_component>
      <object_component id="oc-37f">
         <name>.text:_ZdlPvj</name>
         <load_address>0x12ac</load_address>
         <run_address>0x12ac</run_address>
         <size>0x4</size>
         <input_file_ref idref="fl-c7"/>
      </object_component>
      <object_component id="oc-33e">
         <name>.text:__abort_execution</name>
         <load_address>0x12b0</load_address>
         <run_address>0x12b0</run_address>
         <size>0x4</size>
         <input_file_ref idref="fl-c9"/>
      </object_component>
      <object_component id="oc-9a">
         <name>.text:_system_pre_init</name>
         <load_address>0x12b4</load_address>
         <run_address>0x12b4</run_address>
         <size>0x4</size>
         <input_file_ref idref="fl-cd"/>
      </object_component>
      <object_component id="oc-e5">
         <name>.text:abort:abort</name>
         <load_address>0x12b8</load_address>
         <run_address>0x12b8</run_address>
         <size>0x4</size>
         <input_file_ref idref="fl-cf"/>
      </object_component>
      <object_component id="oc-304">
         <name>.const:g_ppui32GPIOIntMapSnowflake</name>
         <load_address>0x12bc</load_address>
         <run_address>0x12bc</run_address>
         <size>0xd8</size>
         <input_file_ref idref="fl-d4"/>
      </object_component>
      <object_component id="oc-301">
         <name>.const:g_ppui32GPIOIntMapBlizzard</name>
         <load_address>0x1394</load_address>
         <run_address>0x1394</run_address>
         <size>0xc0</size>
         <input_file_ref idref="fl-d4"/>
      </object_component>
      <object_component id="oc-30d">
         <name>.const</name>
         <load_address>0x1454</load_address>
         <run_address>0x1454</run_address>
         <size>0x70</size>
         <input_file_ref idref="fl-d5"/>
      </object_component>
      <object_component id="oc-374">
         <name>.const:.typeinfo:_ZTSN10__cxxabiv120__si_class_type_infoE</name>
         <load_address>0x14c4</load_address>
         <run_address>0x14c4</run_address>
         <size>0x25</size>
         <input_file_ref idref="fl-c2"/>
      </object_component>
      <object_component id="oc-393">
         <name>.const:.typeinfo:_ZTSN10__cxxabiv117__class_type_infoE</name>
         <load_address>0x14e9</load_address>
         <run_address>0x14e9</run_address>
         <size>0x22</size>
         <input_file_ref idref="fl-c2"/>
      </object_component>
      <object_component id="oc-1aa">
         <name>.const:_ZTV3CIO</name>
         <load_address>0x150c</load_address>
         <run_address>0x150c</run_address>
         <size>0x14</size>
         <input_file_ref idref="fl-4"/>
      </object_component>
      <object_component id="oc-17a">
         <name>.const:_ZTV7GPIO_UC</name>
         <load_address>0x1520</load_address>
         <run_address>0x1520</run_address>
         <size>0x14</size>
         <input_file_ref idref="fl-3"/>
      </object_component>
      <object_component id="oc-334">
         <name>.const:_ZTVN10__cxxabiv117__class_type_infoE</name>
         <load_address>0x1534</load_address>
         <run_address>0x1534</run_address>
         <size>0x10</size>
         <input_file_ref idref="fl-c2"/>
      </object_component>
      <object_component id="oc-311">
         <name>.const:_ZTVN10__cxxabiv120__si_class_type_infoE</name>
         <load_address>0x1544</load_address>
         <run_address>0x1544</run_address>
         <size>0x10</size>
         <input_file_ref idref="fl-c2"/>
      </object_component>
      <object_component id="oc-3ae">
         <name>.const:.typeinfo:_ZTSSt9type_info</name>
         <load_address>0x1554</load_address>
         <run_address>0x1554</run_address>
         <size>0xd</size>
         <input_file_ref idref="fl-c8"/>
      </object_component>
      <object_component id="oc-1e4">
         <name>.const:.typeinfo:_ZTI7GPIO_UC</name>
         <load_address>0x1564</load_address>
         <run_address>0x1564</run_address>
         <size>0xc</size>
         <input_file_ref idref="fl-3"/>
      </object_component>
      <object_component id="oc-362">
         <name>.const:.typeinfo:_ZTIN10__cxxabiv117__class_type_infoE</name>
         <load_address>0x1570</load_address>
         <run_address>0x1570</run_address>
         <size>0xc</size>
         <input_file_ref idref="fl-c2"/>
      </object_component>
      <object_component id="oc-34f">
         <name>.const:.typeinfo:_ZTIN10__cxxabiv120__si_class_type_infoE</name>
         <load_address>0x157c</load_address>
         <run_address>0x157c</run_address>
         <size>0xc</size>
         <input_file_ref idref="fl-c2"/>
      </object_component>
      <object_component id="oc-316">
         <name>.const:.typeinfo:_ZTS7GPIO_UC</name>
         <load_address>0x1588</load_address>
         <run_address>0x1588</run_address>
         <size>0x9</size>
         <input_file_ref idref="fl-3"/>
      </object_component>
      <object_component id="oc-2ea">
         <name>.const:.typeinfo:_ZTI3CIO</name>
         <load_address>0x1594</load_address>
         <run_address>0x1594</run_address>
         <size>0x8</size>
         <input_file_ref idref="fl-3"/>
      </object_component>
      <object_component id="oc-398">
         <name>.const:.typeinfo:_ZTISt9type_info</name>
         <load_address>0x159c</load_address>
         <run_address>0x159c</run_address>
         <size>0x8</size>
         <input_file_ref idref="fl-c8"/>
      </object_component>
      <object_component id="oc-339">
         <name>.const:.typeinfo:_ZTS3CIO</name>
         <load_address>0x15a4</load_address>
         <run_address>0x15a4</run_address>
         <size>0x5</size>
         <input_file_ref idref="fl-3"/>
      </object_component>
      <object_component id="oc-413">
         <name>.cinit..data.load</name>
         <load_address>0x15b0</load_address>
         <run_address>0x15b0</run_address>
         <size>0xc</size>
      </object_component>
      <object_component id="oc-410">
         <name>__TI_handler_table</name>
         <load_address>0x15bc</load_address>
         <run_address>0x15bc</run_address>
         <size>0xc</size>
      </object_component>
      <object_component id="oc-412">
         <name>.cinit..vtable.load</name>
         <load_address>0x15c8</load_address>
         <run_address>0x15c8</run_address>
         <size>0x8</size>
      </object_component>
      <object_component id="oc-411">
         <name>__TI_cinit_table</name>
         <load_address>0x15d0</load_address>
         <run_address>0x15d0</run_address>
         <size>0x10</size>
      </object_component>
      <object_component id="oc-308">
         <name>.vtable</name>
         <uninitialized>true</uninitialized>
         <run_address>0x20000000</run_address>
         <size>0x26c</size>
         <input_file_ref idref="fl-d5"/>
      </object_component>
      <object_component id="oc-17f">
         <name>.data</name>
         <load_address>0x20000480</load_address>
         <run_address>0x20000480</run_address>
         <size>0x4</size>
         <input_file_ref idref="fl-3"/>
      </object_component>
      <object_component id="oc-18e">
         <name>.data:$O1$$</name>
         <load_address>0x20000470</load_address>
         <run_address>0x20000470</run_address>
         <size>0x8</size>
         <input_file_ref idref="fl-d0"/>
      </object_component>
      <object_component id="oc-3e2">
         <name>.data:$O1$$</name>
         <load_address>0x20000478</load_address>
         <run_address>0x20000478</run_address>
         <size>0x8</size>
         <input_file_ref idref="fl-d2"/>
      </object_component>
      <object_component id="oc-25">
         <name>.sysmem</name>
         <uninitialized>true</uninitialized>
         <run_address>0x20000488</run_address>
         <size>0x10</size>
         <input_file_ref idref="fl-d2"/>
      </object_component>
      <object_component id="oc-415">
         <name>.sysmem</name>
         <uninitialized>true</uninitialized>
         <run_address>0x20000488</run_address>
         <size>0x0</size>
      </object_component>
      <object_component id="oc-22">
         <name>.stack</name>
         <uninitialized>true</uninitialized>
         <run_address>0x20000270</run_address>
         <size>0x4</size>
         <input_file_ref idref="fl-c6"/>
      </object_component>
      <object_component id="oc-414">
         <name>.stack</name>
         <uninitialized>true</uninitialized>
         <run_address>0x20000270</run_address>
         <size>0x0</size>
      </object_component>
      <object_component id="oc-12a">
         <name>.debug_info</name>
         <load_address>0x0</load_address>
         <run_address>0x0</run_address>
         <size>0x4a6</size>
         <input_file_ref idref="fl-2"/>
      </object_component>
      <object_component id="oc-d4">
         <name>.debug_info</name>
         <load_address>0x4a6</load_address>
         <run_address>0x4a6</run_address>
         <size>0x1410</size>
         <input_file_ref idref="fl-2"/>
      </object_component>
      <object_component id="oc-e0">
         <name>.debug_info</name>
         <load_address>0x18b6</load_address>
         <run_address>0x18b6</run_address>
         <size>0x122</size>
         <input_file_ref idref="fl-2"/>
      </object_component>
      <object_component id="oc-1b0">
         <name>.debug_info</name>
         <load_address>0x19d8</load_address>
         <run_address>0x19d8</run_address>
         <size>0x16a</size>
         <input_file_ref idref="fl-2"/>
      </object_component>
      <object_component id="oc-183">
         <name>.debug_info</name>
         <load_address>0x1b42</load_address>
         <run_address>0x1b42</run_address>
         <size>0xfc</size>
         <input_file_ref idref="fl-2"/>
      </object_component>
      <object_component id="oc-12c">
         <name>.debug_info</name>
         <load_address>0x1c3e</load_address>
         <run_address>0x1c3e</run_address>
         <size>0x8b</size>
         <input_file_ref idref="fl-2"/>
      </object_component>
      <object_component id="oc-188">
         <name>.debug_info</name>
         <load_address>0x1cc9</load_address>
         <run_address>0x1cc9</run_address>
         <size>0x14507</size>
         <input_file_ref idref="fl-3"/>
      </object_component>
      <object_component id="oc-17b">
         <name>.debug_info</name>
         <load_address>0x161d0</load_address>
         <run_address>0x161d0</run_address>
         <size>0x14e</size>
         <input_file_ref idref="fl-3"/>
      </object_component>
      <object_component id="oc-1e5">
         <name>.debug_info</name>
         <load_address>0x1631e</load_address>
         <run_address>0x1631e</run_address>
         <size>0x140</size>
         <input_file_ref idref="fl-3"/>
      </object_component>
      <object_component id="oc-2eb">
         <name>.debug_info</name>
         <load_address>0x1645e</load_address>
         <run_address>0x1645e</run_address>
         <size>0x138</size>
         <input_file_ref idref="fl-3"/>
      </object_component>
      <object_component id="oc-33a">
         <name>.debug_info</name>
         <load_address>0x16596</load_address>
         <run_address>0x16596</run_address>
         <size>0x13d</size>
         <input_file_ref idref="fl-3"/>
      </object_component>
      <object_component id="oc-317">
         <name>.debug_info</name>
         <load_address>0x166d3</load_address>
         <run_address>0x166d3</run_address>
         <size>0x145</size>
         <input_file_ref idref="fl-3"/>
      </object_component>
      <object_component id="oc-180">
         <name>.debug_info</name>
         <load_address>0x16818</load_address>
         <run_address>0x16818</run_address>
         <size>0x148</size>
         <input_file_ref idref="fl-3"/>
      </object_component>
      <object_component id="oc-da">
         <name>.debug_info</name>
         <load_address>0x16960</load_address>
         <run_address>0x16960</run_address>
         <size>0xc8a</size>
         <input_file_ref idref="fl-3"/>
      </object_component>
      <object_component id="oc-1ed">
         <name>.debug_info</name>
         <load_address>0x175ea</load_address>
         <run_address>0x175ea</run_address>
         <size>0x36fc</size>
         <input_file_ref idref="fl-3"/>
      </object_component>
      <object_component id="oc-1fc">
         <name>.debug_info</name>
         <load_address>0x1ace6</load_address>
         <run_address>0x1ace6</run_address>
         <size>0x13fc</size>
         <input_file_ref idref="fl-3"/>
      </object_component>
      <object_component id="oc-1f2">
         <name>.debug_info</name>
         <load_address>0x1c0e2</load_address>
         <run_address>0x1c0e2</run_address>
         <size>0x941</size>
         <input_file_ref idref="fl-3"/>
      </object_component>
      <object_component id="oc-1f7">
         <name>.debug_info</name>
         <load_address>0x1ca23</load_address>
         <run_address>0x1ca23</run_address>
         <size>0x1f1</size>
         <input_file_ref idref="fl-3"/>
      </object_component>
      <object_component id="oc-23d">
         <name>.debug_info</name>
         <load_address>0x1cc14</load_address>
         <run_address>0x1cc14</run_address>
         <size>0x2bb0</size>
         <input_file_ref idref="fl-3"/>
      </object_component>
      <object_component id="oc-21a">
         <name>.debug_info</name>
         <load_address>0x1f7c4</load_address>
         <run_address>0x1f7c4</run_address>
         <size>0x5318</size>
         <input_file_ref idref="fl-3"/>
      </object_component>
      <object_component id="oc-260">
         <name>.debug_info</name>
         <load_address>0x24adc</load_address>
         <run_address>0x24adc</run_address>
         <size>0x1c0</size>
         <input_file_ref idref="fl-3"/>
      </object_component>
      <object_component id="oc-2a6">
         <name>.debug_info</name>
         <load_address>0x24c9c</load_address>
         <run_address>0x24c9c</run_address>
         <size>0x4917</size>
         <input_file_ref idref="fl-3"/>
      </object_component>
      <object_component id="oc-201">
         <name>.debug_info</name>
         <load_address>0x295b3</load_address>
         <run_address>0x295b3</run_address>
         <size>0xaf9c</size>
         <input_file_ref idref="fl-3"/>
      </object_component>
      <object_component id="oc-26f">
         <name>.debug_info</name>
         <load_address>0x3454f</load_address>
         <run_address>0x3454f</run_address>
         <size>0x1c6</size>
         <input_file_ref idref="fl-3"/>
      </object_component>
      <object_component id="oc-20b">
         <name>.debug_info</name>
         <load_address>0x34715</load_address>
         <run_address>0x34715</run_address>
         <size>0x26e</size>
         <input_file_ref idref="fl-3"/>
      </object_component>
      <object_component id="oc-21f">
         <name>.debug_info</name>
         <load_address>0x34983</load_address>
         <run_address>0x34983</run_address>
         <size>0x3ad5</size>
         <input_file_ref idref="fl-3"/>
      </object_component>
      <object_component id="oc-206">
         <name>.debug_info</name>
         <load_address>0x38458</load_address>
         <run_address>0x38458</run_address>
         <size>0x763</size>
         <input_file_ref idref="fl-3"/>
      </object_component>
      <object_component id="oc-210">
         <name>.debug_info</name>
         <load_address>0x38bbb</load_address>
         <run_address>0x38bbb</run_address>
         <size>0x6a1</size>
         <input_file_ref idref="fl-3"/>
      </object_component>
      <object_component id="oc-238">
         <name>.debug_info</name>
         <load_address>0x3925c</load_address>
         <run_address>0x3925c</run_address>
         <size>0x2c</size>
         <input_file_ref idref="fl-3"/>
      </object_component>
      <object_component id="oc-2ba">
         <name>.debug_info</name>
         <load_address>0x39288</load_address>
         <run_address>0x39288</run_address>
         <size>0x198</size>
         <input_file_ref idref="fl-3"/>
      </object_component>
      <object_component id="oc-2ab">
         <name>.debug_info</name>
         <load_address>0x39420</load_address>
         <run_address>0x39420</run_address>
         <size>0x201</size>
         <input_file_ref idref="fl-3"/>
      </object_component>
      <object_component id="oc-233">
         <name>.debug_info</name>
         <load_address>0x39621</load_address>
         <run_address>0x39621</run_address>
         <size>0x25f</size>
         <input_file_ref idref="fl-3"/>
      </object_component>
      <object_component id="oc-279">
         <name>.debug_info</name>
         <load_address>0x39880</load_address>
         <run_address>0x39880</run_address>
         <size>0x11e</size>
         <input_file_ref idref="fl-3"/>
      </object_component>
      <object_component id="oc-2b5">
         <name>.debug_info</name>
         <load_address>0x3999e</load_address>
         <run_address>0x3999e</run_address>
         <size>0x2e9</size>
         <input_file_ref idref="fl-3"/>
      </object_component>
      <object_component id="oc-274">
         <name>.debug_info</name>
         <load_address>0x39c87</load_address>
         <run_address>0x39c87</run_address>
         <size>0xea</size>
         <input_file_ref idref="fl-3"/>
      </object_component>
      <object_component id="oc-28d">
         <name>.debug_info</name>
         <load_address>0x39d71</load_address>
         <run_address>0x39d71</run_address>
         <size>0x878</size>
         <input_file_ref idref="fl-3"/>
      </object_component>
      <object_component id="oc-24c">
         <name>.debug_info</name>
         <load_address>0x3a5e9</load_address>
         <run_address>0x3a5e9</run_address>
         <size>0xa0a</size>
         <input_file_ref idref="fl-3"/>
      </object_component>
      <object_component id="oc-29c">
         <name>.debug_info</name>
         <load_address>0x3aff3</load_address>
         <run_address>0x3aff3</run_address>
         <size>0x2c9</size>
         <input_file_ref idref="fl-3"/>
      </object_component>
      <object_component id="oc-320">
         <name>.debug_info</name>
         <load_address>0x3b2bc</load_address>
         <run_address>0x3b2bc</run_address>
         <size>0xef</size>
         <input_file_ref idref="fl-3"/>
      </object_component>
      <object_component id="oc-26a">
         <name>.debug_info</name>
         <load_address>0x3b3ab</load_address>
         <run_address>0x3b3ab</run_address>
         <size>0xbb</size>
         <input_file_ref idref="fl-3"/>
      </object_component>
      <object_component id="oc-288">
         <name>.debug_info</name>
         <load_address>0x3b466</load_address>
         <run_address>0x3b466</run_address>
         <size>0x2a1</size>
         <input_file_ref idref="fl-3"/>
      </object_component>
      <object_component id="oc-224">
         <name>.debug_info</name>
         <load_address>0x3b707</load_address>
         <run_address>0x3b707</run_address>
         <size>0x4fb</size>
         <input_file_ref idref="fl-3"/>
      </object_component>
      <object_component id="oc-22e">
         <name>.debug_info</name>
         <load_address>0x3bc02</load_address>
         <run_address>0x3bc02</run_address>
         <size>0x1ae7</size>
         <input_file_ref idref="fl-3"/>
      </object_component>
      <object_component id="oc-247">
         <name>.debug_info</name>
         <load_address>0x3d6e9</load_address>
         <run_address>0x3d6e9</run_address>
         <size>0x8c5</size>
         <input_file_ref idref="fl-3"/>
      </object_component>
      <object_component id="oc-251">
         <name>.debug_info</name>
         <load_address>0x3dfae</load_address>
         <run_address>0x3dfae</run_address>
         <size>0xa1</size>
         <input_file_ref idref="fl-3"/>
      </object_component>
      <object_component id="oc-256">
         <name>.debug_info</name>
         <load_address>0x3e04f</load_address>
         <run_address>0x3e04f</run_address>
         <size>0x1c7</size>
         <input_file_ref idref="fl-3"/>
      </object_component>
      <object_component id="oc-25b">
         <name>.debug_info</name>
         <load_address>0x3e216</load_address>
         <run_address>0x3e216</run_address>
         <size>0x1db</size>
         <input_file_ref idref="fl-3"/>
      </object_component>
      <object_component id="oc-215">
         <name>.debug_info</name>
         <load_address>0x3e3f1</load_address>
         <run_address>0x3e3f1</run_address>
         <size>0x60</size>
         <input_file_ref idref="fl-3"/>
      </object_component>
      <object_component id="oc-31b">
         <name>.debug_info</name>
         <load_address>0x3e451</load_address>
         <run_address>0x3e451</run_address>
         <size>0x39</size>
         <input_file_ref idref="fl-3"/>
      </object_component>
      <object_component id="oc-292">
         <name>.debug_info</name>
         <load_address>0x3e48a</load_address>
         <run_address>0x3e48a</run_address>
         <size>0xe4</size>
         <input_file_ref idref="fl-3"/>
      </object_component>
      <object_component id="oc-265">
         <name>.debug_info</name>
         <load_address>0x3e56e</load_address>
         <run_address>0x3e56e</run_address>
         <size>0x2a8d</size>
         <input_file_ref idref="fl-3"/>
      </object_component>
      <object_component id="oc-242">
         <name>.debug_info</name>
         <load_address>0x40ffb</load_address>
         <run_address>0x40ffb</run_address>
         <size>0xda3</size>
         <input_file_ref idref="fl-3"/>
      </object_component>
      <object_component id="oc-229">
         <name>.debug_info</name>
         <load_address>0x41d9e</load_address>
         <run_address>0x41d9e</run_address>
         <size>0x519</size>
         <input_file_ref idref="fl-3"/>
      </object_component>
      <object_component id="oc-27e">
         <name>.debug_info</name>
         <load_address>0x422b7</load_address>
         <run_address>0x422b7</run_address>
         <size>0x626</size>
         <input_file_ref idref="fl-3"/>
      </object_component>
      <object_component id="oc-283">
         <name>.debug_info</name>
         <load_address>0x428dd</load_address>
         <run_address>0x428dd</run_address>
         <size>0x1560</size>
         <input_file_ref idref="fl-3"/>
      </object_component>
      <object_component id="oc-297">
         <name>.debug_info</name>
         <load_address>0x43e3d</load_address>
         <run_address>0x43e3d</run_address>
         <size>0x401</size>
         <input_file_ref idref="fl-3"/>
      </object_component>
      <object_component id="oc-2a1">
         <name>.debug_info</name>
         <load_address>0x4423e</load_address>
         <run_address>0x4423e</run_address>
         <size>0x35</size>
         <input_file_ref idref="fl-3"/>
      </object_component>
      <object_component id="oc-2b0">
         <name>.debug_info</name>
         <load_address>0x44273</load_address>
         <run_address>0x44273</run_address>
         <size>0x21e</size>
         <input_file_ref idref="fl-3"/>
      </object_component>
      <object_component id="oc-2bf">
         <name>.debug_info</name>
         <load_address>0x44491</load_address>
         <run_address>0x44491</run_address>
         <size>0x23f</size>
         <input_file_ref idref="fl-3"/>
      </object_component>
      <object_component id="oc-2c4">
         <name>.debug_info</name>
         <load_address>0x446d0</load_address>
         <run_address>0x446d0</run_address>
         <size>0x7c</size>
         <input_file_ref idref="fl-3"/>
      </object_component>
      <object_component id="oc-1b5">
         <name>.debug_info</name>
         <load_address>0x4474c</load_address>
         <run_address>0x4474c</run_address>
         <size>0x83a</size>
         <input_file_ref idref="fl-4"/>
      </object_component>
      <object_component id="oc-1ab">
         <name>.debug_info</name>
         <load_address>0x44f86</load_address>
         <run_address>0x44f86</run_address>
         <size>0x141</size>
         <input_file_ref idref="fl-4"/>
      </object_component>
      <object_component id="oc-124">
         <name>.debug_info</name>
         <load_address>0x450c7</load_address>
         <run_address>0x450c7</run_address>
         <size>0x8c5</size>
         <input_file_ref idref="fl-4"/>
      </object_component>
      <object_component id="oc-a1">
         <name>.debug_info</name>
         <load_address>0x4598c</load_address>
         <run_address>0x4598c</run_address>
         <size>0x27a</size>
         <input_file_ref idref="fl-5"/>
      </object_component>
      <object_component id="oc-37">
         <name>.debug_info</name>
         <load_address>0x45c06</load_address>
         <run_address>0x45c06</run_address>
         <size>0x84</size>
         <input_file_ref idref="fl-5"/>
      </object_component>
      <object_component id="oc-30">
         <name>.debug_info</name>
         <load_address>0x45c8a</load_address>
         <run_address>0x45c8a</run_address>
         <size>0x2d5</size>
         <input_file_ref idref="fl-6"/>
      </object_component>
      <object_component id="oc-11">
         <name>.debug_info</name>
         <load_address>0x45f5f</load_address>
         <run_address>0x45f5f</run_address>
         <size>0x114</size>
         <input_file_ref idref="fl-6"/>
      </object_component>
      <object_component id="oc-29">
         <name>.debug_info</name>
         <load_address>0x46073</load_address>
         <run_address>0x46073</run_address>
         <size>0x2b0</size>
         <input_file_ref idref="fl-6"/>
      </object_component>
      <object_component id="oc-75">
         <name>.debug_info</name>
         <load_address>0x46323</load_address>
         <run_address>0x46323</run_address>
         <size>0x26b</size>
         <input_file_ref idref="fl-6"/>
      </object_component>
      <object_component id="oc-be">
         <name>.debug_info</name>
         <load_address>0x4658e</load_address>
         <run_address>0x4658e</run_address>
         <size>0x297</size>
         <input_file_ref idref="fl-6"/>
      </object_component>
      <object_component id="oc-7a">
         <name>.debug_info</name>
         <load_address>0x46825</load_address>
         <run_address>0x46825</run_address>
         <size>0xbb</size>
         <input_file_ref idref="fl-6"/>
      </object_component>
      <object_component id="oc-2f3">
         <name>.debug_info</name>
         <load_address>0x468e0</load_address>
         <run_address>0x468e0</run_address>
         <size>0x169</size>
         <input_file_ref idref="fl-c1"/>
      </object_component>
      <object_component id="oc-35f">
         <name>.debug_info</name>
         <load_address>0x46a49</load_address>
         <run_address>0x46a49</run_address>
         <size>0x8a0</size>
         <input_file_ref idref="fl-c2"/>
      </object_component>
      <object_component id="oc-335">
         <name>.debug_info</name>
         <load_address>0x472e9</load_address>
         <run_address>0x472e9</run_address>
         <size>0x155</size>
         <input_file_ref idref="fl-c2"/>
      </object_component>
      <object_component id="oc-312">
         <name>.debug_info</name>
         <load_address>0x4743e</load_address>
         <run_address>0x4743e</run_address>
         <size>0x15b</size>
         <input_file_ref idref="fl-c2"/>
      </object_component>
      <object_component id="oc-363">
         <name>.debug_info</name>
         <load_address>0x47599</load_address>
         <run_address>0x47599</run_address>
         <size>0x147</size>
         <input_file_ref idref="fl-c2"/>
      </object_component>
      <object_component id="oc-350">
         <name>.debug_info</name>
         <load_address>0x476e0</load_address>
         <run_address>0x476e0</run_address>
         <size>0x14d</size>
         <input_file_ref idref="fl-c2"/>
      </object_component>
      <object_component id="oc-394">
         <name>.debug_info</name>
         <load_address>0x4782d</load_address>
         <run_address>0x4782d</run_address>
         <size>0x14c</size>
         <input_file_ref idref="fl-c2"/>
      </object_component>
      <object_component id="oc-375">
         <name>.debug_info</name>
         <load_address>0x47979</load_address>
         <run_address>0x47979</run_address>
         <size>0x152</size>
         <input_file_ref idref="fl-c2"/>
      </object_component>
      <object_component id="oc-368">
         <name>.debug_info</name>
         <load_address>0x47acb</load_address>
         <run_address>0x47acb</run_address>
         <size>0x18f</size>
         <input_file_ref idref="fl-c2"/>
      </object_component>
      <object_component id="oc-355">
         <name>.debug_info</name>
         <load_address>0x47c5a</load_address>
         <run_address>0x47c5a</run_address>
         <size>0x1a8</size>
         <input_file_ref idref="fl-c2"/>
      </object_component>
      <object_component id="oc-35b">
         <name>.debug_info</name>
         <load_address>0x47e02</load_address>
         <run_address>0x47e02</run_address>
         <size>0x19c</size>
         <input_file_ref idref="fl-c2"/>
      </object_component>
      <object_component id="oc-36e">
         <name>.debug_info</name>
         <load_address>0x47f9e</load_address>
         <run_address>0x47f9e</run_address>
         <size>0x183</size>
         <input_file_ref idref="fl-c2"/>
      </object_component>
      <object_component id="oc-37a">
         <name>.debug_info</name>
         <load_address>0x48121</load_address>
         <run_address>0x48121</run_address>
         <size>0x59b</size>
         <input_file_ref idref="fl-c2"/>
      </object_component>
      <object_component id="oc-389">
         <name>.debug_info</name>
         <load_address>0x486bc</load_address>
         <run_address>0x486bc</run_address>
         <size>0x2c</size>
         <input_file_ref idref="fl-c2"/>
      </object_component>
      <object_component id="oc-38e">
         <name>.debug_info</name>
         <load_address>0x486e8</load_address>
         <run_address>0x486e8</run_address>
         <size>0x110</size>
         <input_file_ref idref="fl-c2"/>
      </object_component>
      <object_component id="oc-93">
         <name>.debug_info</name>
         <load_address>0x487f8</load_address>
         <run_address>0x487f8</run_address>
         <size>0x2d4</size>
         <input_file_ref idref="fl-c3"/>
      </object_component>
      <object_component id="oc-4a">
         <name>.debug_info</name>
         <load_address>0x48acc</load_address>
         <run_address>0x48acc</run_address>
         <size>0x1bf</size>
         <input_file_ref idref="fl-c3"/>
      </object_component>
      <object_component id="oc-8e">
         <name>.debug_info</name>
         <load_address>0x48c8b</load_address>
         <run_address>0x48c8b</run_address>
         <size>0x46</size>
         <input_file_ref idref="fl-c3"/>
      </object_component>
      <object_component id="oc-ca">
         <name>.debug_info</name>
         <load_address>0x48cd1</load_address>
         <run_address>0x48cd1</run_address>
         <size>0x2c</size>
         <input_file_ref idref="fl-c3"/>
      </object_component>
      <object_component id="oc-47">
         <name>.debug_info</name>
         <load_address>0x48cfd</load_address>
         <run_address>0x48cfd</run_address>
         <size>0x2a8</size>
         <input_file_ref idref="fl-c4"/>
      </object_component>
      <object_component id="oc-1a">
         <name>.debug_info</name>
         <load_address>0x48fa5</load_address>
         <run_address>0x48fa5</run_address>
         <size>0x1ea</size>
         <input_file_ref idref="fl-c4"/>
      </object_component>
      <object_component id="oc-42">
         <name>.debug_info</name>
         <load_address>0x4918f</load_address>
         <run_address>0x4918f</run_address>
         <size>0x46</size>
         <input_file_ref idref="fl-c4"/>
      </object_component>
      <object_component id="oc-86">
         <name>.debug_info</name>
         <load_address>0x491d5</load_address>
         <run_address>0x491d5</run_address>
         <size>0x2c</size>
         <input_file_ref idref="fl-c4"/>
      </object_component>
      <object_component id="oc-84">
         <name>.debug_info</name>
         <load_address>0x49201</load_address>
         <run_address>0x49201</run_address>
         <size>0x29e</size>
         <input_file_ref idref="fl-c5"/>
      </object_component>
      <object_component id="oc-14">
         <name>.debug_info</name>
         <load_address>0x4949f</load_address>
         <run_address>0x4949f</run_address>
         <size>0x250</size>
         <input_file_ref idref="fl-c5"/>
      </object_component>
      <object_component id="oc-32">
         <name>.debug_info</name>
         <load_address>0x496ef</load_address>
         <run_address>0x496ef</run_address>
         <size>0x60</size>
         <input_file_ref idref="fl-c5"/>
      </object_component>
      <object_component id="oc-c3">
         <name>.debug_info</name>
         <load_address>0x4974f</load_address>
         <run_address>0x4974f</run_address>
         <size>0x46</size>
         <input_file_ref idref="fl-c5"/>
      </object_component>
      <object_component id="oc-7f">
         <name>.debug_info</name>
         <load_address>0x49795</load_address>
         <run_address>0x49795</run_address>
         <size>0x39</size>
         <input_file_ref idref="fl-c5"/>
      </object_component>
      <object_component id="oc-23">
         <name>.debug_info</name>
         <load_address>0x497ce</load_address>
         <run_address>0x497ce</run_address>
         <size>0x10b</size>
         <input_file_ref idref="fl-c6"/>
      </object_component>
      <object_component id="oc-5d">
         <name>.debug_info</name>
         <load_address>0x498d9</load_address>
         <run_address>0x498d9</run_address>
         <size>0x1a9</size>
         <input_file_ref idref="fl-c6"/>
      </object_component>
      <object_component id="oc-3ac">
         <name>.debug_info</name>
         <load_address>0x49a82</load_address>
         <run_address>0x49a82</run_address>
         <size>0x33b</size>
         <input_file_ref idref="fl-c7"/>
      </object_component>
      <object_component id="oc-3a8">
         <name>.debug_info</name>
         <load_address>0x49dbd</load_address>
         <run_address>0x49dbd</run_address>
         <size>0x17b</size>
         <input_file_ref idref="fl-c7"/>
      </object_component>
      <object_component id="oc-381">
         <name>.debug_info</name>
         <load_address>0x49f38</load_address>
         <run_address>0x49f38</run_address>
         <size>0x178</size>
         <input_file_ref idref="fl-c7"/>
      </object_component>
      <object_component id="oc-3c4">
         <name>.debug_info</name>
         <load_address>0x4a0b0</load_address>
         <run_address>0x4a0b0</run_address>
         <size>0x6c</size>
         <input_file_ref idref="fl-c7"/>
      </object_component>
      <object_component id="oc-3b3">
         <name>.debug_info</name>
         <load_address>0x4a11c</load_address>
         <run_address>0x4a11c</run_address>
         <size>0x6a7</size>
         <input_file_ref idref="fl-c8"/>
      </object_component>
      <object_component id="oc-399">
         <name>.debug_info</name>
         <load_address>0x4a7c3</load_address>
         <run_address>0x4a7c3</run_address>
         <size>0x12c</size>
         <input_file_ref idref="fl-c8"/>
      </object_component>
      <object_component id="oc-3af">
         <name>.debug_info</name>
         <load_address>0x4a8ef</load_address>
         <run_address>0x4a8ef</run_address>
         <size>0x131</size>
         <input_file_ref idref="fl-c8"/>
      </object_component>
      <object_component id="oc-39e">
         <name>.debug_info</name>
         <load_address>0x4aa20</load_address>
         <run_address>0x4aa20</run_address>
         <size>0x177</size>
         <input_file_ref idref="fl-c8"/>
      </object_component>
      <object_component id="oc-3cb">
         <name>.debug_info</name>
         <load_address>0x4ab97</load_address>
         <run_address>0x4ab97</run_address>
         <size>0x2c</size>
         <input_file_ref idref="fl-c8"/>
      </object_component>
      <object_component id="oc-3b6">
         <name>.debug_info</name>
         <load_address>0x4abc3</load_address>
         <run_address>0x4abc3</run_address>
         <size>0x21e</size>
         <input_file_ref idref="fl-c8"/>
      </object_component>
      <object_component id="oc-3d0">
         <name>.debug_info</name>
         <load_address>0x4ade1</load_address>
         <run_address>0x4ade1</run_address>
         <size>0x9c</size>
         <input_file_ref idref="fl-c8"/>
      </object_component>
      <object_component id="oc-341">
         <name>.debug_info</name>
         <load_address>0x4ae7d</load_address>
         <run_address>0x4ae7d</run_address>
         <size>0x168</size>
         <input_file_ref idref="fl-c9"/>
      </object_component>
      <object_component id="oc-3f">
         <name>.debug_info</name>
         <load_address>0x4afe5</load_address>
         <run_address>0x4afe5</run_address>
         <size>0x11c</size>
         <input_file_ref idref="fl-cb"/>
      </object_component>
      <object_component id="oc-195">
         <name>.debug_info</name>
         <load_address>0x4b101</load_address>
         <run_address>0x4b101</run_address>
         <size>0x4b3</size>
         <input_file_ref idref="fl-cc"/>
      </object_component>
      <object_component id="oc-f4">
         <name>.debug_info</name>
         <load_address>0x4b5b4</load_address>
         <run_address>0x4b5b4</run_address>
         <size>0x1a6</size>
         <input_file_ref idref="fl-cc"/>
      </object_component>
      <object_component id="oc-2d9">
         <name>.debug_info</name>
         <load_address>0x4b75a</load_address>
         <run_address>0x4b75a</run_address>
         <size>0x39</size>
         <input_file_ref idref="fl-cc"/>
      </object_component>
      <object_component id="oc-328">
         <name>.debug_info</name>
         <load_address>0x4b793</load_address>
         <run_address>0x4b793</run_address>
         <size>0x39</size>
         <input_file_ref idref="fl-cc"/>
      </object_component>
      <object_component id="oc-2de">
         <name>.debug_info</name>
         <load_address>0x4b7cc</load_address>
         <run_address>0x4b7cc</run_address>
         <size>0x39</size>
         <input_file_ref idref="fl-cc"/>
      </object_component>
      <object_component id="oc-2e3">
         <name>.debug_info</name>
         <load_address>0x4b805</load_address>
         <run_address>0x4b805</run_address>
         <size>0xcd</size>
         <input_file_ref idref="fl-cc"/>
      </object_component>
      <object_component id="oc-9b">
         <name>.debug_info</name>
         <load_address>0x4b8d2</load_address>
         <run_address>0x4b8d2</run_address>
         <size>0x153</size>
         <input_file_ref idref="fl-cd"/>
      </object_component>
      <object_component id="oc-e6">
         <name>.debug_info</name>
         <load_address>0x4ba25</load_address>
         <run_address>0x4ba25</run_address>
         <size>0x122</size>
         <input_file_ref idref="fl-cf"/>
      </object_component>
      <object_component id="oc-2d3">
         <name>.debug_info</name>
         <load_address>0x4bb47</load_address>
         <run_address>0x4bb47</run_address>
         <size>0x2c9</size>
         <input_file_ref idref="fl-d0"/>
      </object_component>
      <object_component id="oc-18f">
         <name>.debug_info</name>
         <load_address>0x4be10</load_address>
         <run_address>0x4be10</run_address>
         <size>0x11e</size>
         <input_file_ref idref="fl-d0"/>
      </object_component>
      <object_component id="oc-2cc">
         <name>.debug_info</name>
         <load_address>0x4bf2e</load_address>
         <run_address>0x4bf2e</run_address>
         <size>0x12e</size>
         <input_file_ref idref="fl-d0"/>
      </object_component>
      <object_component id="oc-70">
         <name>.debug_info</name>
         <load_address>0x4c05c</load_address>
         <run_address>0x4c05c</run_address>
         <size>0x3b2</size>
         <input_file_ref idref="fl-d2"/>
      </object_component>
      <object_component id="oc-26">
         <name>.debug_info</name>
         <load_address>0x4c40e</load_address>
         <run_address>0x4c40e</run_address>
         <size>0x10c</size>
         <input_file_ref idref="fl-d2"/>
      </object_component>
      <object_component id="oc-3e3">
         <name>.debug_info</name>
         <load_address>0x4c51a</load_address>
         <run_address>0x4c51a</run_address>
         <size>0x13f</size>
         <input_file_ref idref="fl-d2"/>
      </object_component>
      <object_component id="oc-3d6">
         <name>.debug_info</name>
         <load_address>0x4c659</load_address>
         <run_address>0x4c659</run_address>
         <size>0x18e</size>
         <input_file_ref idref="fl-d2"/>
      </object_component>
      <object_component id="oc-3dd">
         <name>.debug_info</name>
         <load_address>0x4c7e7</load_address>
         <run_address>0x4c7e7</run_address>
         <size>0x19f</size>
         <input_file_ref idref="fl-d2"/>
      </object_component>
      <object_component id="oc-3bd">
         <name>.debug_info</name>
         <load_address>0x4c986</load_address>
         <run_address>0x4c986</run_address>
         <size>0x203</size>
         <input_file_ref idref="fl-d2"/>
      </object_component>
      <object_component id="oc-b9">
         <name>.debug_info</name>
         <load_address>0x4cb89</load_address>
         <run_address>0x4cb89</run_address>
         <size>0xb2</size>
         <input_file_ref idref="fl-d2"/>
      </object_component>
      <object_component id="oc-b4">
         <name>.debug_info</name>
         <load_address>0x4cc3b</load_address>
         <run_address>0x4cc3b</run_address>
         <size>0x2c</size>
         <input_file_ref idref="fl-d2"/>
      </object_component>
      <object_component id="oc-1bf">
         <name>.debug_info</name>
         <load_address>0x4cc67</load_address>
         <run_address>0x4cc67</run_address>
         <size>0x240</size>
         <input_file_ref idref="fl-d4"/>
      </object_component>
      <object_component id="oc-302">
         <name>.debug_info</name>
         <load_address>0x4cea7</load_address>
         <run_address>0x4cea7</run_address>
         <size>0x167</size>
         <input_file_ref idref="fl-d4"/>
      </object_component>
      <object_component id="oc-305">
         <name>.debug_info</name>
         <load_address>0x4d00e</load_address>
         <run_address>0x4d00e</run_address>
         <size>0x169</size>
         <input_file_ref idref="fl-d4"/>
      </object_component>
      <object_component id="oc-175">
         <name>.debug_info</name>
         <load_address>0x4d177</load_address>
         <run_address>0x4d177</run_address>
         <size>0x2a3</size>
         <input_file_ref idref="fl-d4"/>
      </object_component>
      <object_component id="oc-1c6">
         <name>.debug_info</name>
         <load_address>0x4d41a</load_address>
         <run_address>0x4d41a</run_address>
         <size>0x2b3</size>
         <input_file_ref idref="fl-d4"/>
      </object_component>
      <object_component id="oc-15e">
         <name>.debug_info</name>
         <load_address>0x4d6cd</load_address>
         <run_address>0x4d6cd</run_address>
         <size>0x316</size>
         <input_file_ref idref="fl-d4"/>
      </object_component>
      <object_component id="oc-151">
         <name>.debug_info</name>
         <load_address>0x4d9e3</load_address>
         <run_address>0x4d9e3</run_address>
         <size>0x2b7</size>
         <input_file_ref idref="fl-d4"/>
      </object_component>
      <object_component id="oc-157">
         <name>.debug_info</name>
         <load_address>0x4dc9a</load_address>
         <run_address>0x4dc9a</run_address>
         <size>0x285</size>
         <input_file_ref idref="fl-d4"/>
      </object_component>
      <object_component id="oc-1cf">
         <name>.debug_info</name>
         <load_address>0x4df1f</load_address>
         <run_address>0x4df1f</run_address>
         <size>0x298</size>
         <input_file_ref idref="fl-d4"/>
      </object_component>
      <object_component id="oc-169">
         <name>.debug_info</name>
         <load_address>0x4e1b7</load_address>
         <run_address>0x4e1b7</run_address>
         <size>0x2bb</size>
         <input_file_ref idref="fl-d4"/>
      </object_component>
      <object_component id="oc-133">
         <name>.debug_info</name>
         <load_address>0x4e472</load_address>
         <run_address>0x4e472</run_address>
         <size>0x27f</size>
         <input_file_ref idref="fl-d4"/>
      </object_component>
      <object_component id="oc-163">
         <name>.debug_info</name>
         <load_address>0x4e6f1</load_address>
         <run_address>0x4e6f1</run_address>
         <size>0x2cf</size>
         <input_file_ref idref="fl-d4"/>
      </object_component>
      <object_component id="oc-16f">
         <name>.debug_info</name>
         <load_address>0x4e9c0</load_address>
         <run_address>0x4e9c0</run_address>
         <size>0x28f</size>
         <input_file_ref idref="fl-d4"/>
      </object_component>
      <object_component id="oc-139">
         <name>.debug_info</name>
         <load_address>0x4ec4f</load_address>
         <run_address>0x4ec4f</run_address>
         <size>0x28d</size>
         <input_file_ref idref="fl-d4"/>
      </object_component>
      <object_component id="oc-1ba">
         <name>.debug_info</name>
         <load_address>0x4eedc</load_address>
         <run_address>0x4eedc</run_address>
         <size>0x18b</size>
         <input_file_ref idref="fl-d4"/>
      </object_component>
      <object_component id="oc-30c">
         <name>.debug_info</name>
         <load_address>0x4f067</load_address>
         <run_address>0x4f067</run_address>
         <size>0x20e</size>
         <input_file_ref idref="fl-d5"/>
      </object_component>
      <object_component id="oc-30e">
         <name>.debug_info</name>
         <load_address>0x4f275</load_address>
         <run_address>0x4f275</run_address>
         <size>0x210</size>
         <input_file_ref idref="fl-d5"/>
      </object_component>
      <object_component id="oc-309">
         <name>.debug_info</name>
         <load_address>0x4f485</load_address>
         <run_address>0x4f485</run_address>
         <size>0x157</size>
         <input_file_ref idref="fl-d5"/>
      </object_component>
      <object_component id="oc-1d5">
         <name>.debug_info</name>
         <load_address>0x4f5dc</load_address>
         <run_address>0x4f5dc</run_address>
         <size>0x2c1</size>
         <input_file_ref idref="fl-d5"/>
      </object_component>
      <object_component id="oc-1db">
         <name>.debug_info</name>
         <load_address>0x4f89d</load_address>
         <run_address>0x4f89d</run_address>
         <size>0x268</size>
         <input_file_ref idref="fl-d5"/>
      </object_component>
      <object_component id="oc-1c2">
         <name>.debug_info</name>
         <load_address>0x4fb05</load_address>
         <run_address>0x4fb05</run_address>
         <size>0x298</size>
         <input_file_ref idref="fl-d6"/>
      </object_component>
      <object_component id="oc-14b">
         <name>.debug_info</name>
         <load_address>0x4fd9d</load_address>
         <run_address>0x4fd9d</run_address>
         <size>0x27f</size>
         <input_file_ref idref="fl-d6"/>
      </object_component>
      <object_component id="oc-145">
         <name>.debug_info</name>
         <load_address>0x5001c</load_address>
         <run_address>0x5001c</run_address>
         <size>0x27d</size>
         <input_file_ref idref="fl-d6"/>
      </object_component>
      <object_component id="oc-13f">
         <name>.debug_info</name>
         <load_address>0x50299</load_address>
         <run_address>0x50299</run_address>
         <size>0x2db</size>
         <input_file_ref idref="fl-d6"/>
      </object_component>
      <object_component id="oc-2fb">
         <name>.debug_info</name>
         <load_address>0x50574</load_address>
         <run_address>0x50574</run_address>
         <size>0x5f</size>
         <input_file_ref idref="fl-d6"/>
      </object_component>
      <object_component id="oc-416">
         <name>.debug_info</name>
         <load_address>0x505d3</load_address>
         <run_address>0x505d3</run_address>
         <size>0xc6</size>
      </object_component>
      <object_component id="oc-1b8">
         <name>.debug_line</name>
         <load_address>0x0</load_address>
         <run_address>0x0</run_address>
         <size>0xa9</size>
         <input_file_ref idref="fl-2"/>
      </object_component>
      <object_component id="oc-d7">
         <name>.debug_line</name>
         <load_address>0xa9</load_address>
         <run_address>0xa9</run_address>
         <size>0x214</size>
         <input_file_ref idref="fl-2"/>
      </object_component>
      <object_component id="oc-e3">
         <name>.debug_line</name>
         <load_address>0x2bd</load_address>
         <run_address>0x2bd</run_address>
         <size>0x63</size>
         <input_file_ref idref="fl-2"/>
      </object_component>
      <object_component id="oc-1b3">
         <name>.debug_line</name>
         <load_address>0x320</load_address>
         <run_address>0x320</run_address>
         <size>0x62</size>
         <input_file_ref idref="fl-2"/>
      </object_component>
      <object_component id="oc-186">
         <name>.debug_line</name>
         <load_address>0x382</load_address>
         <run_address>0x382</run_address>
         <size>0x67</size>
         <input_file_ref idref="fl-2"/>
      </object_component>
      <object_component id="oc-12f">
         <name>.debug_line</name>
         <load_address>0x3e9</load_address>
         <run_address>0x3e9</run_address>
         <size>0x20</size>
         <input_file_ref idref="fl-2"/>
      </object_component>
      <object_component id="oc-1ec">
         <name>.debug_line</name>
         <load_address>0x409</load_address>
         <run_address>0x409</run_address>
         <size>0x119</size>
         <input_file_ref idref="fl-3"/>
      </object_component>
      <object_component id="oc-17e">
         <name>.debug_line</name>
         <load_address>0x522</load_address>
         <run_address>0x522</run_address>
         <size>0x69</size>
         <input_file_ref idref="fl-3"/>
      </object_component>
      <object_component id="oc-1e8">
         <name>.debug_line</name>
         <load_address>0x58b</load_address>
         <run_address>0x58b</run_address>
         <size>0x69</size>
         <input_file_ref idref="fl-3"/>
      </object_component>
      <object_component id="oc-2ee">
         <name>.debug_line</name>
         <load_address>0x5f4</load_address>
         <run_address>0x5f4</run_address>
         <size>0x69</size>
         <input_file_ref idref="fl-3"/>
      </object_component>
      <object_component id="oc-33d">
         <name>.debug_line</name>
         <load_address>0x65d</load_address>
         <run_address>0x65d</run_address>
         <size>0x69</size>
         <input_file_ref idref="fl-3"/>
      </object_component>
      <object_component id="oc-31a">
         <name>.debug_line</name>
         <load_address>0x6c6</load_address>
         <run_address>0x6c6</run_address>
         <size>0x69</size>
         <input_file_ref idref="fl-3"/>
      </object_component>
      <object_component id="oc-1ea">
         <name>.debug_line</name>
         <load_address>0x72f</load_address>
         <run_address>0x72f</run_address>
         <size>0x69</size>
         <input_file_ref idref="fl-3"/>
      </object_component>
      <object_component id="oc-dd">
         <name>.debug_line</name>
         <load_address>0x798</load_address>
         <run_address>0x798</run_address>
         <size>0x17e</size>
         <input_file_ref idref="fl-3"/>
      </object_component>
      <object_component id="oc-1f0">
         <name>.debug_line</name>
         <load_address>0x916</load_address>
         <run_address>0x916</run_address>
         <size>0x6a</size>
         <input_file_ref idref="fl-3"/>
      </object_component>
      <object_component id="oc-1ff">
         <name>.debug_line</name>
         <load_address>0x980</load_address>
         <run_address>0x980</run_address>
         <size>0x6b</size>
         <input_file_ref idref="fl-3"/>
      </object_component>
      <object_component id="oc-1f5">
         <name>.debug_line</name>
         <load_address>0x9eb</load_address>
         <run_address>0x9eb</run_address>
         <size>0xb7</size>
         <input_file_ref idref="fl-3"/>
      </object_component>
      <object_component id="oc-1fa">
         <name>.debug_line</name>
         <load_address>0xaa2</load_address>
         <run_address>0xaa2</run_address>
         <size>0x63</size>
         <input_file_ref idref="fl-3"/>
      </object_component>
      <object_component id="oc-240">
         <name>.debug_line</name>
         <load_address>0xb05</load_address>
         <run_address>0xb05</run_address>
         <size>0xb6</size>
         <input_file_ref idref="fl-3"/>
      </object_component>
      <object_component id="oc-21d">
         <name>.debug_line</name>
         <load_address>0xbbb</load_address>
         <run_address>0xbbb</run_address>
         <size>0x6a</size>
         <input_file_ref idref="fl-3"/>
      </object_component>
      <object_component id="oc-263">
         <name>.debug_line</name>
         <load_address>0xc25</load_address>
         <run_address>0xc25</run_address>
         <size>0x6d</size>
         <input_file_ref idref="fl-3"/>
      </object_component>
      <object_component id="oc-2a9">
         <name>.debug_line</name>
         <load_address>0xc92</load_address>
         <run_address>0xc92</run_address>
         <size>0x1df</size>
         <input_file_ref idref="fl-3"/>
      </object_component>
      <object_component id="oc-204">
         <name>.debug_line</name>
         <load_address>0xe71</load_address>
         <run_address>0xe71</run_address>
         <size>0x6f</size>
         <input_file_ref idref="fl-3"/>
      </object_component>
      <object_component id="oc-272">
         <name>.debug_line</name>
         <load_address>0xee0</load_address>
         <run_address>0xee0</run_address>
         <size>0x69</size>
         <input_file_ref idref="fl-3"/>
      </object_component>
      <object_component id="oc-20e">
         <name>.debug_line</name>
         <load_address>0xf49</load_address>
         <run_address>0xf49</run_address>
         <size>0x6a</size>
         <input_file_ref idref="fl-3"/>
      </object_component>
      <object_component id="oc-222">
         <name>.debug_line</name>
         <load_address>0xfb3</load_address>
         <run_address>0xfb3</run_address>
         <size>0x6a</size>
         <input_file_ref idref="fl-3"/>
      </object_component>
      <object_component id="oc-209">
         <name>.debug_line</name>
         <load_address>0x101d</load_address>
         <run_address>0x101d</run_address>
         <size>0x6b</size>
         <input_file_ref idref="fl-3"/>
      </object_component>
      <object_component id="oc-213">
         <name>.debug_line</name>
         <load_address>0x1088</load_address>
         <run_address>0x1088</run_address>
         <size>0x73</size>
         <input_file_ref idref="fl-3"/>
      </object_component>
      <object_component id="oc-23b">
         <name>.debug_line</name>
         <load_address>0x10fb</load_address>
         <run_address>0x10fb</run_address>
         <size>0x6d</size>
         <input_file_ref idref="fl-3"/>
      </object_component>
      <object_component id="oc-2bd">
         <name>.debug_line</name>
         <load_address>0x1168</load_address>
         <run_address>0x1168</run_address>
         <size>0x65</size>
         <input_file_ref idref="fl-3"/>
      </object_component>
      <object_component id="oc-2ae">
         <name>.debug_line</name>
         <load_address>0x11cd</load_address>
         <run_address>0x11cd</run_address>
         <size>0x67</size>
         <input_file_ref idref="fl-3"/>
      </object_component>
      <object_component id="oc-236">
         <name>.debug_line</name>
         <load_address>0x1234</load_address>
         <run_address>0x1234</run_address>
         <size>0x6d</size>
         <input_file_ref idref="fl-3"/>
      </object_component>
      <object_component id="oc-27c">
         <name>.debug_line</name>
         <load_address>0x12a1</load_address>
         <run_address>0x12a1</run_address>
         <size>0x6b</size>
         <input_file_ref idref="fl-3"/>
      </object_component>
      <object_component id="oc-2b8">
         <name>.debug_line</name>
         <load_address>0x130c</load_address>
         <run_address>0x130c</run_address>
         <size>0x6c</size>
         <input_file_ref idref="fl-3"/>
      </object_component>
      <object_component id="oc-277">
         <name>.debug_line</name>
         <load_address>0x1378</load_address>
         <run_address>0x1378</run_address>
         <size>0x75</size>
         <input_file_ref idref="fl-3"/>
      </object_component>
      <object_component id="oc-290">
         <name>.debug_line</name>
         <load_address>0x13ed</load_address>
         <run_address>0x13ed</run_address>
         <size>0x6e</size>
         <input_file_ref idref="fl-3"/>
      </object_component>
      <object_component id="oc-24f">
         <name>.debug_line</name>
         <load_address>0x145b</load_address>
         <run_address>0x145b</run_address>
         <size>0x6a</size>
         <input_file_ref idref="fl-3"/>
      </object_component>
      <object_component id="oc-29f">
         <name>.debug_line</name>
         <load_address>0x14c5</load_address>
         <run_address>0x14c5</run_address>
         <size>0x6d</size>
         <input_file_ref idref="fl-3"/>
      </object_component>
      <object_component id="oc-323">
         <name>.debug_line</name>
         <load_address>0x1532</load_address>
         <run_address>0x1532</run_address>
         <size>0x69</size>
         <input_file_ref idref="fl-3"/>
      </object_component>
      <object_component id="oc-26d">
         <name>.debug_line</name>
         <load_address>0x159b</load_address>
         <run_address>0x159b</run_address>
         <size>0x6a</size>
         <input_file_ref idref="fl-3"/>
      </object_component>
      <object_component id="oc-28b">
         <name>.debug_line</name>
         <load_address>0x1605</load_address>
         <run_address>0x1605</run_address>
         <size>0x69</size>
         <input_file_ref idref="fl-3"/>
      </object_component>
      <object_component id="oc-227">
         <name>.debug_line</name>
         <load_address>0x166e</load_address>
         <run_address>0x166e</run_address>
         <size>0x74</size>
         <input_file_ref idref="fl-3"/>
      </object_component>
      <object_component id="oc-231">
         <name>.debug_line</name>
         <load_address>0x16e2</load_address>
         <run_address>0x16e2</run_address>
         <size>0x6f</size>
         <input_file_ref idref="fl-3"/>
      </object_component>
      <object_component id="oc-24a">
         <name>.debug_line</name>
         <load_address>0x1751</load_address>
         <run_address>0x1751</run_address>
         <size>0x6c</size>
         <input_file_ref idref="fl-3"/>
      </object_component>
      <object_component id="oc-254">
         <name>.debug_line</name>
         <load_address>0x17bd</load_address>
         <run_address>0x17bd</run_address>
         <size>0x6d</size>
         <input_file_ref idref="fl-3"/>
      </object_component>
      <object_component id="oc-259">
         <name>.debug_line</name>
         <load_address>0x182a</load_address>
         <run_address>0x182a</run_address>
         <size>0x6b</size>
         <input_file_ref idref="fl-3"/>
      </object_component>
      <object_component id="oc-25e">
         <name>.debug_line</name>
         <load_address>0x1895</load_address>
         <run_address>0x1895</run_address>
         <size>0x6b</size>
         <input_file_ref idref="fl-3"/>
      </object_component>
      <object_component id="oc-218">
         <name>.debug_line</name>
         <load_address>0x1900</load_address>
         <run_address>0x1900</run_address>
         <size>0x64</size>
         <input_file_ref idref="fl-3"/>
      </object_component>
      <object_component id="oc-31e">
         <name>.debug_line</name>
         <load_address>0x1964</load_address>
         <run_address>0x1964</run_address>
         <size>0x65</size>
         <input_file_ref idref="fl-3"/>
      </object_component>
      <object_component id="oc-295">
         <name>.debug_line</name>
         <load_address>0x19c9</load_address>
         <run_address>0x19c9</run_address>
         <size>0x64</size>
         <input_file_ref idref="fl-3"/>
      </object_component>
      <object_component id="oc-268">
         <name>.debug_line</name>
         <load_address>0x1a2d</load_address>
         <run_address>0x1a2d</run_address>
         <size>0x6a</size>
         <input_file_ref idref="fl-3"/>
      </object_component>
      <object_component id="oc-245">
         <name>.debug_line</name>
         <load_address>0x1a97</load_address>
         <run_address>0x1a97</run_address>
         <size>0x70</size>
         <input_file_ref idref="fl-3"/>
      </object_component>
      <object_component id="oc-22c">
         <name>.debug_line</name>
         <load_address>0x1b07</load_address>
         <run_address>0x1b07</run_address>
[...]
            </allocated_space>
            <available_space>
               <start_address>0x15e0</start_address>
               <size>0x3ea20</size>
            </available_space>
         </usage_details>
      </memory_area>
      <memory_area display="yes" color="green">
         <name>SRAM</name>
         <page_id>0x0</page_id>
         <origin>0x20000000</origin>
         <length>0x8000</length>
         <used_space>0x490</used_space>
         <unused_space>0x7b70</unused_space>
         <attributes>RWX</attributes>
         <usage_details>
            <allocated_space>
               <start_address>0x20000000</start_address>
               <size>0x26c</size>
               <logical_group_ref idref="lg-9"/>
            </allocated_space>
            <available_space>
               <start_address>0x2000026c</start_address>
               <size>0x4</size>
            </available_space>
            <allocated_space>
               <start_address>0x20000270</start_address>
               <size>0x200</size>
               <logical_group_ref idref="lg-d"/>
            </allocated_space>
            <allocated_space>
               <start_address>0x20000470</start_address>
               <size>0x14</size>
               <logical_group_ref idref="lg-a"/>
            </allocated_space>
            <available_space>
               <start_address>0x20000484</start_address>
               <size>0x4</size>
            </available_space>
            <allocated_space>
               <start_address>0x20000488</start_address>
               <size>0x10</size>
               <logical_group_ref idref="lg-c"/>
            </allocated_space>
            <available_space>
               <start_address>0x20000498</start_address>
               <size>0x7b68</size>
            </available_space>
         </usage_details>
      </memory_area>
   </placement_map>
   <cptbl_list>
      <cptbl>
         <name>__TI_cinit_table</name>
         <cprec>
            <name>.data</name>
            <load_address>0x15b0</load_address>
            <load_size>0xc</load_size>
            <run_address>0x20000470</run_address>
            <run_size>0x14</run_size>
            <compression>lzss</compression>
         </cprec>
         <cprec>
            <name>.vtable</name>
            <load_address>0x15c8</load_address>
            <load_size>0x8</load_size>
            <run_address>0x20000000</run_address>
            <run_size>0x26c</run_size>
            <compression>zero_init</compression>
         </cprec>
      </cptbl>
   </cptbl_list>
   <handler_table>
      <handler_table_name>__TI_handler_table</handler_table_name>
      <handler>
         <index>0x0</index>
         <name>__TI_zero_init</name>
      </handler>
      <handler>
         <index>0x1</index>
         <name>__TI_decompress_lzss</name>
      </handler>
      <handler>
         <index>0x2</index>
         <name>__TI_decompress_none</name>
      </handler>
   </handler_table>
   <symbol_table>
      <symbol id="sm-1">
         <name>__STACK_TOP</name>
         <value>0x20000470</value>
      </symbol>
      <symbol id="sm-2">
         <name>__TI_CINIT_Base</name>
         <value>0x15d0</value>
      </symbol>
      <symbol id="sm-3">
         <name>__TI_CINIT_Limit</name>
         <value>0x15e0</value>
      </symbol>
      <symbol id="sm-4">
         <name>__TI_Handler_Table_Base</name>
         <value>0x15bc</value>
      </symbol>
      <symbol id="sm-5">
         <name>__TI_Handler_Table_Limit</name>
         <value>0x15c8</value>
      </symbol>
      <symbol id="sm-6">
         <name>binit</name>
         <value>0xffffffff</value>
      </symbol>
      <symbol id="sm-7">
         <name>__binit__</name>
         <value>0xffffffff</value>
      </symbol>
      <symbol id="sm-8">
         <name>__STACK_SIZE</name>
         <value>0x200</value>
      </symbol>
      <symbol id="sm-9">
         <name>__STACK_END</name>
         <value>0x20000470</value>
      </symbol>
      <symbol id="sm-a">
         <name>__SYSMEM_SIZE</name>
         <value>0x10</value>
      </symbol>
      <symbol id="sm-b">
         <name>__c_args__</name>
         <value>0xffffffff</value>
      </symbol>
      <symbol id="sm-c">
         <name>__TI_pprof_out_hndl</name>
         <value>0xffffffff</value>
      </symbol>
      <symbol id="sm-d">
         <name>__TI_prof_data_start</name>
         <value>0xffffffff</value>
      </symbol>
      <symbol id="sm-e">
         <name>__TI_prof_data_size</name>
         <value>0xffffffff</value>
      </symbol>
      <symbol id="sm-75">
         <name>_ZN4CFSMC1Ev</name>
         <value>0x26d</value>
         <object_component_ref idref="oc-d3"/>
      </symbol>
      <symbol id="sm-76">
         <name>_ZN4CFSM11changeStateE8FSMstate</name>
         <value>0x293</value>
         <object_component_ref idref="oc-d3"/>
      </symbol>
      <symbol id="sm-77">
         <name>_ZN4CFSMD1Ev</name>
         <value>0x283</value>
         <object_component_ref idref="oc-d3"/>
      </symbol>
      <symbol id="sm-78">
         <name>_ZN4CFSMC2Ev</name>
         <value>0x26d</value>
         <object_component_ref idref="oc-d3"/>
      </symbol>
      <symbol id="sm-79">
         <name>_ZN4CFSM8getStateEv</name>
         <value>0x2a9</value>
         <object_component_ref idref="oc-d3"/>
      </symbol>
      <symbol id="sm-7a">
         <name>_ZN4CFSMD2Ev</name>
         <value>0x283</value>
         <object_component_ref idref="oc-d3"/>
      </symbol>
      <symbol id="sm-7b">
         <name>_ZN4CFSM6runFSMEv</name>
         <value>0x2b7</value>
         <object_component_ref idref="oc-d3"/>
      </symbol>
      <symbol id="sm-1b1">
         <name>_ZN7GPIO_UCC1Ev</name>
         <value>0x87d</value>
         <object_component_ref idref="oc-d9"/>
      </symbol>
      <symbol id="sm-1b2">
         <name>_ZN7GPIO_UC7currentE</name>
         <value>0x20000480</value>
         <object_component_ref idref="oc-17f"/>
      </symbol>
      <symbol id="sm-1b3">
         <name>_ZTS3CIO</name>
         <value>0x15a4</value>
         <object_component_ref idref="oc-339"/>
      </symbol>
      <symbol id="sm-1b4">
         <name>_ZN7GPIO_UC10setCurrentEPS_</name>
         <value>0xa0d</value>
         <object_component_ref idref="oc-d9"/>
      </symbol>
      <symbol id="sm-1b5">
         <name>_Z7GPIOISRv</name>
         <value>0x829</value>
         <object_component_ref idref="oc-d9"/>
      </symbol>
      <symbol id="sm-1b6">
         <name>_ZTV7GPIO_UC</name>
         <value>0x1520</value>
         <object_component_ref idref="oc-17a"/>
      </symbol>
      <symbol id="sm-1b7">
         <name>_ZN7GPIO_UC10readInputsEv</name>
         <value>0x907</value>
         <object_component_ref idref="oc-d9"/>
      </symbol>
      <symbol id="sm-1b8">
         <name>_ZTS7GPIO_UC</name>
         <value>0x1588</value>
         <object_component_ref idref="oc-316"/>
      </symbol>
      <symbol id="sm-1b9">
         <name>_ZN7GPIO_UCD2Ev</name>
         <value>0x8f9</value>
         <object_component_ref idref="oc-d9"/>
      </symbol>
      <symbol id="sm-1ba">
         <name>_ZN7GPIO_UC10showCreditEi</name>
         <value>0x9f3</value>
         <object_component_ref idref="oc-d9"/>
      </symbol>
      <symbol id="sm-1bb">
         <name>_ZN7GPIO_UC12writeOutputsEv</name>
         <value>0x911</value>
         <object_component_ref idref="oc-d9"/>
      </symbol>
      <symbol id="sm-1bc">
         <name>_ZN7GPIO_UCD1Ev</name>
         <value>0x8f9</value>
         <object_component_ref idref="oc-d9"/>
      </symbol>
      <symbol id="sm-1bd">
         <name>_ZTI3CIO</name>
         <value>0x1594</value>
         <object_component_ref idref="oc-2ea"/>
      </symbol>
      <symbol id="sm-1be">
         <name>_ZN7GPIO_UCC2Ev</name>
         <value>0x87d</value>
         <object_component_ref idref="oc-d9"/>
      </symbol>
      <symbol id="sm-1bf">
         <name>_ZN7GPIO_UC10getCurrentEv</name>
         <value>0xa07</value>
         <object_component_ref idref="oc-d9"/>
      </symbol>
      <symbol id="sm-1c0">
         <name>_ZTI7GPIO_UC</name>
         <value>0x1564</value>
         <object_component_ref idref="oc-1e4"/>
      </symbol>
      <symbol id="sm-1e3">
         <name>_ZN3CIOC2Ev</name>
         <value>0xd59</value>
         <object_component_ref idref="oc-123"/>
      </symbol>
      <symbol id="sm-1e4">
         <name>_ZN3CIOD1Ev</name>
         <value>0xd77</value>
         <object_component_ref idref="oc-123"/>
      </symbol>
      <symbol id="sm-1e5">
         <name>_ZN3CIOC1Ev</name>
         <value>0xd59</value>
         <object_component_ref idref="oc-123"/>
      </symbol>
      <symbol id="sm-1e6">
         <name>_ZTV3CIO</name>
         <value>0x150c</value>
         <object_component_ref idref="oc-1aa"/>
      </symbol>
      <symbol id="sm-1e7">
         <name>_ZN3CIO10clearInputEi</name>
         <value>0xd99</value>
         <object_component_ref idref="oc-123"/>
      </symbol>
      <symbol id="sm-1e8">
         <name>_ZN3CIO9setOutputEi</name>
         <value>0xdd1</value>
         <object_component_ref idref="oc-123"/>
      </symbol>
      <symbol id="sm-1e9">
         <name>_ZN3CIO8setInputEi</name>
         <value>0xd83</value>
         <object_component_ref idref="oc-123"/>
      </symbol>
      <symbol id="sm-1ea">
         <name>_ZN3CIO8getInputEi</name>
         <value>0xdaf</value>
         <object_component_ref idref="oc-123"/>
      </symbol>
      <symbol id="sm-1eb">
         <name>_ZN3CIO11clearOutputEi</name>
         <value>0xde7</value>
         <object_component_ref idref="oc-123"/>
      </symbol>
      <symbol id="sm-1ec">
         <name>_ZN3CIO9getOutputEi</name>
         <value>0xdfd</value>
         <object_component_ref idref="oc-123"/>
      </symbol>
      <symbol id="sm-1ed">
         <name>_ZN3CIOD2Ev</name>
         <value>0xd77</value>
         <object_component_ref idref="oc-123"/>
      </symbol>
      <symbol id="sm-1fd">
         <name>main</name>
         <value>0x1145</value>
         <object_component_ref idref="oc-a0"/>
      </symbol>
      <symbol id="sm-228">
         <name>ResetISR</name>
         <value>0x1279</value>
         <object_component_ref idref="oc-28"/>
      </symbol>
      <symbol id="sm-229">
         <name>g_pfnVectors</name>
         <value>0x0</value>
         <object_component_ref idref="oc-10"/>
      </symbol>
      <symbol id="sm-233">
         <name>__cxa_pure_virtual</name>
         <value>0x129f</value>
         <object_component_ref idref="oc-2ef"/>
      </symbol>
      <symbol id="sm-28d">
         <name>_ZN10__cxxabiv117__class_type_infoD1Ev</name>
         <value>0x12a5</value>
         <object_component_ref idref="oc-367"/>
      </symbol>
      <symbol id="sm-28e">
         <name>_ZTSN10__cxxabiv120__si_class_type_infoE</name>
         <value>0x14c4</value>
         <object_component_ref idref="oc-374"/>
      </symbol>
      <symbol id="sm-28f">
         <name>_ZTSN10__cxxabiv117__class_type_infoE</name>
         <value>0x14e9</value>
         <object_component_ref idref="oc-393"/>
      </symbol>
      <symbol id="sm-290">
         <name>_ZN10__cxxabiv117__class_type_infoD2Ev</name>
         <value>0x12a5</value>
         <object_component_ref idref="oc-367"/>
      </symbol>
      <symbol id="sm-291">
         <name>_ZN10__cxxabiv120__si_class_type_infoD2Ev</name>
         <value>0x12a9</value>
         <object_component_ref idref="oc-354"/>
      </symbol>
      <symbol id="sm-292">
         <name>_ZTVN10__cxxabiv117__class_type_infoE</name>
         <value>0x1534</value>
         <object_component_ref idref="oc-334"/>
      </symbol>
      <symbol id="sm-293">
         <name>_ZTIN10__cxxabiv117__class_type_infoE</name>
         <value>0x1570</value>
         <object_component_ref idref="oc-362"/>
      </symbol>
      <symbol id="sm-294">
         <name>_ZN10__cxxabiv120__si_class_type_infoD1Ev</name>
         <value>0x12a9</value>
         <object_component_ref idref="oc-354"/>
      </symbol>
      <symbol id="sm-295">
         <name>_ZTIN10__cxxabiv120__si_class_type_infoE</name>
         <value>0x157c</value>
         <object_component_ref idref="oc-34f"/>
      </symbol>
      <symbol id="sm-296">
         <name>_ZN10__cxxabiv117__class_type_infoD0Ev</name>
         <value>0x1243</value>
         <object_component_ref idref="oc-36d"/>
      </symbol>
      <symbol id="sm-297">
         <name>_ZTVN10__cxxabiv120__si_class_type_infoE</name>
         <value>0x1544</value>
         <object_component_ref idref="oc-311"/>
      </symbol>
      <symbol id="sm-298">
         <name>_ZN10__cxxabiv120__si_class_type_infoD0Ev</name>
         <value>0x1251</value>
         <object_component_ref idref="oc-35a"/>
      </symbol>
      <symbol id="sm-2b1">
         <name>__TI_zero_init_nomemset</name>
         <value>0x1223</value>
         <object_component_ref idref="oc-48"/>
      </symbol>
      <symbol id="sm-2c8">
         <name>__TI_decompress_none</name>
         <value>0x125f</value>
         <object_component_ref idref="oc-19"/>
      </symbol>
      <symbol id="sm-2eb">
         <name>__TI_decompress_lzss</name>
         <value>0xf29</value>
         <object_component_ref idref="oc-13"/>
      </symbol>
      <symbol id="sm-2fe">
         <name>__stack</name>
         <value>0x20000270</value>
         <object_component_ref idref="oc-22"/>
      </symbol>
      <symbol id="sm-2ff">
         <name>_c_int00_noargs</name>
         <value>0x1111</value>
         <object_component_ref idref="oc-5a"/>
      </symbol>
      <symbol id="sm-31b">
         <name>_ZdlPv</name>
         <value>0x1285</value>
         <object_component_ref idref="oc-3a5"/>
      </symbol>
      <symbol id="sm-31c">
         <name>_ZdlPvj</name>
         <value>0x12ad</value>
         <object_component_ref idref="oc-37f"/>
      </symbol>
      <symbol id="sm-345">
         <name>_ZTSSt9type_info</name>
         <value>0x1554</value>
         <object_component_ref idref="oc-3ae"/>
      </symbol>
      <symbol id="sm-346">
         <name>_ZNSt9type_infoD2Ev</name>
         <value>0xb7b</value>
         <object_component_ref idref="oc-39d"/>
      </symbol>
      <symbol id="sm-347">
         <name>_ZNSt9type_infoD1Ev</name>
         <value>0xb7b</value>
         <object_component_ref idref="oc-39d"/>
      </symbol>
      <symbol id="sm-348">
         <name>_ZTISt9type_info</name>
         <value>0x159c</value>
         <object_component_ref idref="oc-398"/>
      </symbol>
      <symbol id="sm-352">
         <name>__abort_execution</name>
         <value>0x12b1</value>
         <object_component_ref idref="oc-33e"/>
      </symbol>
      <symbol id="sm-36e">
         <name>memcpy</name>
         <value>0xe25</value>
         <object_component_ref idref="oc-3c"/>
      </symbol>
      <symbol id="sm-36f">
         <name>__aeabi_memcpy</name>
         <value>0xe25</value>
         <object_component_ref idref="oc-3c"/>
      </symbol>
      <symbol id="sm-370">
         <name>__aeabi_memcpy8</name>
         <value>0xe25</value>
         <object_component_ref idref="oc-3c"/>
      </symbol>
      <symbol id="sm-371">
         <name>__aeabi_memcpy4</name>
         <value>0xe25</value>
         <object_component_ref idref="oc-3c"/>
      </symbol>
      <symbol id="sm-399">
         <name>__TI_auto_init_nobinit_nopinit</name>
         <value>0x102d</value>
         <object_component_ref idref="oc-f1"/>
      </symbol>
      <symbol id="sm-3a3">
         <name>_system_pre_init</name>
         <value>0x12b5</value>
         <object_component_ref idref="oc-9a"/>
      </symbol>
      <symbol id="sm-3af">
         <name>C$$EXIT</name>
         <value>0x12b9</value>
         <object_component_ref idref="oc-e5"/>
      </symbol>
      <symbol id="sm-3b0">
         <name>abort</name>
         <value>0x12b9</value>
         <object_component_ref idref="oc-e5"/>
      </symbol>
      <symbol id="sm-3c5">
         <name>_nop</name>
         <value>0xfe7</value>
         <object_component_ref idref="oc-2cb"/>
      </symbol>
      <symbol id="sm-3c6">
         <name>_lock</name>
         <value>0x20000470</value>
         <object_component_ref idref="oc-18e"/>
      </symbol>
      <symbol id="sm-3c7">
         <name>_unlock</name>
         <value>0x20000474</value>
         <object_component_ref idref="oc-18e"/>
      </symbol>
      <symbol id="sm-41d">
         <name>_sys_memory</name>
         <value>0x20000488</value>
         <object_component_ref idref="oc-25"/>
      </symbol>
      <symbol id="sm-41e">
         <name>free</name>
         <value>0xc71</value>
         <object_component_ref idref="oc-3bb"/>
      </symbol>
      <symbol id="sm-49a">
         <name>GPIOIntRegister</name>
         <value>0x11e1</value>
         <object_component_ref idref="oc-162"/>
      </symbol>
      <symbol id="sm-49b">
         <name>GPIOIntEnable</name>
         <value>0x126d</value>
         <object_component_ref idref="oc-16e"/>
      </symbol>
      <symbol id="sm-49c">
         <name>GPIOIntTypeSet</name>
         <value>0xf91</value>
         <object_component_ref idref="oc-168"/>
      </symbol>
      <symbol id="sm-49d">
         <name>GPIOPinTypeGPIOInput</name>
         <value>0x1211</value>
         <object_component_ref idref="oc-156"/>
      </symbol>
      <symbol id="sm-49e">
         <name>GPIOIntClear</name>
         <value>0x128d</value>
         <object_component_ref idref="oc-138"/>
      </symbol>
      <symbol id="sm-49f">
         <name>GPIOIntStatus</name>
         <value>0x1235</value>
         <object_component_ref idref="oc-132"/>
      </symbol>
      <symbol id="sm-4a0">
         <name>GPIOPinTypeGPIOOutput</name>
         <value>0x11f9</value>
         <object_component_ref idref="oc-150"/>
      </symbol>
      <symbol id="sm-4a1">
         <name>GPIODirModeSet</name>
         <value>0x1173</value>
         <object_component_ref idref="oc-1c5"/>
      </symbol>
      <symbol id="sm-4a2">
         <name>GPIOPinWrite</name>
         <value>0x1293</value>
         <object_component_ref idref="oc-174"/>
      </symbol>
      <symbol id="sm-4a3">
         <name>GPIOPadConfigSet</name>
         <value>0xa49</value>
         <object_component_ref idref="oc-15c"/>
      </symbol>
      <symbol id="sm-4dc">
         <name>IntEnable</name>
         <value>0xec1</value>
         <object_component_ref idref="oc-1da"/>
      </symbol>
      <symbol id="sm-4dd">
         <name>IntRegister</name>
         <value>0x10a9</value>
         <object_component_ref idref="oc-1d4"/>
      </symbol>
      <symbol id="sm-4de">
         <name>g_pfnRAMVectors</name>
         <value>0x20000000</value>
         <object_component_ref idref="oc-308"/>
      </symbol>
      <symbol id="sm-515">
         <name>SysCtlClockSet</name>
         <value>0xb7d</value>
         <object_component_ref idref="oc-13e"/>
      </symbol>
      <symbol id="sm-516">
         <name>SysCtlDelay</name>
         <value>0x1299</value>
         <object_component_ref idref="oc-131"/>
      </symbol>
      <symbol id="sm-517">
         <name>SysCtlPeripheralEnable</name>
         <value>0x10dd</value>
         <object_component_ref idref="oc-144"/>
      </symbol>
      <symbol id="sm-518">
         <name>SysCtlPeripheralReady</name>
         <value>0x1071</value>
         <object_component_ref idref="oc-14a"/>
      </symbol>
      <symbol id="sm-51a">
         <name>__TI_static_base__</name>
         <value>0x0</value>
      </symbol>
      <symbol id="sm-51d">
         <name>__mpu_init</name>
         <value>0x0</value>
      </symbol>
      <symbol id="sm-51e">
         <name>_system_post_cinit</name>
         <value>0x0</value>
      </symbol>
      <symbol id="sm-51f">
         <name>_ZSt17__throw_bad_allocv</name>
         <value>0x12b9</value>
      </symbol>
   </symbol_table>
   <title>Link successful</title>
</link_info>
