******************************************************************************
                  TI ARM Linker PC v18.9.0                     
******************************************************************************
>> Linked Thu Nov 29 22:26:19 2018

OUTPUT FILE NAME:   <vending_machine.out>
ENTRY POINT SYMBOL: "_c_int00_noargs"  address: 00005a29


MEMORY CONFIGURATION

         name            origin    length      used     unused   attr    fill
----------------------  --------  ---------  --------  --------  ----  --------
  FLASH                 00000000   00040000  00006b56  000394aa  R  X
  SRAM                  20000000   00008000  00001738  000068c8  RW X


SEGMENT ALLOCATION MAP

run origin  load origin   length   init length attrs members
----------  ----------- ---------- ----------- ----- -------
00000000    00000000    00006b58   00006b58    r-x
  00000000    00000000    0000026c   0000026c    r-- .intvecs
  0000026c    0000026c    00005f2a   00005f2a    r-x .text
  00006198    00006198    00000968   00000968    r-- .const
  00006b00    00006b00    00000058   00000058    r-- .cinit
20000000    20000000    0000173c   00000000    rw-
  20000000    20000000    0000026c   00000000    rw- .vtable
  20000270    20000270    00000800   00000000    rw- .stack
  20000a70    20000a70    00000800   00000000    rw- .sysmem
  20001270    20001270    0000048c   00000000    rw- .bss
  200016fc    200016fc    00000040   00000000    rw- .data


SECTION ALLOCATION MAP

 output                                  attributes/
section   page    origin      length       input sections
--------  ----  ----------  ----------   ----------------
.intvecs   0    00000000    0000026c     
                  00000000    0000026c     tm4c123gh6pm_startup_ccs.obj (.intvecs)

.text      0    0000026c    00005f2a     
                  0000026c    00000a4e     rtsv7M4_T_le_v4SPD16_eabi.lib : _printfi.c.obj (.text:__TI_printfi)
                  00000cba    00000002                                   : stdlib_typeinfo.cpp.obj (.text:_ZNSt9type_infoD1Ev)
                  00000cbc    000009c4     FSM.obj (.text)
                  00001680    00000914     uartstdio.obj (.text)
                  00001f94    00000706     CONTROL.obj (.text)
                  0000269a    00000002     rtsv7M4_T_le_v4SPD16_eabi.lib : _lock.c.obj (.text:_nop)
                  0000269c    00000498     LCD_NHDC12864.obj (.text)
                  00002b34    00000408     GPIO_UC.obj (.text)
                  00002f3c    000003b2     UART_UC.obj (.text)
                  000032ee    00000002     rtsv7M4_T_le_v4SPD16_eabi.lib : div0.asm.obj (.text)
                  000032f0    00000270                                   : _printfi.c.obj (.text:_pconv_a)
                  00003560    00000220     RTC_UC.obj (.text)
                  00003780    000001d0     rtsv7M4_T_le_v4SPD16_eabi.lib : _printfi.c.obj (.text:_pconv_g)
                  00003950    000001b6                                   : fd_add_t2.asm.obj (.text)
                  00003b06    00000002     --HOLE-- [fill = 0]
                  00003b08    0000013c                                   : _printfi.c.obj (.text:_pconv_e)
                  00003c44    00000136                                   : fd_div_t2.asm.obj (.text)
                  00003d7a    00000132     driverlib.lib : gpio.obj (.text:GPIOPadConfigSet)
                  00003eac    00000124     LCD_UC.obj (.text)
                  00003fd0    00000124     rtsv7M4_T_le_v4SPD16_eabi.lib : _printfi.c.obj (.text:fcvt)
                  000040f4    00000110     driverlib.lib : sysctl.obj (.text:SysCtlClockGet)
                  00004204    00000110     rtsv7M4_T_le_v4SPD16_eabi.lib : s_scalbn.c.obj (.text:scalbn)
                  00004314    000000fc                                   : fd_mul_t2.asm.obj (.text)
                  00004410    000000f4     driverlib.lib : sysctl.obj (.text:SysCtlClockSet)
                  00004504    000000f4     rtsv7M4_T_le_v4SPD16_eabi.lib : memory.c.obj (.text:aligned_alloc)
                  000045f8    000000e8                                   : memory.c.obj (.text:free)
                  000046e0    000000e0                                   : string.cpp.obj (.text:_ZNSt3__212basic_stringIcNS_11char_traitsIcEENS_9allocatorIcEEE7reserveEj)
                  000047c0    000000db                                   : string.cpp.obj (.text:_ZNSt3__29to_stringEi)
                  0000489b    00000001     --HOLE-- [fill = 0]
                  0000489c    000000cc     IO.obj (.text)
                  00004968    000000c4     rtsv7M4_T_le_v4SPD16_eabi.lib : string.cpp.obj (.text:_ZNSt3__212basic_stringIcNS_11char_traitsIcEENS_9allocatorIcEEE21__grow_by_and_replaceEjjjjjjPKc)
                  00004a2c    000000b1                                   : _printfi.c.obj (.text:_ltostr)
                  00004add    00000003     --HOLE-- [fill = 0]
                  00004ae0    000000a8                                   : string.cpp.obj (.text:_ZNSt3__212basic_stringIcNS_11char_traitsIcEENS_9allocatorIcEEE9__grow_byEjjjjjj)
                  00004b88    0000009c                                   : memcpy_t2.asm.obj (.text)
                  00004c24    00000096                                   : ull_div_t2.asm.obj (.text)
                  00004cba    00000086                                   : fd_cmp_t2.asm.obj (.text:__aeabi_cdcmple)
                  00004d40    00000086                                   : fd_cmp_t2.asm.obj (.text:__aeabi_cdrcmple)
                  00004dc6    00000002     --HOLE-- [fill = 0]
                  00004dc8    0000007c                                   : memory.c.obj (.text:split)
                  00004e44    0000007a                                   : memset_t2.asm.obj (.text)
                  00004ebe    00000072     CONTROL.obj (.text:_ZN6CqueueINSt3__212basic_stringIcNS0_11char_traitsIcEENS0_9allocatorIcEEEEE8pushBackES6_)
                  00004f30    00000070     rtsv7M4_T_le_v4SPD16_eabi.lib : string.cpp.obj (.text:_ZNSt3__212basic_stringIcNS_11char_traitsIcEENS_9allocatorIcEEE6appendEjc)
                  00004fa0    00000070                                   : string.cpp.obj (.text:_ZNSt3__212basic_stringIcNS_11char_traitsIcEENS_9allocatorIcEEEC1ERKS5_)
                  00005010    0000006e                                   : string.cpp.obj (.text:_ZNSt3__212basic_stringIcNS_11char_traitsIcEENS_9allocatorIcEEE6appendEPKcj)
                  0000507e    0000006e                                   : _printfi.c.obj (.text:_mcpy)
                  000050ec    0000006a                                   : string.cpp.obj (.text:_ZNSt3__212basic_stringIcNS_11char_traitsIcEENS_9allocatorIcEEE9push_backEc)
                  00005156    00000002     --HOLE-- [fill = 0]
                  00005158    00000068     driverlib.lib : interrupt.obj (.text:IntEnable)
                  000051c0    00000068     CONTROL.obj (.text:_ZN6CqueueIcE8pushBackEc)
                  00005228    00000068     rtsv7M4_T_le_v4SPD16_eabi.lib : copy_decompress_lzss.c.obj (.text:decompress:lzss:__TI_decompress_lzss)
                  00005290    00000064                                   : s_frexp.c.obj (.text:frexp)
                  000052f4    00000062                                   : string.cpp.obj (.text:_ZNSt3__212basic_stringIcNS_11char_traitsIcEENS_9allocatorIcEEE6assignEPKcj)
                  00005356    0000005e                                   : string.cpp.obj (.text:_ZNSt3__212basic_stringIcNS_11char_traitsIcEENS_9allocatorIcEEEC1EPKc)
                  000053b4    00000056     driverlib.lib : gpio.obj (.text:GPIOIntTypeSet)
                  0000540a    00000056     rtsv7M4_T_le_v4SPD16_eabi.lib : _printfi.c.obj (.text:_pconv_f)
                  00005460    00000054                                   : ltoa.c.obj (.text:ltoa)
                  000054b4    00000052                                   : _printfi.c.obj (.text:_ecpy)
                  00005506    00000050     CONTROL.obj (.text:_ZN6CqueueINSt3__212basic_stringIcNS0_11char_traitsIcEENS0_9allocatorIcEEEEE8popFrontEv)
                  00005556    00000002     --HOLE-- [fill = 0]
                  00005558    0000004c     rtsv7M4_T_le_v4SPD16_eabi.lib : atoi.c.obj (.text:atoi)
                  000055a4    0000004c                                   : snprintf.c.obj (.text:snprintf)
                  000055f0    00000048     driverlib.lib : gpio.obj (.text:GPIOPinConfigure)
                  00005638    00000048                   : hibernate.obj (.text:HibernateClockConfig)
                  00005680    00000048     rtsv7M4_T_le_v4SPD16_eabi.lib : fd_toi_t2.asm.obj (.text)
                  000056c8    00000044     driverlib.lib : gpio.obj (.text:_GPIOIntNumberGet)
                  0000570c    00000044     CONTROL.obj (.text:_ZN5CnodeINSt3__212basic_stringIcNS0_11char_traitsIcEENS0_9allocatorIcEEEEED1Ev)
                  00005750    00000044     rtsv7M4_T_le_v4SPD16_eabi.lib : autoinit.c.obj (.text:__TI_auto_init_nobinit_nopinit:__TI_auto_init_nobinit_nopinit)
                  00005794    00000040     driverlib.lib : uart.obj (.text:_UARTIntNumberGet)
                  000057d4    00000040     CONTROL.obj (.text:_ZN6CqueueIcE8popFrontEv)
                  00005814    00000040     rtsv7M4_T_le_v4SPD16_eabi.lib : u_divt2.asm.obj (.text)
                  00005854    0000003e                                   : string.cpp.obj (.text:_ZNSt3__212basic_stringIcNS_11char_traitsIcEENS_9allocatorIcEEEaSEOS5_)
                  00005892    0000003e                                   : _printfi.c.obj (.text:_fcpy)
                  000058d0    0000003e     main.obj (.text)
                  0000590e    00000002     --HOLE-- [fill = 0]
                  00005910    0000003c     DATE_TIME.obj (.text)
                  0000594c    0000003c     CONTROL.obj (.text:_ZN5CnodeIcED1Ev)
                  00005988    00000038     driverlib.lib : sysctl.obj (.text:SysCtlPeripheralReady)
                  000059c0    00000034                   : interrupt.obj (.text:IntRegister)
                  000059f4    00000034                   : sysctl.obj (.text:SysCtlPeripheralEnable)
                  00005a28    00000034     rtsv7M4_T_le_v4SPD16_eabi.lib : boot_cortex_m.c.obj (.text:_c_int00_noargs:_c_int00_noargs)
                  00005a5c    00000034                                   : rand.c.obj (.text:rand)
                  00005a90    00000030                                   : snprintf.c.obj (.text:_outs)
                  00005ac0    0000002e                                   : string.cpp.obj (.text:_ZNSt3__212basic_stringIcNS_11char_traitsIcEENS_9allocatorIcEEE6resizeEjc)
                  00005aee    0000002e                                   : i_tofd_t2.asm.obj (.text)
                  00005b1c    0000002c     driverlib.lib : hibernate.obj (.text:HibernateRTCSet)
                  00005b48    0000002a                   : gpio.obj (.text:GPIODirModeSet)
                  00005b72    00000002     --HOLE-- [fill = 0]
                  00005b74    00000028     rtsv7M4_T_le_v4SPD16_eabi.lib : memory.c.obj (.text:free_list_insert)
                  00005b9c    00000026     CONTROL.obj (.text:_ZN6CqueueINSt3__212basic_stringIcNS0_11char_traitsIcEENS0_9allocatorIcEEEEED1Ev)
                  00005bc2    00000002     --HOLE-- [fill = 0]
                  00005bc4    00000024     DISPLAY.obj (.text)
                  00005be8    00000024     TERMINAL.obj (.text)
                  00005c0c    00000024     rtsv7M4_T_le_v4SPD16_eabi.lib : string.cpp.obj (.text:_ZNSt3__212basic_stringIcNS_11char_traitsIcEENS_9allocatorIcEEEaSERKS5_)
                  00005c30    00000024                                   : memmov.c.obj (.text:memmove)
                  00005c54    00000022                                   : new.cpp.obj (.text:_Znwj)
                  00005c76    00000002     --HOLE-- [fill = 0]
                  00005c78    00000020     driverlib.lib : hibernate.obj (.text:_HibernateIntNumberGet)
                  00005c98    0000001e     CONTROL.obj (.text:_ZN6CqueueINSt3__212basic_stringIcNS0_11char_traitsIcEENS0_9allocatorIcEEEEEC1Ev)
                  00005cb6    0000001e     CONTROL.obj (.text:_ZN6CqueueIcEC1Ev)
                  00005cd4    0000001e     rtsv7M4_T_le_v4SPD16_eabi.lib : string.cpp.obj (.text:_ZNSt3__212basic_stringIcNS_11char_traitsIcEENS_9allocatorIcEEE6appendERKS5_)
                  00005cf2    0000001e                                   : string.cpp.obj (.text:_ZNSt3__212basic_stringIcNS_11char_traitsIcEENS_9allocatorIcEEEC1Ev)
                  00005d10    0000001e     RTC_UC.obj (.text:_ZNSt3__2plIcNS_11char_traitsIcEENS_9allocatorIcEEEENS_12basic_stringIT_T0_T1_EEOS9_PKS6_)
                  00005d2e    0000001e     RTC_UC.obj (.text:_ZNSt3__2plIcNS_11char_traitsIcEENS_9allocatorIcEEEENS_12basic_stringIT_T0_T1_EEOS9_SA_)
                  00005d4c    0000001c     CONTROL.obj (.text:_ZN5CnodeINSt3__212basic_stringIcNS0_11char_traitsIcEENS0_9allocatorIcEEEEEC1Ev)
                  00005d68    0000001c     rtsv7M4_T_le_v4SPD16_eabi.lib : memory.c.obj (.text:free_list_remove)
                  00005d84    0000001c                                   : memccpy.c.obj (.text:memccpy)
                  00005da0    0000001a                                   : s_copysign.c.obj (.text:copysign)
                  00005dba    00000018     driverlib.lib : gpio.obj (.text:GPIOIntRegister)
                  00005dd2    00000018                   : gpio.obj (.text:GPIOPinTypeGPIOOutput)
                  00005dea    00000018                   : hibernate.obj (.text:HibernateIntRegister)
                  00005e02    00000002     --HOLE-- [fill = 0]
                  00005e04    00000018                   : hibernate.obj (.text:HibernateIntStatus)
                  00005e1c    00000018                   : uart.obj (.text:UARTIntRegister)
                  00005e34    00000018     CONTROL.obj (.text:_ZN5CnodeIcEC1Ev)
                  00005e4c    00000018     CONTROL.obj (.text:_ZN6CqueueIcED1Ev)
                  00005e64    00000018     rtsv7M4_T_le_v4SPD16_eabi.lib : string.cpp.obj (.text:_ZNSt3__212basic_stringIcNS_11char_traitsIcEENS_9allocatorIcEEE6appendEPKc)
                  00005e7c    00000018                                   : string.cpp.obj (.text:_ZNSt3__212basic_stringIcNS_11char_traitsIcEENS_9allocatorIcEEE6assignEPKc)
                  00005e94    00000018                                   : string.cpp.obj (.text:_ZNSt3__212basic_stringIcNS_11char_traitsIcEENS_9allocatorIcEEEC1EOS5_)
                  00005eac    00000018                                   : snprintf.c.obj (.text:_outc)
                  00005ec4    00000016     CONTROL.obj (.text:_ZN5CnodeIcE7setDataEc)
                  00005eda    00000016     CONTROL.obj (.text:_ZN6CqueueINSt3__212basic_stringIcNS0_11char_traitsIcEENS0_9allocatorIcEEEEE10checkEmptyEv)
                  00005ef0    00000016     CONTROL.obj (.text:_ZN6CqueueIcE10checkEmptyEv)
                  00005f06    00000016     rtsv7M4_T_le_v4SPD16_eabi.lib : string.cpp.obj (.text:_ZNSt3__212basic_stringIcNS_11char_traitsIcEENS_9allocatorIcEEED1Ev)
                  00005f1c    00000016                                   : strchr.c.obj (.text:strchr)
                  00005f32    00000002     --HOLE-- [fill = 0]
                  00005f34    00000014     driverlib.lib : hibernate.obj (.text:HibernateEnableExpClk)
                  00005f48    00000014                   : hibernate.obj (.text:HibernateIntClear)
                  00005f5c    00000014                   : hibernate.obj (.text:HibernateIntEnable)
                  00005f70    00000014                   : hibernate.obj (.text:HibernateRTCEnable)
                  00005f84    00000014     rtsv7M4_T_le_v4SPD16_eabi.lib : strlen.c.obj (.text:strlen)
                  00005f98    00000012     driverlib.lib : gpio.obj (.text:GPIOPinTypeGPIOInput)
                  00005faa    00000012                   : gpio.obj (.text:GPIOPinTypeUART)
                  00005fbc    00000012     CONTROL.obj (.text:_ZN5CnodeINSt3__212basic_stringIcNS0_11char_traitsIcEENS0_9allocatorIcEEEEE7getDataEv)
                  00005fce    00000012     CONTROL.obj (.text:_ZN5CnodeINSt3__212basic_stringIcNS0_11char_traitsIcEENS0_9allocatorIcEEEEE7setDataES6_)
                  00005fe0    00000012     CONTROL.obj (.text:_ZN5CnodeINSt3__212basic_stringIcNS0_11char_traitsIcEENS0_9allocatorIcEEEEE7setNextEPS7_)
                  00005ff2    00000012     CONTROL.obj (.text:_ZN5CnodeIcE7setNextEPS0_)
                  00006004    00000012     rtsv7M4_T_le_v4SPD16_eabi.lib : wcslen.c.obj (.text:wcslen)
                  00006016    00000002     --HOLE-- [fill = 0]
                  00006018    00000010     driverlib.lib : hibernate.obj (.text:HibernateRTCMatchSet)
                  00006028    00000010                   : hibernate.obj (.text:HibernateRTCTrimSet)
                  00006038    00000010                   : hibernate.obj (.text:_HibernateWriteComplete)
                  00006048    00000010     rtsv7M4_T_le_v4SPD16_eabi.lib : string.cpp.obj (.text:_ZNKSt3__212basic_stringIcNS_11char_traitsIcEENS_9allocatorIcEEE5c_strEv)
                  00006058    0000000e     driverlib.lib : gpio.obj (.text:GPIOIntStatus)
                  00006066    0000000e     rtsv7M4_T_le_v4SPD16_eabi.lib : typeinfo.c.obj (.text:_ZN10__cxxabiv117__class_type_infoD0Ev)
                  00006074    0000000e                                   : typeinfo.c.obj (.text:_ZN10__cxxabiv120__si_class_type_infoD0Ev)
                  00006082    0000000e     CONTROL.obj (.text:_ZN5CnodeINSt3__212basic_stringIcNS0_11char_traitsIcEENS0_9allocatorIcEEEEE7getNextEv)
                  00006090    0000000e     CONTROL.obj (.text:_ZN5CnodeIcE7getDataEv)
                  0000609e    0000000e     CONTROL.obj (.text:_ZN5CnodeIcE7getNextEv)
                  000060ac    0000000e     CONTROL.obj (.text:_ZN6CqueueINSt3__212basic_stringIcNS0_11char_traitsIcEENS0_9allocatorIcEEEEE7getSizeEv)
                  000060ba    0000000e     CONTROL.obj (.text:_ZN6CqueueIcE7getSizeEv)
                  000060c8    0000000e     rtsv7M4_T_le_v4SPD16_eabi.lib : copy_decompress_none.c.obj (.text:decompress:none:__TI_decompress_none)
                  000060d6    0000000c     driverlib.lib : gpio.obj (.text:GPIOIntEnable)
                  000060e2    00000002     --HOLE-- [fill = 0]
                  000060e4    0000000c                   : hibernate.obj (.text:HibernateRTCGet)
                  000060f0    0000000c     rtsv7M4_T_le_v4SPD16_eabi.lib : string.cpp.obj (.text:_ZNKSt3__221__basic_string_commonILb1EE20__throw_length_errorEv)
                  000060fc    0000000c                                   : string.cpp.obj (.text:_ZNSt3__212basic_stringIcNS_11char_traitsIcEENS_9allocatorIcEEEpLEc)
                  00006108    0000000c     RTC_UC.obj (.text:_ZNSt3__24moveIRNS_12basic_stringIcNS_11char_traitsIcEENS_9allocatorIcEEEEEEONS_16remove_referenceIT_E4typeEOS9_)
                  00006114    0000000c     rtsv7M4_T_le_v4SPD16_eabi.lib : new.cpp.obj (.text:_ZSt15get_new_handlerv)
                  00006120    0000000c                                   : copy_zero_init.c.obj (.text:decompress:ZI:__TI_zero_init)
                  0000612c    0000000c     tm4c123gh6pm_startup_ccs.obj (.text)
                  00006138    0000000a     CONTROL.obj (.text:_ZNSt3__220__throw_length_errorEPKc)
                  00006142    00000008     rtsv7M4_T_le_v4SPD16_eabi.lib : new.cpp.obj (.text:_ZdlPv)
                  0000614a    00000002     --HOLE-- [fill = 0]
                  0000614c    00000008                                   : errno.c.obj (.text:__aeabi_errno_addr)
                  00006154    00000008                                   : memory.c.obj (.text:malloc)
                  0000615c    00000006     driverlib.lib : gpio.obj (.text:GPIOIntClear)
                  00006162    00000006                   : gpio.obj (.text:GPIOPinWrite)
                  00006168    00000006                   : sysctl.obj (.text:SysCtlDelay)
                  0000616e    00000006                   : uart.obj (.text:UARTClockSourceSet)
                  00006174    00000006     rtsv7M4_T_le_v4SPD16_eabi.lib : pure_virt.c.obj (.text:__cxa_pure_virtual)
                  0000617a    00000004                                   : typeinfo.c.obj (.text:_ZN10__cxxabiv117__class_type_infoD1Ev)
                  0000617e    00000004                                   : typeinfo.c.obj (.text:_ZN10__cxxabiv120__si_class_type_infoD1Ev)
                  00006182    00000004                                   : string.cpp.obj (.text:_ZNSt3__212basic_stringIcNS_11char_traitsIcEENS_9allocatorIcEEEaSEPKc)
                  00006186    00000004                                   : new.cpp.obj (.text:_ZdlPvj)
                  0000618a    00000004                                   : error.c.obj (.text:__abort_execution)
                  0000618e    00000004                                   : pre_init.c.obj (.text:_system_pre_init)
                  00006192    00000004                                   : exit.c.obj (.text:abort:abort)

.const     0    00006198    00000968     
                  00006198    00000299     LCD_NHDC12864.obj (.const:.string:times8)
                  00006431    00000101     rtsv7M4_T_le_v4SPD16_eabi.lib : ctype.c.obj (.const:.string:_ctypes_)
                  00006532    00000002     --HOLE-- [fill = 0]
                  00006534    000000d8     driverlib.lib : gpio.obj (.const:g_ppui32GPIOIntMapSnowflake)
                  0000660c    000000c0                   : gpio.obj (.const:g_ppui32GPIOIntMapBlizzard)
                  000066cc    00000090                   : gpio.obj (.const:g_pui32GPIOBaseAddrs)
                  0000675c    00000070                   : interrupt.obj (.const)
                  000067cc    0000006c                   : sysctl.obj (.const:g_pui32Xtals)
                  00006838    00000040                   : uart.obj (.const:g_ppui32UARTIntMap)
                  00006878    00000040                   : uart.obj (.const:g_ppui32UARTIntMapSnowflake)
                  000068b8    00000030     rtsv7M4_T_le_v4SPD16_eabi.lib : string.cpp.obj (.const:$O1$$)
                  000068e8    00000025                                   : typeinfo.c.obj (.const:.typeinfo:_ZTSN10__cxxabiv120__si_class_type_infoE)
                  0000690d    00000022                                   : typeinfo.c.obj (.const:.typeinfo:_ZTSN10__cxxabiv117__class_type_infoE)
                  0000692f    00000001     --HOLE-- [fill = 0]
                  00006930    00000018     LCD_UC.obj (.const:_ZTV4CLCD)
                  00006948    00000018     DISPLAY.obj (.const:_ZTV8CDisplay)
                  00006960    00000014     RTC_UC.obj (.const:_ZTV5CTime)
                  00006974    00000014     UART_UC.obj (.const:_ZTV8CConsole)
                  00006988    00000014     DATE_TIME.obj (.const:_ZTV9CDateTime)
                  0000699c    00000014     TERMINAL.obj (.const:_ZTV9CTerminal)
                  000069b0    00000012     uartstdio.obj (.const:.string)
                  000069c2    00000002     --HOLE-- [fill = 0]
                  000069c4    00000010     IO.obj (.const:_ZTV3CIO)
                  000069d4    00000010     GPIO_UC.obj (.const:_ZTV5CGPIO)
                  000069e4    00000010     rtsv7M4_T_le_v4SPD16_eabi.lib : typeinfo.c.obj (.const:_ZTVN10__cxxabiv117__class_type_infoE)
                  000069f4    00000010                                   : typeinfo.c.obj (.const:_ZTVN10__cxxabiv120__si_class_type_infoE)
                  00006a04    0000000d                                   : string.cpp.obj (.const:.string:_ZZNKSt3__221__basic_string_commonILb1EE20__throw_length_errorEvEs)
                  00006a11    0000000d                                   : stdlib_typeinfo.cpp.obj (.const:.typeinfo:_ZTSSt9type_info)
                  00006a1e    00000002     --HOLE-- [fill = 0]
                  00006a20    0000000c     LCD_UC.obj (.const:.typeinfo:_ZTI4CLCD)
                  00006a2c    0000000c     GPIO_UC.obj (.const:.typeinfo:_ZTI5CGPIO)
                  00006a38    0000000c     RTC_UC.obj (.const:.typeinfo:_ZTI5CTime)
                  00006a44    0000000c     UART_UC.obj (.const:.typeinfo:_ZTI8CConsole)
                  00006a50    0000000c     rtsv7M4_T_le_v4SPD16_eabi.lib : typeinfo.c.obj (.const:.typeinfo:_ZTIN10__cxxabiv117__class_type_infoE)
                  00006a5c    0000000c                                   : typeinfo.c.obj (.const:.typeinfo:_ZTIN10__cxxabiv120__si_class_type_infoE)
                  00006a68    0000000c     uartstdio.obj (.const:g_ui32UARTBase)
                  00006a74    0000000c     uartstdio.obj (.const:g_ui32UARTInt)
                  00006a80    0000000c     uartstdio.obj (.const:g_ui32UARTPeriph)
                  00006a8c    0000000b     DATE_TIME.obj (.const:.typeinfo:_ZTS9CDateTime)
                  00006a97    0000000b     TERMINAL.obj (.const:.typeinfo:_ZTS9CTerminal)
                  00006aa2    0000000a     UART_UC.obj (.const:.typeinfo:_ZTS8CConsole)
                  00006aac    0000000a     DISPLAY.obj (.const:.typeinfo:_ZTS8CDisplay)
                  00006ab6    00000002     --HOLE-- [fill = 0]
                  00006ab8    00000008     GPIO_UC.obj (.const:.typeinfo:_ZTI3CIO)
                  00006ac0    00000008     DISPLAY.obj (.const:.typeinfo:_ZTI8CDisplay)
                  00006ac8    00000008     DATE_TIME.obj (.const:.typeinfo:_ZTI9CDateTime)
                  00006ad0    00000008     TERMINAL.obj (.const:.typeinfo:_ZTI9CTerminal)
                  00006ad8    00000008     rtsv7M4_T_le_v4SPD16_eabi.lib : stdlib_typeinfo.cpp.obj (.const:.typeinfo:_ZTISt9type_info)
                  00006ae0    00000007     GPIO_UC.obj (.const:.typeinfo:_ZTS5CGPIO)
                  00006ae7    00000007     RTC_UC.obj (.const:.typeinfo:_ZTS5CTime)
                  00006aee    00000006     LCD_UC.obj (.const:.typeinfo:_ZTS4CLCD)
                  00006af4    00000005     GPIO_UC.obj (.const:.typeinfo:_ZTS3CIO)
                  00006af9    00000003     --HOLE-- [fill = 0]
                  00006afc    00000004     uartstdio.obj (.const)

.cinit     0    00006b00    00000058     
                  00006b00    00000021     (.cinit..data.load) [load image, compression = lzss]
                  00006b21    00000003     --HOLE-- [fill = 0]
                  00006b24    0000000c     (__TI_handler_table)
                  00006b30    00000008     (.cinit..bss.load) [load image, compression = zero_init]
                  00006b38    00000008     (.cinit..vtable.load) [load image, compression = zero_init]
                  00006b40    00000018     (__TI_cinit_table)

.init_array 
*          0    00000000    00000000     UNINITIALIZED

.vtable    0    20000000    0000026c     UNINITIALIZED
                  20000000    0000026c     driverlib.lib : interrupt.obj (.vtable)

.stack     0    20000270    00000800     UNINITIALIZED
                  20000270    00000004     rtsv7M4_T_le_v4SPD16_eabi.lib : boot_cortex_m.c.obj (.stack)
                  20000274    000007fc     --HOLE--

.sysmem    0    20000a70    00000800     UNINITIALIZED
                  20000a70    00000010     rtsv7M4_T_le_v4SPD16_eabi.lib : memory.c.obj (.sysmem)
                  20000a80    000007f0     --HOLE--

.bss       0    20001270    0000048c     UNINITIALIZED
                  20001270    00000400     uartstdio.obj (.bss:g_pcUARTTxBuffer)
                  20001670    00000080     uartstdio.obj (.bss:g_pcUARTRxBuffer)
                  200016f0    00000008     uartstdio.obj (.bss)
                  200016f8    00000004     rtsv7M4_T_le_v4SPD16_eabi.lib : new.cpp.obj (.bss)

.data      0    200016fc    00000040     UNINITIALIZED
                  200016fc    00000015     uartstdio.obj (.data)
                  20001711    0000000b     LCD_NHDC12864.obj (.data:lcdConfigVector)
                  2000171c    00000008     rtsv7M4_T_le_v4SPD16_eabi.lib : _lock.c.obj (.data:$O1$$)
                  20001724    00000008                                   : memory.c.obj (.data:$O1$$)
                  2000172c    00000004     GPIO_UC.obj (.data)
                  20001730    00000004     RTC_UC.obj (.data)
                  20001734    00000004     rtsv7M4_T_le_v4SPD16_eabi.lib : errno.c.obj (.data)
                  20001738    00000004                                   : rand.c.obj (.data)

MODULE SUMMARY

       Module                         code    ro data   rw data
       ------                         ----    -------   -------
    .\src\
       uartstdio.obj                  2324    58        1181   
       CONTROL.obj                    2680    0         0      
       FSM.obj                        2500    0         0      
       LCD_NHDC12864.obj              1176    665       11     
       GPIO_UC.obj                    1032    48        4      
       UART_UC.obj                    946     42        0      
       RTC_UC.obj                     616     39        4      
       tm4c123gh6pm_startup_ccs.obj   12      620       0      
       LCD_UC.obj                     292     42        0      
       IO.obj                         204     16        0      
       DATE_TIME.obj                  60      39        0      
       DISPLAY.obj                    36      42        0      
       TERMINAL.obj                   36      39        0      
       main.obj                       62      0         0      
    +--+------------------------------+-------+---------+---------+
       Total:                         11976   1650      1200   
                                                               
    C:/ti/TivaWare_C_Series-2.1.4.178/driverlib/ccs/Debug/driverlib.lib
       gpio.obj                       696     552       0      
       interrupt.obj                  156     112       620    
       sysctl.obj                     630     108       0      
       hibernate.obj                  336     0         0      
       uart.obj                       94      128       0      
    +--+------------------------------+-------+---------+---------+
       Total:                         1912    900       620    
                                                               
    C:\ti\ccsv8\tools\compiler\ti-cgt-arm_18.9.0.STS\lib\rtsv7M4_T_le_v4SPD16_eabi.lib
       _printfi.c.obj                 4851    0         0      
       string.cpp.obj                 1781    61        0      
       memory.c.obj                   676     0         8      
       fd_add_t2.asm.obj              438     0         0      
       fd_div_t2.asm.obj              310     0         0      
       s_scalbn.c.obj                 272     0         0      
       fd_cmp_t2.asm.obj              268     0         0      
       ctype.c.obj                    0       257       0      
       fd_mul_t2.asm.obj              252     0         0      
       typeinfo.c.obj                 36      127       0      
       memcpy_t2.asm.obj              156     0         0      
       ull_div_t2.asm.obj             150     0         0      
       snprintf.c.obj                 148     0         0      
       memset_t2.asm.obj              122     0         0      
       copy_decompress_lzss.c.obj     104     0         0      
       s_frexp.c.obj                  100     0         0      
       ltoa.c.obj                     84      0         0      
       atoi.c.obj                     76      0         0      
       fd_toi_t2.asm.obj              72      0         0      
       autoinit.c.obj                 68      0         0      
       u_divt2.asm.obj                64      0         0      
       new.cpp.obj                    58      0         4      
       rand.c.obj                     52      0         4      
       boot_cortex_m.c.obj            52      0         0      
       i_tofd_t2.asm.obj              46      0         0      
       memmov.c.obj                   36      0         0      
       memccpy.c.obj                  28      0         0      
       s_copysign.c.obj               26      0         0      
       stdlib_typeinfo.cpp.obj        2       21        0      
       strchr.c.obj                   22      0         0      
       strlen.c.obj                   20      0         0      
       wcslen.c.obj                   18      0         0      
       copy_decompress_none.c.obj     14      0         0      
       copy_zero_init.c.obj           12      0         0      
       errno.c.obj                    8       0         4      
       _lock.c.obj                    2       0         8      
       pure_virt.c.obj                6       0         0      
       error.c.obj                    4       0         0      
       exit.c.obj                     4       0         0      
       pre_init.c.obj                 4       0         0      
       div0.asm.obj                   2       0         0      
    +--+------------------------------+-------+---------+---------+
       Total:                         10444   466       28     
                                                               
       Heap:                          0       0         2048   
       Stack:                         0       0         2048   
       Linker Generated:              0       85        0      
    +--+------------------------------+-------+---------+---------+
       Grand Total:                   24332   3101      5944   


LINKER GENERATED COPY TABLES

__TI_cinit_table @ 00006b40 records: 3, size/record: 8, table size: 24
	.data: load addr=00006b00, load size=00000021 bytes, run addr=200016fc, run size=00000040 bytes, compression=lzss
	.bss: load addr=00006b30, load size=00000008 bytes, run addr=20001270, run size=0000048c bytes, compression=zero_init
	.vtable: load addr=00006b38, load size=00000008 bytes, run addr=20000000, run size=0000026c bytes, compression=zero_init


LINKER GENERATED HANDLER TABLE

__TI_handler_table @ 00006b24 records: 3, size/record: 4, table size: 12
	index: 0, handler: __TI_zero_init
	index: 1, handler: __TI_decompress_lzss
	index: 2, handler: __TI_decompress_none


GLOBAL SYMBOLS: SORTED ALPHABETICALLY BY Name 

address   name                                                                                                            
-------   ----                                                                                                            
00006193  C$$EXIT                                                                                                         
00005b49  GPIODirModeSet                                                                                                  
0000615d  GPIOIntClear                                                                                                    
000060d7  GPIOIntEnable                                                                                                   
00005dbb  GPIOIntRegister                                                                                                 
00006059  GPIOIntStatus                                                                                                   
000053b5  GPIOIntTypeSet                                                                                                  
00003d7b  GPIOPadConfigSet                                                                                                
000055f1  GPIOPinConfigure                                                                                                
00005f99  GPIOPinTypeGPIOInput                                                                                            
00005dd3  GPIOPinTypeGPIOOutput                                                                                           
00005fab  GPIOPinTypeUART                                                                                                 
00006163  GPIOPinWrite                                                                                                    
00005639  HibernateClockConfig                                                                                            
00005f35  HibernateEnableExpClk                                                                                           
00005f49  HibernateIntClear                                                                                               
00005f5d  HibernateIntEnable                                                                                              
00005deb  HibernateIntRegister                                                                                            
00005e05  HibernateIntStatus                                                                                              
00005f71  HibernateRTCEnable                                                                                              
000060e5  HibernateRTCGet                                                                                                 
00006019  HibernateRTCMatchSet                                                                                            
00005b1d  HibernateRTCSet                                                                                                 
00006029  HibernateRTCTrimSet                                                                                             
00005159  IntEnable                                                                                                       
000059c1  IntRegister                                                                                                     
000029c9  LCDClear                                                                                                        
0000269d  LCDInitializeNHDC12864                                                                                          
00002a41  LCDReverseBlink                                                                                                 
00002979  LCDSetColumn                                                                                                    
000029a3  LCDSetPage                                                                                                      
0000295f  LCDSetStartLine                                                                                                 
000026ef  LCDWrite                                                                                                        
00002a83  LCDWriteChar7x8                                                                                                 
00002ac7  LCDWriteString                                                                                                  
0000612d  ResetISR                                                                                                        
000040f5  SysCtlClockGet                                                                                                  
00004411  SysCtlClockSet                                                                                                  
00006169  SysCtlDelay                                                                                                     
000059f5  SysCtlPeripheralEnable                                                                                          
00005989  SysCtlPeripheralReady                                                                                           
0000616f  UARTClockSourceSet                                                                                              
00001dd5  UARTEchoSet                                                                                                     
00001d6f  UARTFlushRx                                                                                                     
00001d97  UARTFlushTx                                                                                                     
00005e1d  UARTIntRegister                                                                                                 
00001d15  UARTPeek                                                                                                        
00001cf3  UARTRxBytesAvail                                                                                                
00001795  UARTStdioConfig                                                                                                 
00001e09  UARTStdioIntHandler                                                                                             
00001d01  UARTTxBytesFree                                                                                                 
0000196f  UARTgetc                                                                                                        
000018f3  UARTgets                                                                                                        
00001ccf  UARTprintf                                                                                                      
000019d5  UARTvprintf                                                                                                     
0000184d  UARTwrite                                                                                                       
00003561  _Z6RTCISRv                                                                                                      
00002b35  _Z7GPIOISRv                                                                                                     
00006067  _ZN10__cxxabiv117__class_type_infoD0Ev                                                                          
0000617b  _ZN10__cxxabiv117__class_type_infoD1Ev                                                                          
0000617b  _ZN10__cxxabiv117__class_type_infoD2Ev                                                                          
00006075  _ZN10__cxxabiv120__si_class_type_infoD0Ev                                                                       
0000617f  _ZN10__cxxabiv120__si_class_type_infoD1Ev                                                                       
0000617f  _ZN10__cxxabiv120__si_class_type_infoD2Ev                                                                       
000048dd  _ZN3CIO10clearInputEi                                                                                           
0000492b  _ZN3CIO11clearOutputEi                                                                                          
000048f3  _ZN3CIO8getInputEi                                                                                              
000048c7  _ZN3CIO8setInputEi                                                                                              
00004941  _ZN3CIO9getOutputEi                                                                                             
00004915  _ZN3CIO9setOutputEi                                                                                             
0000489d  _ZN3CIOC1Ev                                                                                                     
0000489d  _ZN3CIOC2Ev                                                                                                     
000048bb  _ZN3CIOD1Ev                                                                                                     
000048bb  _ZN3CIOD2Ev                                                                                                     
00000ce3  _ZN4CFSM11changeStateE8FSMstate                                                                                 
00000d07  _ZN4CFSM6runFSMEP6CqueueINSt3__212basic_stringIcNS1_11char_traitsIcEENS1_9allocatorIcEEEEE                      
00000cf9  _ZN4CFSM8getStateEv                                                                                             
00000cbd  _ZN4CFSMC1Ev                                                                                                    
00000cbd  _ZN4CFSMC2Ev                                                                                                    
00000cd3  _ZN4CFSMD1Ev                                                                                                    
00000cd3  _ZN4CFSMD2Ev                                                                                                    
00003f4f  _ZN4CLCD11clearScreenEv                                                                                         
00003f99  _ZN4CLCD11setPositionEii                                                                                        
00003f69  _ZN4CLCD11writeStringENSt3__212basic_stringIcNS0_11char_traitsIcEENS0_9allocatorIcEEEE                          
00003f8d  _ZN4CLCD12writeIntegerEi                                                                                        
00003ead  _ZN4CLCDC1Ev                                                                                                    
00003ead  _ZN4CLCDC2Ev                                                                                                    
00003f41  _ZN4CLCDD1Ev                                                                                                    
00003f41  _ZN4CLCDD2Ev                                                                                                    
00002e91  _ZN5CGPIO10getCurrentEv                                                                                         
00002cef  _ZN5CGPIO10readInputsEP6CqueueINSt3__212basic_stringIcNS1_11char_traitsIcEENS1_9allocatorIcEEEEE                
00002e9d  _ZN5CGPIO10setCurrentEPS_                                                                                       
00002d05  _ZN5CGPIO12writeOutputsEP6CqueueINSt3__212basic_stringIcNS1_11char_traitsIcEENS1_9allocatorIcEEEEE              
2000172c  _ZN5CGPIO7currentE                                                                                              
00002c03  _ZN5CGPIOC1Ev                                                                                                   
00002c03  _ZN5CGPIOC2Ev                                                                                                   
00002ce1  _ZN5CGPIOD1Ev                                                                                                   
00002ce1  _ZN5CGPIOD2Ev                                                                                                   
0000374f  _ZN5CTime10getCurrentEv                                                                                         
00003755  _ZN5CTime10setCurrentEPS_                                                                                       
0000365f  _ZN5CTime14getSystemClockEv                                                                                     
0000364d  _ZN5CTime14setSystemClockEl                                                                                     
0000366d  _ZN5CTime20getSystemClockStringEv                                                                               
20001730  _ZN5CTime7currentE                                                                                              
00003627  _ZN5CTimeC1El                                                                                                   
000035bb  _ZN5CTimeC1Ev                                                                                                   
00003627  _ZN5CTimeC2El                                                                                                   
000035bb  _ZN5CTimeC2Ev                                                                                                   
0000363f  _ZN5CTimeD1Ev                                                                                                   
0000363f  _ZN5CTimeD2Ev                                                                                                   
00005fbd  _ZN5CnodeINSt3__212basic_stringIcNS0_11char_traitsIcEENS0_9allocatorIcEEEEE7getDataEv                           
00006083  _ZN5CnodeINSt3__212basic_stringIcNS0_11char_traitsIcEENS0_9allocatorIcEEEEE7getNextEv                           
00005fcf  _ZN5CnodeINSt3__212basic_stringIcNS0_11char_traitsIcEENS0_9allocatorIcEEEEE7setDataES6_                         
00005fe1  _ZN5CnodeINSt3__212basic_stringIcNS0_11char_traitsIcEENS0_9allocatorIcEEEEE7setNextEPS7_                        
00005d4d  _ZN5CnodeINSt3__212basic_stringIcNS0_11char_traitsIcEENS0_9allocatorIcEEEEEC1Ev                                 
0000570d  _ZN5CnodeINSt3__212basic_stringIcNS0_11char_traitsIcEENS0_9allocatorIcEEEEED1Ev                                 
00006091  _ZN5CnodeIcE7getDataEv                                                                                          
0000609f  _ZN5CnodeIcE7getNextEv                                                                                          
00005ec5  _ZN5CnodeIcE7setDataEc                                                                                          
00005ff3  _ZN5CnodeIcE7setNextEPS0_                                                                                       
00005e35  _ZN5CnodeIcEC1Ev                                                                                                
0000594d  _ZN5CnodeIcED1Ev                                                                                                
00005edb  _ZN6CqueueINSt3__212basic_stringIcNS0_11char_traitsIcEENS0_9allocatorIcEEEEE10checkEmptyEv                      
000060ad  _ZN6CqueueINSt3__212basic_stringIcNS0_11char_traitsIcEENS0_9allocatorIcEEEEE7getSizeEv                          
00005507  _ZN6CqueueINSt3__212basic_stringIcNS0_11char_traitsIcEENS0_9allocatorIcEEEEE8popFrontEv                         
00004ebf  _ZN6CqueueINSt3__212basic_stringIcNS0_11char_traitsIcEENS0_9allocatorIcEEEEE8pushBackES6_                       
00005c99  _ZN6CqueueINSt3__212basic_stringIcNS0_11char_traitsIcEENS0_9allocatorIcEEEEEC1Ev                                
00005b9d  _ZN6CqueueINSt3__212basic_stringIcNS0_11char_traitsIcEENS0_9allocatorIcEEEEED1Ev                                
00005ef1  _ZN6CqueueIcE10checkEmptyEv                                                                                     
000060bb  _ZN6CqueueIcE7getSizeEv                                                                                         
000057d5  _ZN6CqueueIcE8popFrontEv                                                                                        
000051c1  _ZN6CqueueIcE8pushBackEc                                                                                        
00005cb7  _ZN6CqueueIcEC1Ev                                                                                               
00005e4d  _ZN6CqueueIcED1Ev                                                                                               
00003167  _ZN8CConsole11ReadCommandEPc                                                                                    
00003061  _ZN8CConsole14writeLogStringENSt3__212basic_stringIcNS0_11char_traitsIcEENS0_9allocatorIcEEEEb                  
000030fd  _ZN8CConsole15writeLogIntegerEib                                                                                
00002fc7  _ZN8CConsoleC1EP5CTime                                                                                          
00002f3d  _ZN8CConsoleC1Ev                                                                                                
00002fc7  _ZN8CConsoleC2EP5CTime                                                                                          
00002f3d  _ZN8CConsoleC2Ev                                                                                                
00003053  _ZN8CConsoleD1Ev                                                                                                
00003053  _ZN8CConsoleD2Ev                                                                                                
0000221d  _ZN8CControl14commandsParserEv                                                                                  
0000204d  _ZN8CControl14messageManagerEv                                                                                  
000021c5  _ZN8CControl14receiveCommandEv                                                                                  
00001f95  _ZN8CControlC1Ev                                                                                                
00001f95  _ZN8CControlC2Ev                                                                                                
00002005  _ZN8CControlD1Ev                                                                                                
00002005  _ZN8CControlD2Ev                                                                                                
00005bc5  _ZN8CDisplayC1Ev                                                                                                
00005bc5  _ZN8CDisplayC2Ev                                                                                                
00005bd7  _ZN8CDisplayD1Ev                                                                                                
00005bd7  _ZN8CDisplayD2Ev                                                                                                
00005923  _ZN9CDateTimeC1El                                                                                               
00005911  _ZN9CDateTimeC1Ev                                                                                               
00005923  _ZN9CDateTimeC2El                                                                                               
00005911  _ZN9CDateTimeC2Ev                                                                                               
0000593d  _ZN9CDateTimeD1Ev                                                                                               
0000593d  _ZN9CDateTimeD2Ev                                                                                               
00005be9  _ZN9CTerminalC1Ev                                                                                               
00005be9  _ZN9CTerminalC2Ev                                                                                               
00005bfb  _ZN9CTerminalD1Ev                                                                                               
00005bfb  _ZN9CTerminalD2Ev                                                                                               
00006049  _ZNKSt3__212basic_stringIcNS_11char_traitsIcEENS_9allocatorIcEEE5c_strEv                                        
000060f1  _ZNKSt3__221__basic_string_commonILb1EE20__throw_length_errorEv                                                 
00004969  _ZNSt3__212basic_stringIcNS_11char_traitsIcEENS_9allocatorIcEEE21__grow_by_and_replaceEjjjjjjPKc                
00005e65  _ZNSt3__212basic_stringIcNS_11char_traitsIcEENS_9allocatorIcEEE6appendEPKc                                      
00005011  _ZNSt3__212basic_stringIcNS_11char_traitsIcEENS_9allocatorIcEEE6appendEPKcj                                     
00005cd5  _ZNSt3__212basic_stringIcNS_11char_traitsIcEENS_9allocatorIcEEE6appendERKS5_                                    
00004f31  _ZNSt3__212basic_stringIcNS_11char_traitsIcEENS_9allocatorIcEEE6appendEjc                                       
00005e7d  _ZNSt3__212basic_stringIcNS_11char_traitsIcEENS_9allocatorIcEEE6assignEPKc                                      
000052f5  _ZNSt3__212basic_stringIcNS_11char_traitsIcEENS_9allocatorIcEEE6assignEPKcj                                     
00005ac1  _ZNSt3__212basic_stringIcNS_11char_traitsIcEENS_9allocatorIcEEE6resizeEjc                                       
000046e1  _ZNSt3__212basic_stringIcNS_11char_traitsIcEENS_9allocatorIcEEE7reserveEj                                       
00004ae1  _ZNSt3__212basic_stringIcNS_11char_traitsIcEENS_9allocatorIcEEE9__grow_byEjjjjjj                                
000050ed  _ZNSt3__212basic_stringIcNS_11char_traitsIcEENS_9allocatorIcEEE9push_backEc                                     
00005e95  _ZNSt3__212basic_stringIcNS_11char_traitsIcEENS_9allocatorIcEEEC1EOS5_                                          
00005357  _ZNSt3__212basic_stringIcNS_11char_traitsIcEENS_9allocatorIcEEEC1EPKc                                           
00004fa1  _ZNSt3__212basic_stringIcNS_11char_traitsIcEENS_9allocatorIcEEEC1ERKS5_                                         
00005cf3  _ZNSt3__212basic_stringIcNS_11char_traitsIcEENS_9allocatorIcEEEC1Ev                                             
00005f07  _ZNSt3__212basic_stringIcNS_11char_traitsIcEENS_9allocatorIcEEED1Ev                                             
00005855  _ZNSt3__212basic_stringIcNS_11char_traitsIcEENS_9allocatorIcEEEaSEOS5_                                          
00006183  _ZNSt3__212basic_stringIcNS_11char_traitsIcEENS_9allocatorIcEEEaSEPKc                                           
00005c0d  _ZNSt3__212basic_stringIcNS_11char_traitsIcEENS_9allocatorIcEEEaSERKS5_                                         
000060fd  _ZNSt3__212basic_stringIcNS_11char_traitsIcEENS_9allocatorIcEEEpLEc                                             
00006139  _ZNSt3__220__throw_length_errorEPKc                                                                             
00006109  _ZNSt3__24moveIRNS_12basic_stringIcNS_11char_traitsIcEENS_9allocatorIcEEEEEEONS_16remove_referenceIT_E4typeEOS9_
000047c1  _ZNSt3__29to_stringEi                                                                                           
00005d11  _ZNSt3__2plIcNS_11char_traitsIcEENS_9allocatorIcEEEENS_12basic_stringIT_T0_T1_EEOS9_PKS6_                       
00005d2f  _ZNSt3__2plIcNS_11char_traitsIcEENS_9allocatorIcEEEENS_12basic_stringIT_T0_T1_EEOS9_SA_                         
00000cbb  _ZNSt9type_infoD1Ev                                                                                             
00000cbb  _ZNSt9type_infoD2Ev                                                                                             
00006115  _ZSt15get_new_handlerv                                                                                          
00006193  _ZSt17__throw_bad_allocv                                                                                        
00006ab8  _ZTI3CIO                                                                                                        
00006a20  _ZTI4CLCD                                                                                                       
00006a2c  _ZTI5CGPIO                                                                                                      
00006a38  _ZTI5CTime                                                                                                      
00006a44  _ZTI8CConsole                                                                                                   
00006ac0  _ZTI8CDisplay                                                                                                   
00006ac8  _ZTI9CDateTime                                                                                                  
00006ad0  _ZTI9CTerminal                                                                                                  
00006a50  _ZTIN10__cxxabiv117__class_type_infoE                                                                           
00006a5c  _ZTIN10__cxxabiv120__si_class_type_infoE                                                                        
00006ad8  _ZTISt9type_info                                                                                                
00006af4  _ZTS3CIO                                                                                                        
00006aee  _ZTS4CLCD                                                                                                       
00006ae0  _ZTS5CGPIO                                                                                                      
00006ae7  _ZTS5CTime                                                                                                      
00006aa2  _ZTS8CConsole                                                                                                   
00006aac  _ZTS8CDisplay                                                                                                   
00006a8c  _ZTS9CDateTime                                                                                                  
00006a97  _ZTS9CTerminal                                                                                                  
0000690d  _ZTSN10__cxxabiv117__class_type_infoE                                                                           
000068e8  _ZTSN10__cxxabiv120__si_class_type_infoE                                                                        
00006a11  _ZTSSt9type_info                                                                                                
000069c4  _ZTV3CIO                                                                                                        
00006930  _ZTV4CLCD                                                                                                       
000069d4  _ZTV5CGPIO                                                                                                      
00006960  _ZTV5CTime                                                                                                      
00006974  _ZTV8CConsole                                                                                                   
00006948  _ZTV8CDisplay                                                                                                   
00006988  _ZTV9CDateTime                                                                                                  
0000699c  _ZTV9CTerminal                                                                                                  
000069e4  _ZTVN10__cxxabiv117__class_type_infoE                                                                           
000069f4  _ZTVN10__cxxabiv120__si_class_type_infoE                                                                        
00006a04  _ZZNKSt3__221__basic_string_commonILb1EE20__throw_length_errorEvEs                                              
00006143  _ZdlPv                                                                                                          
00006187  _ZdlPvj                                                                                                         
00005c55  _Znwj                                                                                                           
20000a70  __STACK_END                                                                                                     
00000800  __STACK_SIZE                                                                                                    
20000470  __STACK_TOP                                                                                                     
00000800  __SYSMEM_SIZE                                                                                                   
00006b40  __TI_CINIT_Base                                                                                                 
00006b58  __TI_CINIT_Limit                                                                                                
00006b24  __TI_Handler_Table_Base                                                                                         
00006b30  __TI_Handler_Table_Limit                                                                                        
00005751  __TI_auto_init_nobinit_nopinit                                                                                  
00005229  __TI_decompress_lzss                                                                                            
000060c9  __TI_decompress_none                                                                                            
ffffffff  __TI_pprof_out_hndl                                                                                             
0000026d  __TI_printfi                                                                                                    
ffffffff  __TI_prof_data_size                                                                                             
ffffffff  __TI_prof_data_start                                                                                            
00000000  __TI_static_base__                                                                                              
00006121  __TI_zero_init                                                                                                  
0000618b  __abort_execution                                                                                               
00004cbb  __aeabi_cdcmpeq                                                                                                 
00004cbb  __aeabi_cdcmple                                                                                                 
00004d41  __aeabi_cdrcmple                                                                                                
00005681  __aeabi_d2iz                                                                                                    
0000395b  __aeabi_dadd                                                                                                    
00003c45  __aeabi_ddiv                                                                                                    
00004315  __aeabi_dmul                                                                                                    
00003951  __aeabi_dsub                                                                                                    
0000614d  __aeabi_errno_addr                                                                                              
00005aef  __aeabi_i2d                                                                                                     
000032ef  __aeabi_idiv0                                                                                                   
000032ef  __aeabi_ldiv0                                                                                                   
00004e45  __aeabi_memclr                                                                                                  
00004e45  __aeabi_memclr4                                                                                                 
00004e45  __aeabi_memclr8                                                                                                 
00004b89  __aeabi_memcpy                                                                                                  
00004b89  __aeabi_memcpy4                                                                                                 
00004b89  __aeabi_memcpy8                                                                                                 
00004e47  __aeabi_memset                                                                                                  
00004e47  __aeabi_memset4                                                                                                 
00004e47  __aeabi_memset8                                                                                                 
00005815  __aeabi_uidiv                                                                                                   
00005815  __aeabi_uidivmod                                                                                                
00004c25  __aeabi_uldivmod                                                                                                
ffffffff  __binit__                                                                                                       
ffffffff  __c_args__                                                                                                      
00006175  __cxa_pure_virtual                                                                                              
UNDEFED   __mpu_init                                                                                                      
20000270  __stack                                                                                                         
00005a29  _c_int00_noargs                                                                                                 
00006431  _ctypes_                                                                                                        
2000171c  _lock                                                                                                           
0000269b  _nop                                                                                                            
20000a70  _sys_memory                                                                                                     
UNDEFED   _system_post_cinit                                                                                              
0000618f  _system_pre_init                                                                                                
20001720  _unlock                                                                                                         
00006193  abort                                                                                                           
00004505  aligned_alloc                                                                                                   
00005559  atoi                                                                                                            
ffffffff  binit                                                                                                           
00005da1  copysign                                                                                                        
00005da1  copysignl                                                                                                       
20001734  errno                                                                                                           
000045f9  free                                                                                                            
00005291  frexp                                                                                                           
00005291  frexpl                                                                                                          
20000000  g_pfnRAMVectors                                                                                                 
00000000  g_pfnVectors                                                                                                    
20001711  lcdConfigVector                                                                                                 
00004205  ldexp                                                                                                           
00004205  ldexpl                                                                                                          
00005461  ltoa                                                                                                            
000058d1  main                                                                                                            
00006155  malloc                                                                                                          
00004505  memalign                                                                                                        
00005d85  memccpy                                                                                                         
00004b89  memcpy                                                                                                          
00005c31  memmove                                                                                                         
00004e4d  memset                                                                                                          
00005a5d  rand                                                                                                            
00004205  scalbn                                                                                                          
00004205  scalbnl                                                                                                         
000055a5  snprintf                                                                                                        
00005f1d  strchr                                                                                                          
00005f85  strlen                                                                                                          
00006198  times8                                                                                                          
00006005  wcslen                                                                                                          


GLOBAL SYMBOLS: SORTED BY Symbol Address 

address   name                                                                                                            
-------   ----                                                                                                            
00000000  __TI_static_base__                                                                                              
00000000  g_pfnVectors                                                                                                    
0000026d  __TI_printfi                                                                                                    
00000800  __STACK_SIZE                                                                                                    
00000800  __SYSMEM_SIZE                                                                                                   
00000cbb  _ZNSt9type_infoD1Ev                                                                                             
00000cbb  _ZNSt9type_infoD2Ev                                                                                             
00000cbd  _ZN4CFSMC1Ev                                                                                                    
00000cbd  _ZN4CFSMC2Ev                                                                                                    
00000cd3  _ZN4CFSMD1Ev                                                                                                    
00000cd3  _ZN4CFSMD2Ev                                                                                                    
00000ce3  _ZN4CFSM11changeStateE8FSMstate                                                                                 
00000cf9  _ZN4CFSM8getStateEv                                                                                             
00000d07  _ZN4CFSM6runFSMEP6CqueueINSt3__212basic_stringIcNS1_11char_traitsIcEENS1_9allocatorIcEEEEE                      
00001795  UARTStdioConfig                                                                                                 
0000184d  UARTwrite                                                                                                       
000018f3  UARTgets                                                                                                        
0000196f  UARTgetc                                                                                                        
000019d5  UARTvprintf                                                                                                     
00001ccf  UARTprintf                                                                                                      
00001cf3  UARTRxBytesAvail                                                                                                
00001d01  UARTTxBytesFree                                                                                                 
00001d15  UARTPeek                                                                                                        
00001d6f  UARTFlushRx                                                                                                     
00001d97  UARTFlushTx                                                                                                     
00001dd5  UARTEchoSet                                                                                                     
00001e09  UARTStdioIntHandler                                                                                             
00001f95  _ZN8CControlC1Ev                                                                                                
00001f95  _ZN8CControlC2Ev                                                                                                
00002005  _ZN8CControlD1Ev                                                                                                
00002005  _ZN8CControlD2Ev                                                                                                
0000204d  _ZN8CControl14messageManagerEv                                                                                  
000021c5  _ZN8CControl14receiveCommandEv                                                                                  
0000221d  _ZN8CControl14commandsParserEv                                                                                  
0000269b  _nop                                                                                                            
0000269d  LCDInitializeNHDC12864                                                                                          
000026ef  LCDWrite                                                                                                        
0000295f  LCDSetStartLine                                                                                                 
00002979  LCDSetColumn                                                                                                    
000029a3  LCDSetPage                                                                                                      
000029c9  LCDClear                                                                                                        
00002a41  LCDReverseBlink                                                                                                 
00002a83  LCDWriteChar7x8                                                                                                 
00002ac7  LCDWriteString                                                                                                  
00002b35  _Z7GPIOISRv                                                                                                     
00002c03  _ZN5CGPIOC1Ev                                                                                                   
00002c03  _ZN5CGPIOC2Ev                                                                                                   
00002ce1  _ZN5CGPIOD1Ev                                                                                                   
00002ce1  _ZN5CGPIOD2Ev                                                                                                   
[...]
00005911  _ZN9CDateTimeC2Ev                                                                                               
00005923  _ZN9CDateTimeC1El                                                                                               
00005923  _ZN9CDateTimeC2El                                                                                               
0000593d  _ZN9CDateTimeD1Ev                                                                                               
0000593d  _ZN9CDateTimeD2Ev                                                                                               
0000594d  _ZN5CnodeIcED1Ev                                                                                                
00005989  SysCtlPeripheralReady                                                                                           
000059c1  IntRegister                                                                                                     
000059f5  SysCtlPeripheralEnable                                                                                          
00005a29  _c_int00_noargs                                                                                                 
00005a5d  rand                                                                                                            
00005ac1  _ZNSt3__212basic_stringIcNS_11char_traitsIcEENS_9allocatorIcEEE6resizeEjc                                       
00005aef  __aeabi_i2d                                                                                                     
00005b1d  HibernateRTCSet                                                                                                 
00005b49  GPIODirModeSet                                                                                                  
00005b9d  _ZN6CqueueINSt3__212basic_stringIcNS0_11char_traitsIcEENS0_9allocatorIcEEEEED1Ev                                
00005bc5  _ZN8CDisplayC1Ev                                                                                                
00005bc5  _ZN8CDisplayC2Ev                                                                                                
00005bd7  _ZN8CDisplayD1Ev                                                                                                
00005bd7  _ZN8CDisplayD2Ev                                                                                                
00005be9  _ZN9CTerminalC1Ev                                                                                               
00005be9  _ZN9CTerminalC2Ev                                                                                               
00005bfb  _ZN9CTerminalD1Ev                                                                                               
00005bfb  _ZN9CTerminalD2Ev                                                                                               
00005c0d  _ZNSt3__212basic_stringIcNS_11char_traitsIcEENS_9allocatorIcEEEaSERKS5_                                         
00005c31  memmove                                                                                                         
00005c55  _Znwj                                                                                                           
00005c99  _ZN6CqueueINSt3__212basic_stringIcNS0_11char_traitsIcEENS0_9allocatorIcEEEEEC1Ev                                
00005cb7  _ZN6CqueueIcEC1Ev                                                                                               
00005cd5  _ZNSt3__212basic_stringIcNS_11char_traitsIcEENS_9allocatorIcEEE6appendERKS5_                                    
00005cf3  _ZNSt3__212basic_stringIcNS_11char_traitsIcEENS_9allocatorIcEEEC1Ev                                             
00005d11  _ZNSt3__2plIcNS_11char_traitsIcEENS_9allocatorIcEEEENS_12basic_stringIT_T0_T1_EEOS9_PKS6_                       
00005d2f  _ZNSt3__2plIcNS_11char_traitsIcEENS_9allocatorIcEEEENS_12basic_stringIT_T0_T1_EEOS9_SA_                         
00005d4d  _ZN5CnodeINSt3__212basic_stringIcNS0_11char_traitsIcEENS0_9allocatorIcEEEEEC1Ev                                 
00005d85  memccpy                                                                                                         
00005da1  copysign                                                                                                        
00005da1  copysignl                                                                                                       
00005dbb  GPIOIntRegister                                                                                                 
00005dd3  GPIOPinTypeGPIOOutput                                                                                           
00005deb  HibernateIntRegister                                                                                            
00005e05  HibernateIntStatus                                                                                              
00005e1d  UARTIntRegister                                                                                                 
00005e35  _ZN5CnodeIcEC1Ev                                                                                                
00005e4d  _ZN6CqueueIcED1Ev                                                                                               
00005e65  _ZNSt3__212basic_stringIcNS_11char_traitsIcEENS_9allocatorIcEEE6appendEPKc                                      
00005e7d  _ZNSt3__212basic_stringIcNS_11char_traitsIcEENS_9allocatorIcEEE6assignEPKc                                      
00005e95  _ZNSt3__212basic_stringIcNS_11char_traitsIcEENS_9allocatorIcEEEC1EOS5_                                          
00005ec5  _ZN5CnodeIcE7setDataEc                                                                                          
00005edb  _ZN6CqueueINSt3__212basic_stringIcNS0_11char_traitsIcEENS0_9allocatorIcEEEEE10checkEmptyEv                      
00005ef1  _ZN6CqueueIcE10checkEmptyEv                                                                                     
00005f07  _ZNSt3__212basic_stringIcNS_11char_traitsIcEENS_9allocatorIcEEED1Ev                                             
00005f1d  strchr                                                                                                          
00005f35  HibernateEnableExpClk                                                                                           
00005f49  HibernateIntClear                                                                                               
00005f5d  HibernateIntEnable                                                                                              
00005f71  HibernateRTCEnable                                                                                              
00005f85  strlen                                                                                                          
00005f99  GPIOPinTypeGPIOInput                                                                                            
00005fab  GPIOPinTypeUART                                                                                                 
00005fbd  _ZN5CnodeINSt3__212basic_stringIcNS0_11char_traitsIcEENS0_9allocatorIcEEEEE7getDataEv                           
00005fcf  _ZN5CnodeINSt3__212basic_stringIcNS0_11char_traitsIcEENS0_9allocatorIcEEEEE7setDataES6_                         
00005fe1  _ZN5CnodeINSt3__212basic_stringIcNS0_11char_traitsIcEENS0_9allocatorIcEEEEE7setNextEPS7_                        
00005ff3  _ZN5CnodeIcE7setNextEPS0_                                                                                       
00006005  wcslen                                                                                                          
00006019  HibernateRTCMatchSet                                                                                            
00006029  HibernateRTCTrimSet                                                                                             
00006049  _ZNKSt3__212basic_stringIcNS_11char_traitsIcEENS_9allocatorIcEEE5c_strEv                                        
00006059  GPIOIntStatus                                                                                                   
00006067  _ZN10__cxxabiv117__class_type_infoD0Ev                                                                          
00006075  _ZN10__cxxabiv120__si_class_type_infoD0Ev                                                                       
00006083  _ZN5CnodeINSt3__212basic_stringIcNS0_11char_traitsIcEENS0_9allocatorIcEEEEE7getNextEv                           
00006091  _ZN5CnodeIcE7getDataEv                                                                                          
0000609f  _ZN5CnodeIcE7getNextEv                                                                                          
000060ad  _ZN6CqueueINSt3__212basic_stringIcNS0_11char_traitsIcEENS0_9allocatorIcEEEEE7getSizeEv                          
000060bb  _ZN6CqueueIcE7getSizeEv                                                                                         
000060c9  __TI_decompress_none                                                                                            
000060d7  GPIOIntEnable                                                                                                   
000060e5  HibernateRTCGet                                                                                                 
000060f1  _ZNKSt3__221__basic_string_commonILb1EE20__throw_length_errorEv                                                 
000060fd  _ZNSt3__212basic_stringIcNS_11char_traitsIcEENS_9allocatorIcEEEpLEc                                             
00006109  _ZNSt3__24moveIRNS_12basic_stringIcNS_11char_traitsIcEENS_9allocatorIcEEEEEEONS_16remove_referenceIT_E4typeEOS9_
00006115  _ZSt15get_new_handlerv                                                                                          
00006121  __TI_zero_init                                                                                                  
0000612d  ResetISR                                                                                                        
00006139  _ZNSt3__220__throw_length_errorEPKc                                                                             
00006143  _ZdlPv                                                                                                          
0000614d  __aeabi_errno_addr                                                                                              
00006155  malloc                                                                                                          
0000615d  GPIOIntClear                                                                                                    
00006163  GPIOPinWrite                                                                                                    
00006169  SysCtlDelay                                                                                                     
0000616f  UARTClockSourceSet                                                                                              
00006175  __cxa_pure_virtual                                                                                              
0000617b  _ZN10__cxxabiv117__class_type_infoD1Ev                                                                          
0000617b  _ZN10__cxxabiv117__class_type_infoD2Ev                                                                          
0000617f  _ZN10__cxxabiv120__si_class_type_infoD1Ev                                                                       
0000617f  _ZN10__cxxabiv120__si_class_type_infoD2Ev                                                                       
00006183  _ZNSt3__212basic_stringIcNS_11char_traitsIcEENS_9allocatorIcEEEaSEPKc                                           
00006187  _ZdlPvj                                                                                                         
0000618b  __abort_execution                                                                                               
0000618f  _system_pre_init                                                                                                
00006193  C$$EXIT                                                                                                         
00006193  _ZSt17__throw_bad_allocv                                                                                        
00006193  abort                                                                                                           
00006198  times8                                                                                                          
00006431  _ctypes_                                                                                                        
000068e8  _ZTSN10__cxxabiv120__si_class_type_infoE                                                                        
0000690d  _ZTSN10__cxxabiv117__class_type_infoE                                                                           
00006930  _ZTV4CLCD                                                                                                       
00006948  _ZTV8CDisplay                                                                                                   
00006960  _ZTV5CTime                                                                                                      
00006974  _ZTV8CConsole                                                                                                   
00006988  _ZTV9CDateTime                                                                                                  
0000699c  _ZTV9CTerminal                                                                                                  
000069c4  _ZTV3CIO                                                                                                        
000069d4  _ZTV5CGPIO                                                                                                      
000069e4  _ZTVN10__cxxabiv117__class_type_infoE                                                                           
000069f4  _ZTVN10__cxxabiv120__si_class_type_infoE                                                                        
00006a04  _ZZNKSt3__221__basic_string_commonILb1EE20__throw_length_errorEvEs                                              
00006a11  _ZTSSt9type_info                                                                                                
00006a20  _ZTI4CLCD                                                                                                       
00006a2c  _ZTI5CGPIO                                                                                                      
00006a38  _ZTI5CTime                                                                                                      
00006a44  _ZTI8CConsole                                                                                                   
00006a50  _ZTIN10__cxxabiv117__class_type_infoE                                                                           
00006a5c  _ZTIN10__cxxabiv120__si_class_type_infoE                                                                        
00006a8c  _ZTS9CDateTime                                                                                                  
00006a97  _ZTS9CTerminal                                                                                                  
00006aa2  _ZTS8CConsole                                                                                                   
00006aac  _ZTS8CDisplay                                                                                                   
00006ab8  _ZTI3CIO                                                                                                        
00006ac0  _ZTI8CDisplay                                                                                                   
00006ac8  _ZTI9CDateTime                                                                                                  
00006ad0  _ZTI9CTerminal                                                                                                  
00006ad8  _ZTISt9type_info                                                                                                
00006ae0  _ZTS5CGPIO                                                                                                      
00006ae7  _ZTS5CTime                                                                                                      
00006aee  _ZTS4CLCD                                                                                                       
00006af4  _ZTS3CIO                                                                                                        
00006b24  __TI_Handler_Table_Base                                                                                         
00006b30  __TI_Handler_Table_Limit                                                                                        
00006b40  __TI_CINIT_Base                                                                                                 
00006b58  __TI_CINIT_Limit                                                                                                
20000000  g_pfnRAMVectors                                                                                                 
20000270  __stack                                                                                                         
20000470  __STACK_TOP                                                                                                     
20000a70  __STACK_END                                                                                                     
20000a70  _sys_memory                                                                                                     
20001711  lcdConfigVector                                                                                                 
2000171c  _lock                                                                                                           
20001720  _unlock                                                                                                         
2000172c  _ZN5CGPIO7currentE                                                                                              
20001730  _ZN5CTime7currentE                                                                                              
20001734  errno                                                                                                           
ffffffff  __TI_pprof_out_hndl                                                                                             
ffffffff  __TI_prof_data_size                                                                                             
ffffffff  __TI_prof_data_start                                                                                            
ffffffff  __binit__                                                                                                       
ffffffff  __c_args__                                                                                                      
ffffffff  binit                                                                                                           
UNDEFED   __mpu_init                                                                                                      
UNDEFED   _system_post_cinit                                                                                              

[317 symbols]
