<?xml version="1.0" encoding="ISO-8859-1" ?>
<link_info>
   <banner>TI ARM Linker PC v18.9.0.STS</banner>
   <copyright>Copyright (c) 1996-2018 Texas Instruments Incorporated</copyright>
   <link_time>0x5c0083ab</link_time>
   <link_errors>0x0</link_errors>
   <output_file>vending_machine.out</output_file>
   <entry_point>
      <name>_c_int00_noargs</name>
      <address>0x5a29</address>
   </entry_point>
   <input_file_list>
      <input_file id="fl-2">
         <path>.\src\</path>
         <kind>object</kind>
         <file>CONTROL.obj</file>
         <name>CONTROL.obj</name>
      </input_file>
      <input_file id="fl-3">
         <path>.\src\</path>
         <kind>object</kind>
         <file>DATE_TIME.obj</file>
         <name>DATE_TIME.obj</name>
      </input_file>
      <input_file id="fl-4">
         <path>.\src\</path>
         <kind>object</kind>
         <file>DISPLAY.obj</file>
         <name>DISPLAY.obj</name>
      </input_file>
      <input_file id="fl-5">
         <path>.\src\</path>
         <kind>object</kind>
         <file>FSM.obj</file>
         <name>FSM.obj</name>
      </input_file>
      <input_file id="fl-6">
         <path>.\src\</path>
         <kind>object</kind>
         <file>GPIO_UC.obj</file>
         <name>GPIO_UC.obj</name>
      </input_file>
      <input_file id="fl-7">
         <path>.\src\</path>
         <kind>object</kind>
         <file>IO.obj</file>
         <name>IO.obj</name>
      </input_file>
      <input_file id="fl-8">
         <path>.\src\</path>
         <kind>object</kind>
         <file>LCD_NHDC12864.obj</file>
         <name>LCD_NHDC12864.obj</name>
      </input_file>
      <input_file id="fl-9">
         <path>.\src\</path>
         <kind>object</kind>
         <file>LCD_UC.obj</file>
         <name>LCD_UC.obj</name>
      </input_file>
      <input_file id="fl-a">
         <path>.\src\</path>
         <kind>object</kind>
         <file>RTC_UC.obj</file>
         <name>RTC_UC.obj</name>
      </input_file>
      <input_file id="fl-b">
         <path>.\src\</path>
         <kind>object</kind>
         <file>TERMINAL.obj</file>
         <name>TERMINAL.obj</name>
      </input_file>
      <input_file id="fl-c">
         <path>.\src\</path>
         <kind>object</kind>
         <file>UART_UC.obj</file>
         <name>UART_UC.obj</name>
      </input_file>
      <input_file id="fl-d">
         <path>.\src\</path>
         <kind>object</kind>
         <file>main.obj</file>
         <name>main.obj</name>
      </input_file>
      <input_file id="fl-e">
         <path>.\src\</path>
         <kind>object</kind>
         <file>tm4c123gh6pm_startup_ccs.obj</file>
         <name>tm4c123gh6pm_startup_ccs.obj</name>
      </input_file>
      <input_file id="fl-f">
         <path>.\src\</path>
         <kind>object</kind>
         <file>uartstdio.obj</file>
         <name>uartstdio.obj</name>
      </input_file>
      <input_file id="fl-14">
         <kind>object</kind>
         <file>&lt;internal&gt;</file>
         <name>&lt;internal&gt;</name>
      </input_file>
      <input_file id="fl-ca">
         <path>C:\ti\ccsv8\tools\compiler\ti-cgt-arm_18.9.0.STS\lib\</path>
         <kind>archive</kind>
         <file>rtsv7M4_T_le_v4SPD16_eabi.lib</file>
         <name>new.cpp.obj</name>
      </input_file>
      <input_file id="fl-cb">
         <path>C:\ti\ccsv8\tools\compiler\ti-cgt-arm_18.9.0.STS\lib\</path>
         <kind>archive</kind>
         <file>rtsv7M4_T_le_v4SPD16_eabi.lib</file>
         <name>string.cpp.obj</name>
      </input_file>
      <input_file id="fl-cc">
         <path>C:\ti\ccsv8\tools\compiler\ti-cgt-arm_18.9.0.STS\lib\</path>
         <kind>archive</kind>
         <file>rtsv7M4_T_le_v4SPD16_eabi.lib</file>
         <name>wcstof.c.obj</name>
      </input_file>
      <input_file id="fl-cd">
         <path>C:\ti\ccsv8\tools\compiler\ti-cgt-arm_18.9.0.STS\lib\</path>
         <kind>archive</kind>
         <file>rtsv7M4_T_le_v4SPD16_eabi.lib</file>
         <name>wcstod.c.obj</name>
      </input_file>
      <input_file id="fl-ce">
         <path>C:\ti\ccsv8\tools\compiler\ti-cgt-arm_18.9.0.STS\lib\</path>
         <kind>archive</kind>
         <file>rtsv7M4_T_le_v4SPD16_eabi.lib</file>
         <name>wcstold.c.obj</name>
      </input_file>
      <input_file id="fl-cf">
         <path>C:\ti\ccsv8\tools\compiler\ti-cgt-arm_18.9.0.STS\lib\</path>
         <kind>archive</kind>
         <file>rtsv7M4_T_le_v4SPD16_eabi.lib</file>
         <name>wcstol.c.obj</name>
      </input_file>
      <input_file id="fl-d0">
         <path>C:\ti\ccsv8\tools\compiler\ti-cgt-arm_18.9.0.STS\lib\</path>
         <kind>archive</kind>
         <file>rtsv7M4_T_le_v4SPD16_eabi.lib</file>
         <name>wcstoul.c.obj</name>
      </input_file>
      <input_file id="fl-d1">
         <path>C:\ti\ccsv8\tools\compiler\ti-cgt-arm_18.9.0.STS\lib\</path>
         <kind>archive</kind>
         <file>rtsv7M4_T_le_v4SPD16_eabi.lib</file>
         <name>wcstoll.c.obj</name>
      </input_file>
      <input_file id="fl-d2">
         <path>C:\ti\ccsv8\tools\compiler\ti-cgt-arm_18.9.0.STS\lib\</path>
         <kind>archive</kind>
         <file>rtsv7M4_T_le_v4SPD16_eabi.lib</file>
         <name>wcstoull.c.obj</name>
      </input_file>
      <input_file id="fl-d3">
         <path>C:\ti\ccsv8\tools\compiler\ti-cgt-arm_18.9.0.STS\lib\</path>
         <kind>archive</kind>
         <file>rtsv7M4_T_le_v4SPD16_eabi.lib</file>
         <name>swprintf.c.obj</name>
      </input_file>
      <input_file id="fl-d4">
         <path>C:\ti\ccsv8\tools\compiler\ti-cgt-arm_18.9.0.STS\lib\</path>
         <kind>archive</kind>
         <file>rtsv7M4_T_le_v4SPD16_eabi.lib</file>
         <name>wcslen.c.obj</name>
      </input_file>
      <input_file id="fl-d5">
         <path>C:\ti\ccsv8\tools\compiler\ti-cgt-arm_18.9.0.STS\lib\</path>
         <kind>archive</kind>
         <file>rtsv7M4_T_le_v4SPD16_eabi.lib</file>
         <name>wmemchr.c.obj</name>
      </input_file>
      <input_file id="fl-d6">
         <path>C:\ti\ccsv8\tools\compiler\ti-cgt-arm_18.9.0.STS\lib\</path>
         <kind>archive</kind>
         <file>rtsv7M4_T_le_v4SPD16_eabi.lib</file>
         <name>wmemcpy.c.obj</name>
      </input_file>
      <input_file id="fl-d7">
         <path>C:\ti\ccsv8\tools\compiler\ti-cgt-arm_18.9.0.STS\lib\</path>
         <kind>archive</kind>
         <file>rtsv7M4_T_le_v4SPD16_eabi.lib</file>
         <name>wmemcmp.c.obj</name>
      </input_file>
      <input_file id="fl-d8">
         <path>C:\ti\ccsv8\tools\compiler\ti-cgt-arm_18.9.0.STS\lib\</path>
         <kind>archive</kind>
         <file>rtsv7M4_T_le_v4SPD16_eabi.lib</file>
         <name>wmemmove.c.obj</name>
      </input_file>
      <input_file id="fl-d9">
         <path>C:\ti\ccsv8\tools\compiler\ti-cgt-arm_18.9.0.STS\lib\</path>
         <kind>archive</kind>
         <file>rtsv7M4_T_le_v4SPD16_eabi.lib</file>
         <name>wmemset.c.obj</name>
      </input_file>
      <input_file id="fl-da">
         <path>C:\ti\ccsv8\tools\compiler\ti-cgt-arm_18.9.0.STS\lib\</path>
         <kind>archive</kind>
         <file>rtsv7M4_T_le_v4SPD16_eabi.lib</file>
         <name>none_mb.c.obj</name>
      </input_file>
      <input_file id="fl-db">
         <path>C:\ti\ccsv8\tools\compiler\ti-cgt-arm_18.9.0.STS\lib\</path>
         <kind>archive</kind>
         <file>rtsv7M4_T_le_v4SPD16_eabi.lib</file>
         <name>vswprintf.c.obj</name>
      </input_file>
      <input_file id="fl-dc">
         <path>C:\ti\ccsv8\tools\compiler\ti-cgt-arm_18.9.0.STS\lib\</path>
         <kind>archive</kind>
         <file>rtsv7M4_T_le_v4SPD16_eabi.lib</file>
         <name>locale_stdlib.c.obj</name>
      </input_file>
      <input_file id="fl-dd">
         <path>C:\ti\ccsv8\tools\compiler\ti-cgt-arm_18.9.0.STS\lib\</path>
         <kind>archive</kind>
         <file>rtsv7M4_T_le_v4SPD16_eabi.lib</file>
         <name>locale_wchar.c.obj</name>
      </input_file>
      <input_file id="fl-de">
         <path>C:\ti\ccsv8\tools\compiler\ti-cgt-arm_18.9.0.STS\lib\</path>
         <kind>archive</kind>
         <file>rtsv7M4_T_le_v4SPD16_eabi.lib</file>
         <name>pure_virt.c.obj</name>
      </input_file>
      <input_file id="fl-df">
         <path>C:\ti\ccsv8\tools\compiler\ti-cgt-arm_18.9.0.STS\lib\</path>
         <kind>archive</kind>
         <file>rtsv7M4_T_le_v4SPD16_eabi.lib</file>
         <name>typeinfo.c.obj</name>
      </input_file>
      <input_file id="fl-e0">
         <path>C:\ti\ccsv8\tools\compiler\ti-cgt-arm_18.9.0.STS\lib\</path>
         <kind>archive</kind>
         <file>rtsv7M4_T_le_v4SPD16_eabi.lib</file>
         <name>memset_t2.asm.obj</name>
      </input_file>
      <input_file id="fl-e1">
         <path>C:\ti\ccsv8\tools\compiler\ti-cgt-arm_18.9.0.STS\lib\</path>
         <kind>archive</kind>
         <file>rtsv7M4_T_le_v4SPD16_eabi.lib</file>
         <name>fs_tod_t2.asm.obj</name>
      </input_file>
      <input_file id="fl-e2">
         <path>C:\ti\ccsv8\tools\compiler\ti-cgt-arm_18.9.0.STS\lib\</path>
         <kind>archive</kind>
         <file>rtsv7M4_T_le_v4SPD16_eabi.lib</file>
         <name>ll_mul_t2.asm.obj</name>
      </input_file>
      <input_file id="fl-e3">
         <path>C:\ti\ccsv8\tools\compiler\ti-cgt-arm_18.9.0.STS\lib\</path>
         <kind>archive</kind>
         <file>rtsv7M4_T_le_v4SPD16_eabi.lib</file>
         <name>memcpy_t2.asm.obj</name>
      </input_file>
      <input_file id="fl-e4">
         <path>C:\ti\ccsv8\tools\compiler\ti-cgt-arm_18.9.0.STS\lib\</path>
         <kind>archive</kind>
         <file>rtsv7M4_T_le_v4SPD16_eabi.lib</file>
         <name>ull_div_t2.asm.obj</name>
      </input_file>
      <input_file id="fl-e5">
         <path>C:\ti\ccsv8\tools\compiler\ti-cgt-arm_18.9.0.STS\lib\</path>
         <kind>archive</kind>
         <file>rtsv7M4_T_le_v4SPD16_eabi.lib</file>
         <name>u_divt2.asm.obj</name>
      </input_file>
      <input_file id="fl-e6">
         <path>C:\ti\ccsv8\tools\compiler\ti-cgt-arm_18.9.0.STS\lib\</path>
         <kind>archive</kind>
         <file>rtsv7M4_T_le_v4SPD16_eabi.lib</file>
         <name>copy_zero_init.c.obj</name>
      </input_file>
      <input_file id="fl-e7">
         <path>C:\ti\ccsv8\tools\compiler\ti-cgt-arm_18.9.0.STS\lib\</path>
         <kind>archive</kind>
         <file>rtsv7M4_T_le_v4SPD16_eabi.lib</file>
         <name>copy_decompress_none.c.obj</name>
      </input_file>
      <input_file id="fl-e8">
         <path>C:\ti\ccsv8\tools\compiler\ti-cgt-arm_18.9.0.STS\lib\</path>
         <kind>archive</kind>
         <file>rtsv7M4_T_le_v4SPD16_eabi.lib</file>
         <name>copy_decompress_lzss.c.obj</name>
      </input_file>
      <input_file id="fl-e9">
         <path>C:\ti\ccsv8\tools\compiler\ti-cgt-arm_18.9.0.STS\lib\</path>
         <kind>archive</kind>
         <file>rtsv7M4_T_le_v4SPD16_eabi.lib</file>
         <name>exit.c.obj</name>
      </input_file>
      <input_file id="fl-ea">
         <path>C:\ti\ccsv8\tools\compiler\ti-cgt-arm_18.9.0.STS\lib\</path>
         <kind>archive</kind>
         <file>rtsv7M4_T_le_v4SPD16_eabi.lib</file>
         <name>_lock.c.obj</name>
      </input_file>
      <input_file id="fl-eb">
         <path>C:\ti\ccsv8\tools\compiler\ti-cgt-arm_18.9.0.STS\lib\</path>
         <kind>archive</kind>
         <file>rtsv7M4_T_le_v4SPD16_eabi.lib</file>
         <name>atoi.c.obj</name>
      </input_file>
      <input_file id="fl-ec">
         <path>C:\ti\ccsv8\tools\compiler\ti-cgt-arm_18.9.0.STS\lib\</path>
         <kind>archive</kind>
         <file>rtsv7M4_T_le_v4SPD16_eabi.lib</file>
         <name>atol.c.obj</name>
      </input_file>
      <input_file id="fl-ed">
         <path>C:\ti\ccsv8\tools\compiler\ti-cgt-arm_18.9.0.STS\lib\</path>
         <kind>archive</kind>
         <file>rtsv7M4_T_le_v4SPD16_eabi.lib</file>
         <name>atoll.c.obj</name>
      </input_file>
      <input_file id="fl-ee">
         <path>C:\ti\ccsv8\tools\compiler\ti-cgt-arm_18.9.0.STS\lib\</path>
         <kind>archive</kind>
         <file>rtsv7M4_T_le_v4SPD16_eabi.lib</file>
         <name>ctype.c.obj</name>
      </input_file>
      <input_file id="fl-ef">
         <path>C:\ti\ccsv8\tools\compiler\ti-cgt-arm_18.9.0.STS\lib\</path>
         <kind>archive</kind>
         <file>rtsv7M4_T_le_v4SPD16_eabi.lib</file>
         <name>defs.c.obj</name>
      </input_file>
      <input_file id="fl-f0">
         <path>C:\ti\ccsv8\tools\compiler\ti-cgt-arm_18.9.0.STS\lib\</path>
         <kind>archive</kind>
         <file>rtsv7M4_T_le_v4SPD16_eabi.lib</file>
         <name>fprintf.c.obj</name>
      </input_file>
      <input_file id="fl-f1">
         <path>C:\ti\ccsv8\tools\compiler\ti-cgt-arm_18.9.0.STS\lib\</path>
         <kind>archive</kind>
         <file>rtsv7M4_T_le_v4SPD16_eabi.lib</file>
         <name>fputc.c.obj</name>
      </input_file>
      <input_file id="fl-f2">
         <path>C:\ti\ccsv8\tools\compiler\ti-cgt-arm_18.9.0.STS\lib\</path>
         <kind>archive</kind>
         <file>rtsv7M4_T_le_v4SPD16_eabi.lib</file>
         <name>fputs.c.obj</name>
      </input_file>
      <input_file id="fl-f3">
         <path>C:\ti\ccsv8\tools\compiler\ti-cgt-arm_18.9.0.STS\lib\</path>
         <kind>archive</kind>
         <file>rtsv7M4_T_le_v4SPD16_eabi.lib</file>
         <name>memchr.c.obj</name>
      </input_file>
      <input_file id="fl-f4">
         <path>C:\ti\ccsv8\tools\compiler\ti-cgt-arm_18.9.0.STS\lib\</path>
         <kind>archive</kind>
         <file>rtsv7M4_T_le_v4SPD16_eabi.lib</file>
         <name>memcmp.c.obj</name>
      </input_file>
      <input_file id="fl-f5">
         <path>C:\ti\ccsv8\tools\compiler\ti-cgt-arm_18.9.0.STS\lib\</path>
         <kind>archive</kind>
         <file>rtsv7M4_T_le_v4SPD16_eabi.lib</file>
         <name>memmov.c.obj</name>
      </input_file>
      <input_file id="fl-f6">
         <path>C:\ti\ccsv8\tools\compiler\ti-cgt-arm_18.9.0.STS\lib\</path>
         <kind>archive</kind>
         <file>rtsv7M4_T_le_v4SPD16_eabi.lib</file>
         <name>memory.c.obj</name>
      </input_file>
      <input_file id="fl-f7">
         <path>C:\ti\ccsv8\tools\compiler\ti-cgt-arm_18.9.0.STS\lib\</path>
         <kind>archive</kind>
         <file>rtsv7M4_T_le_v4SPD16_eabi.lib</file>
         <name>rand.c.obj</name>
      </input_file>
      <input_file id="fl-f8">
         <path>C:\ti\ccsv8\tools\compiler\ti-cgt-arm_18.9.0.STS\lib\</path>
         <kind>archive</kind>
         <file>rtsv7M4_T_le_v4SPD16_eabi.lib</file>
         <name>snprintf.c.obj</name>
      </input_file>
      <input_file id="fl-f9">
         <path>C:\ti\ccsv8\tools\compiler\ti-cgt-arm_18.9.0.STS\lib\</path>
         <kind>archive</kind>
         <file>rtsv7M4_T_le_v4SPD16_eabi.lib</file>
         <name>strlen.c.obj</name>
      </input_file>
      <input_file id="fl-fa">
         <path>C:\ti\ccsv8\tools\compiler\ti-cgt-arm_18.9.0.STS\lib\</path>
         <kind>archive</kind>
         <file>rtsv7M4_T_le_v4SPD16_eabi.lib</file>
         <name>strtod.c.obj</name>
      </input_file>
      <input_file id="fl-fb">
         <path>C:\ti\ccsv8\tools\compiler\ti-cgt-arm_18.9.0.STS\lib\</path>
         <kind>archive</kind>
         <file>rtsv7M4_T_le_v4SPD16_eabi.lib</file>
         <name>strtof.c.obj</name>
      </input_file>
      <input_file id="fl-fc">
         <path>C:\ti\ccsv8\tools\compiler\ti-cgt-arm_18.9.0.STS\lib\</path>
         <kind>archive</kind>
         <file>rtsv7M4_T_le_v4SPD16_eabi.lib</file>
         <name>strtol.c.obj</name>
      </input_file>
      <input_file id="fl-fd">
         <path>C:\ti\ccsv8\tools\compiler\ti-cgt-arm_18.9.0.STS\lib\</path>
         <kind>archive</kind>
         <file>rtsv7M4_T_le_v4SPD16_eabi.lib</file>
         <name>strtoll.c.obj</name>
      </input_file>
      <input_file id="fl-fe">
         <path>C:\ti\ccsv8\tools\compiler\ti-cgt-arm_18.9.0.STS\lib\</path>
         <kind>archive</kind>
         <file>rtsv7M4_T_le_v4SPD16_eabi.lib</file>
         <name>strtoul.c.obj</name>
      </input_file>
      <input_file id="fl-ff">
         <path>C:\ti\ccsv8\tools\compiler\ti-cgt-arm_18.9.0.STS\lib\</path>
         <kind>archive</kind>
         <file>rtsv7M4_T_le_v4SPD16_eabi.lib</file>
         <name>strtoull.c.obj</name>
      </input_file>
      <input_file id="fl-100">
         <path>C:\ti\ccsv8\tools\compiler\ti-cgt-arm_18.9.0.STS\lib\</path>
         <kind>archive</kind>
         <file>rtsv7M4_T_le_v4SPD16_eabi.lib</file>
         <name>vsnprintf.c.obj</name>
      </input_file>
      <input_file id="fl-101">
         <path>C:\ti\ccsv8\tools\compiler\ti-cgt-arm_18.9.0.STS\lib\</path>
         <kind>archive</kind>
         <file>rtsv7M4_T_le_v4SPD16_eabi.lib</file>
         <name>wctype.c.obj</name>
      </input_file>
      <input_file id="fl-102">
         <path>C:\ti\ccsv8\tools\compiler\ti-cgt-arm_18.9.0.STS\lib\</path>
         <kind>archive</kind>
         <file>rtsv7M4_T_le_v4SPD16_eabi.lib</file>
         <name>boot_cortex_m.c.obj</name>
      </input_file>
      <input_file id="fl-103">
         <path>C:\ti\ccsv8\tools\compiler\ti-cgt-arm_18.9.0.STS\lib\</path>
         <kind>archive</kind>
         <file>rtsv7M4_T_le_v4SPD16_eabi.lib</file>
         <name>errno.c.obj</name>
      </input_file>
      <input_file id="fl-104">
         <path>C:\ti\ccsv8\tools\compiler\ti-cgt-arm_18.9.0.STS\lib\</path>
         <kind>archive</kind>
         <file>rtsv7M4_T_le_v4SPD16_eabi.lib</file>
         <name>fgetwc.c.obj</name>
      </input_file>
      <input_file id="fl-105">
         <path>C:\ti\ccsv8\tools\compiler\ti-cgt-arm_18.9.0.STS\lib\</path>
         <kind>archive</kind>
         <file>rtsv7M4_T_le_v4SPD16_eabi.lib</file>
         <name>fgetws.c.obj</name>
      </input_file>
      <input_file id="fl-106">
         <path>C:\ti\ccsv8\tools\compiler\ti-cgt-arm_18.9.0.STS\lib\</path>
         <kind>archive</kind>
         <file>rtsv7M4_T_le_v4SPD16_eabi.lib</file>
         <name>fputws.c.obj</name>
      </input_file>
      <input_file id="fl-107">
         <path>C:\ti\ccsv8\tools\compiler\ti-cgt-arm_18.9.0.STS\lib\</path>
         <kind>archive</kind>
         <file>rtsv7M4_T_le_v4SPD16_eabi.lib</file>
         <name>vfwprintf.c.obj</name>
      </input_file>
      <input_file id="fl-108">
         <path>C:\ti\ccsv8\tools\compiler\ti-cgt-arm_18.9.0.STS\lib\</path>
         <kind>archive</kind>
         <file>rtsv7M4_T_le_v4SPD16_eabi.lib</file>
         <name>vfwscanf.c.obj</name>
      </input_file>
      <input_file id="fl-109">
         <path>C:\ti\ccsv8\tools\compiler\ti-cgt-arm_18.9.0.STS\lib\</path>
         <kind>archive</kind>
         <file>rtsv7M4_T_le_v4SPD16_eabi.lib</file>
         <name>wcscoll.c.obj</name>
      </input_file>
      <input_file id="fl-10a">
         <path>C:\ti\ccsv8\tools\compiler\ti-cgt-arm_18.9.0.STS\lib\</path>
         <kind>archive</kind>
         <file>rtsv7M4_T_le_v4SPD16_eabi.lib</file>
         <name>wcsxfrm.c.obj</name>
      </input_file>
      <input_file id="fl-10b">
         <path>C:\ti\ccsv8\tools\compiler\ti-cgt-arm_18.9.0.STS\lib\</path>
         <kind>archive</kind>
         <file>rtsv7M4_T_le_v4SPD16_eabi.lib</file>
         <name>stdlib_typeinfo.cpp.obj</name>
      </input_file>
      <input_file id="fl-10c">
         <path>C:\ti\ccsv8\tools\compiler\ti-cgt-arm_18.9.0.STS\lib\</path>
         <kind>archive</kind>
         <file>rtsv7M4_T_le_v4SPD16_eabi.lib</file>
         <name>s_scalbnf.c.obj</name>
      </input_file>
      <input_file id="fl-10d">
         <path>C:\ti\ccsv8\tools\compiler\ti-cgt-arm_18.9.0.STS\lib\</path>
         <kind>archive</kind>
         <file>rtsv7M4_T_le_v4SPD16_eabi.lib</file>
         <name>s_copysignf.c.obj</name>
      </input_file>
      <input_file id="fl-10e">
         <path>C:\ti\ccsv8\tools\compiler\ti-cgt-arm_18.9.0.STS\lib\</path>
         <kind>archive</kind>
         <file>rtsv7M4_T_le_v4SPD16_eabi.lib</file>
         <name>s_scalbn.c.obj</name>
      </input_file>
      <input_file id="fl-10f">
         <path>C:\ti\ccsv8\tools\compiler\ti-cgt-arm_18.9.0.STS\lib\</path>
         <kind>archive</kind>
         <file>rtsv7M4_T_le_v4SPD16_eabi.lib</file>
         <name>s_copysign.c.obj</name>
      </input_file>
      <input_file id="fl-110">
         <path>C:\ti\ccsv8\tools\compiler\ti-cgt-arm_18.9.0.STS\lib\</path>
         <kind>archive</kind>
         <file>rtsv7M4_T_le_v4SPD16_eabi.lib</file>
         <name>error.c.obj</name>
      </input_file>
      <input_file id="fl-111">
         <path>C:\ti\ccsv8\tools\compiler\ti-cgt-arm_18.9.0.STS\lib\</path>
         <kind>archive</kind>
         <file>rtsv7M4_T_le_v4SPD16_eabi.lib</file>
         <name>div0.asm.obj</name>
      </input_file>
      <input_file id="fl-112">
         <path>C:\ti\ccsv8\tools\compiler\ti-cgt-arm_18.9.0.STS\lib\</path>
         <kind>archive</kind>
         <file>rtsv7M4_T_le_v4SPD16_eabi.lib</file>
         <name>fd_add_t2.asm.obj</name>
      </input_file>
      <input_file id="fl-113">
         <path>C:\ti\ccsv8\tools\compiler\ti-cgt-arm_18.9.0.STS\lib\</path>
         <kind>archive</kind>
         <file>rtsv7M4_T_le_v4SPD16_eabi.lib</file>
         <name>fd_cmp_t2.asm.obj</name>
      </input_file>
      <input_file id="fl-114">
         <path>C:\ti\ccsv8\tools\compiler\ti-cgt-arm_18.9.0.STS\lib\</path>
         <kind>archive</kind>
         <file>rtsv7M4_T_le_v4SPD16_eabi.lib</file>
         <name>fd_div_t2.asm.obj</name>
      </input_file>
      <input_file id="fl-115">
         <path>C:\ti\ccsv8\tools\compiler\ti-cgt-arm_18.9.0.STS\lib\</path>
         <kind>archive</kind>
         <file>rtsv7M4_T_le_v4SPD16_eabi.lib</file>
         <name>fd_mul_t2.asm.obj</name>
      </input_file>
      <input_file id="fl-116">
         <path>C:\ti\ccsv8\tools\compiler\ti-cgt-arm_18.9.0.STS\lib\</path>
         <kind>archive</kind>
         <file>rtsv7M4_T_le_v4SPD16_eabi.lib</file>
         <name>autoinit.c.obj</name>
      </input_file>
      <input_file id="fl-117">
         <path>C:\ti\ccsv8\tools\compiler\ti-cgt-arm_18.9.0.STS\lib\</path>
         <kind>archive</kind>
         <file>rtsv7M4_T_le_v4SPD16_eabi.lib</file>
         <name>pre_init.c.obj</name>
      </input_file>
      <input_file id="fl-118">
         <path>C:\ti\ccsv8\tools\compiler\ti-cgt-arm_18.9.0.STS\lib\</path>
         <kind>archive</kind>
         <file>rtsv7M4_T_le_v4SPD16_eabi.lib</file>
         <name>cpy_tbl.c.obj</name>
      </input_file>
      <input_file id="fl-119">
         <path>C:\ti\ccsv8\tools\compiler\ti-cgt-arm_18.9.0.STS\lib\</path>
         <kind>archive</kind>
         <file>rtsv7M4_T_le_v4SPD16_eabi.lib</file>
         <name>write.c.obj</name>
      </input_file>
      <input_file id="fl-11a">
         <path>C:\ti\ccsv8\tools\compiler\ti-cgt-arm_18.9.0.STS\lib\</path>
         <kind>archive</kind>
         <file>rtsv7M4_T_le_v4SPD16_eabi.lib</file>
         <name>host_device.c.obj</name>
      </input_file>
      <input_file id="fl-11b">
         <path>C:\ti\ccsv8\tools\compiler\ti-cgt-arm_18.9.0.STS\lib\</path>
         <kind>archive</kind>
         <file>rtsv7M4_T_le_v4SPD16_eabi.lib</file>
         <name>_io_perm.c.obj</name>
      </input_file>
      <input_file id="fl-11c">
         <path>C:\ti\ccsv8\tools\compiler\ti-cgt-arm_18.9.0.STS\lib\</path>
         <kind>archive</kind>
         <file>rtsv7M4_T_le_v4SPD16_eabi.lib</file>
         <name>_printfi.c.obj</name>
      </input_file>
      <input_file id="fl-11d">
         <path>C:\ti\ccsv8\tools\compiler\ti-cgt-arm_18.9.0.STS\lib\</path>
         <kind>archive</kind>
         <file>rtsv7M4_T_le_v4SPD16_eabi.lib</file>
         <name>args_main.c.obj</name>
      </input_file>
      <input_file id="fl-11e">
         <path>C:\ti\ccsv8\tools\compiler\ti-cgt-arm_18.9.0.STS\lib\</path>
         <kind>archive</kind>
         <file>rtsv7M4_T_le_v4SPD16_eabi.lib</file>
         <name>fflush.c.obj</name>
      </input_file>
      <input_file id="fl-11f">
         <path>C:\ti\ccsv8\tools\compiler\ti-cgt-arm_18.9.0.STS\lib\</path>
         <kind>archive</kind>
         <file>rtsv7M4_T_le_v4SPD16_eabi.lib</file>
         <name>fgetc.c.obj</name>
      </input_file>
      <input_file id="fl-120">
         <path>C:\ti\ccsv8\tools\compiler\ti-cgt-arm_18.9.0.STS\lib\</path>
         <kind>archive</kind>
         <file>rtsv7M4_T_le_v4SPD16_eabi.lib</file>
         <name>fgets.c.obj</name>
      </input_file>
      <input_file id="fl-121">
         <path>C:\ti\ccsv8\tools\compiler\ti-cgt-arm_18.9.0.STS\lib\</path>
         <kind>archive</kind>
         <file>rtsv7M4_T_le_v4SPD16_eabi.lib</file>
         <name>fscanf.c.obj</name>
      </input_file>
      <input_file id="fl-122">
         <path>C:\ti\ccsv8\tools\compiler\ti-cgt-arm_18.9.0.STS\lib\</path>
         <kind>archive</kind>
         <file>rtsv7M4_T_le_v4SPD16_eabi.lib</file>
         <name>fseek.c.obj</name>
      </input_file>
      <input_file id="fl-123">
         <path>C:\ti\ccsv8\tools\compiler\ti-cgt-arm_18.9.0.STS\lib\</path>
         <kind>archive</kind>
         <file>rtsv7M4_T_le_v4SPD16_eabi.lib</file>
         <name>ltoa.c.obj</name>
      </input_file>
      <input_file id="fl-124">
         <path>C:\ti\ccsv8\tools\compiler\ti-cgt-arm_18.9.0.STS\lib\</path>
         <kind>archive</kind>
         <file>rtsv7M4_T_le_v4SPD16_eabi.lib</file>
         <name>memccpy.c.obj</name>
      </input_file>
      <input_file id="fl-125">
         <path>C:\ti\ccsv8\tools\compiler\ti-cgt-arm_18.9.0.STS\lib\</path>
         <kind>archive</kind>
         <file>rtsv7M4_T_le_v4SPD16_eabi.lib</file>
         <name>setvbuf.c.obj</name>
      </input_file>
      <input_file id="fl-126">
         <path>C:\ti\ccsv8\tools\compiler\ti-cgt-arm_18.9.0.STS\lib\</path>
         <kind>archive</kind>
         <file>rtsv7M4_T_le_v4SPD16_eabi.lib</file>
         <name>strchr.c.obj</name>
      </input_file>
      <input_file id="fl-127">
         <path>C:\ti\ccsv8\tools\compiler\ti-cgt-arm_18.9.0.STS\lib\</path>
         <kind>archive</kind>
         <file>rtsv7M4_T_le_v4SPD16_eabi.lib</file>
         <name>strcmp.c.obj</name>
      </input_file>
      <input_file id="fl-128">
         <path>C:\ti\ccsv8\tools\compiler\ti-cgt-arm_18.9.0.STS\lib\</path>
         <kind>archive</kind>
         <file>rtsv7M4_T_le_v4SPD16_eabi.lib</file>
         <name>ungetc.c.obj</name>
      </input_file>
      <input_file id="fl-129">
         <path>C:\ti\ccsv8\tools\compiler\ti-cgt-arm_18.9.0.STS\lib\</path>
         <kind>archive</kind>
         <file>rtsv7M4_T_le_v4SPD16_eabi.lib</file>
         <name>vfprintf.c.obj</name>
      </input_file>
      <input_file id="fl-12a">
         <path>C:\ti\ccsv8\tools\compiler\ti-cgt-arm_18.9.0.STS\lib\</path>
         <kind>archive</kind>
         <file>rtsv7M4_T_le_v4SPD16_eabi.lib</file>
         <name>stdlib_exception.cpp.obj</name>
      </input_file>
      <input_file id="fl-12b">
         <path>C:\ti\ccsv8\tools\compiler\ti-cgt-arm_18.9.0.STS\lib\</path>
         <kind>archive</kind>
         <file>rtsv7M4_T_le_v4SPD16_eabi.lib</file>
         <name>s_frexp.c.obj</name>
      </input_file>
      <input_file id="fl-12c">
         <path>C:\ti\ccsv8\tools\compiler\ti-cgt-arm_18.9.0.STS\lib\</path>
         <kind>archive</kind>
         <file>rtsv7M4_T_le_v4SPD16_eabi.lib</file>
         <name>fd_toi_t2.asm.obj</name>
      </input_file>
      <input_file id="fl-12d">
         <path>C:\ti\ccsv8\tools\compiler\ti-cgt-arm_18.9.0.STS\lib\</path>
         <kind>archive</kind>
         <file>rtsv7M4_T_le_v4SPD16_eabi.lib</file>
         <name>i_tofd_t2.asm.obj</name>
      </input_file>
      <input_file id="fl-12e">
         <path>C:\ti\ccsv8\tools\compiler\ti-cgt-arm_18.9.0.STS\lib\</path>
         <kind>archive</kind>
         <file>rtsv7M4_T_le_v4SPD16_eabi.lib</file>
         <name>hostclose.c.obj</name>
      </input_file>
      <input_file id="fl-12f">
         <path>C:\ti\ccsv8\tools\compiler\ti-cgt-arm_18.9.0.STS\lib\</path>
         <kind>archive</kind>
         <file>rtsv7M4_T_le_v4SPD16_eabi.lib</file>
         <name>hostlseek.c.obj</name>
      </input_file>
      <input_file id="fl-130">
         <path>C:\ti\ccsv8\tools\compiler\ti-cgt-arm_18.9.0.STS\lib\</path>
         <kind>archive</kind>
         <file>rtsv7M4_T_le_v4SPD16_eabi.lib</file>
         <name>hostopen.c.obj</name>
      </input_file>
      <input_file id="fl-131">
         <path>C:\ti\ccsv8\tools\compiler\ti-cgt-arm_18.9.0.STS\lib\</path>
         <kind>archive</kind>
         <file>rtsv7M4_T_le_v4SPD16_eabi.lib</file>
         <name>hostread.c.obj</name>
      </input_file>
      <input_file id="fl-132">
         <path>C:\ti\ccsv8\tools\compiler\ti-cgt-arm_18.9.0.STS\lib\</path>
         <kind>archive</kind>
         <file>rtsv7M4_T_le_v4SPD16_eabi.lib</file>
         <name>hostrename.c.obj</name>
      </input_file>
      <input_file id="fl-133">
         <path>C:\ti\ccsv8\tools\compiler\ti-cgt-arm_18.9.0.STS\lib\</path>
         <kind>archive</kind>
         <file>rtsv7M4_T_le_v4SPD16_eabi.lib</file>
         <name>hostunlink.c.obj</name>
      </input_file>
      <input_file id="fl-134">
         <path>C:\ti\ccsv8\tools\compiler\ti-cgt-arm_18.9.0.STS\lib\</path>
         <kind>archive</kind>
         <file>rtsv7M4_T_le_v4SPD16_eabi.lib</file>
         <name>hostwrite.c.obj</name>
      </input_file>
      <input_file id="fl-135">
         <path>C:\ti\ccsv8\tools\compiler\ti-cgt-arm_18.9.0.STS\lib\</path>
         <kind>archive</kind>
         <file>rtsv7M4_T_le_v4SPD16_eabi.lib</file>
         <name>trgmsg.c.obj</name>
      </input_file>
      <input_file id="fl-136">
         <path>C:\ti\ccsv8\tools\compiler\ti-cgt-arm_18.9.0.STS\lib\</path>
         <kind>archive</kind>
         <file>rtsv7M4_T_le_v4SPD16_eabi.lib</file>
         <name>read.c.obj</name>
      </input_file>
      <input_file id="fl-137">
         <path>C:\ti\ccsv8\tools\compiler\ti-cgt-arm_18.9.0.STS\lib\</path>
         <kind>archive</kind>
         <file>rtsv7M4_T_le_v4SPD16_eabi.lib</file>
         <name>lseek.c.obj</name>
      </input_file>
      <input_file id="fl-138">
         <path>C:\ti\ccsv8\tools\compiler\ti-cgt-arm_18.9.0.STS\lib\</path>
         <kind>archive</kind>
         <file>rtsv7M4_T_le_v4SPD16_eabi.lib</file>
         <name>_bufread.c.obj</name>
      </input_file>
      <input_file id="fl-139">
         <path>C:\ti\ccsv8\tools\compiler\ti-cgt-arm_18.9.0.STS\lib\</path>
         <kind>archive</kind>
         <file>rtsv7M4_T_le_v4SPD16_eabi.lib</file>
         <name>_scanfi.c.obj</name>
      </input_file>
      <input_file id="fl-13a">
         <path>C:\ti\ccsv8\tools\compiler\ti-cgt-arm_18.9.0.STS\lib\</path>
         <kind>archive</kind>
         <file>rtsv7M4_T_le_v4SPD16_eabi.lib</file>
         <name>fopen.c.obj</name>
      </input_file>
      <input_file id="fl-13b">
         <path>C:\ti\ccsv8\tools\compiler\ti-cgt-arm_18.9.0.STS\lib\</path>
         <kind>archive</kind>
         <file>rtsv7M4_T_le_v4SPD16_eabi.lib</file>
         <name>strcpy.c.obj</name>
      </input_file>
      <input_file id="fl-13c">
         <path>C:\ti\ccsv8\tools\compiler\ti-cgt-arm_18.9.0.STS\lib\</path>
         <kind>archive</kind>
         <file>rtsv7M4_T_le_v4SPD16_eabi.lib</file>
         <name>strrchr.c.obj</name>
      </input_file>
      <input_file id="fl-13d">
         <path>C:\ti\ccsv8\tools\compiler\ti-cgt-arm_18.9.0.STS\lib\</path>
         <kind>archive</kind>
         <file>rtsv7M4_T_le_v4SPD16_eabi.lib</file>
         <name>fd_tos_t2.asm.obj</name>
      </input_file>
      <input_file id="fl-13e">
         <path>C:\ti\ccsv8\tools\compiler\ti-cgt-arm_18.9.0.STS\lib\</path>
         <kind>archive</kind>
         <file>rtsv7M4_T_le_v4SPD16_eabi.lib</file>
         <name>open.c.obj</name>
      </input_file>
      <input_file id="fl-13f">
         <path>C:\ti\ccsv8\tools\compiler\ti-cgt-arm_18.9.0.STS\lib\</path>
         <kind>archive</kind>
         <file>rtsv7M4_T_le_v4SPD16_eabi.lib</file>
         <name>fclose.c.obj</name>
      </input_file>
      <input_file id="fl-140">
         <path>C:\ti\ccsv8\tools\compiler\ti-cgt-arm_18.9.0.STS\lib\</path>
         <kind>archive</kind>
         <file>rtsv7M4_T_le_v4SPD16_eabi.lib</file>
         <name>getdevice.c.obj</name>
      </input_file>
      <input_file id="fl-141">
         <path>C:\ti\ccsv8\tools\compiler\ti-cgt-arm_18.9.0.STS\lib\</path>
         <kind>archive</kind>
         <file>rtsv7M4_T_le_v4SPD16_eabi.lib</file>
         <name>strncpy.c.obj</name>
      </input_file>
      <input_file id="fl-142">
         <path>C:\ti\ccsv8\tools\compiler\ti-cgt-arm_18.9.0.STS\lib\</path>
         <kind>archive</kind>
         <file>rtsv7M4_T_le_v4SPD16_eabi.lib</file>
         <name>remove.c.obj</name>
      </input_file>
      <input_file id="fl-143">
         <path>C:\ti\ccsv8\tools\compiler\ti-cgt-arm_18.9.0.STS\lib\</path>
         <kind>archive</kind>
         <file>rtsv7M4_T_le_v4SPD16_eabi.lib</file>
         <name>close.c.obj</name>
      </input_file>
      <input_file id="fl-144">
         <path>C:\ti\ccsv8\tools\compiler\ti-cgt-arm_18.9.0.STS\lib\</path>
         <kind>archive</kind>
         <file>rtsv7M4_T_le_v4SPD16_eabi.lib</file>
         <name>unlink.c.obj</name>
      </input_file>
      <input_file id="fl-145">
         <path>C:\ti\TivaWare_C_Series-2.1.4.178\driverlib\ccs\Debug\</path>
         <kind>archive</kind>
         <file>driverlib.lib</file>
         <name>gpio.obj</name>
      </input_file>
      <input_file id="fl-146">
         <path>C:\ti\TivaWare_C_Series-2.1.4.178\driverlib\ccs\Debug\</path>
         <kind>archive</kind>
         <file>driverlib.lib</file>
         <name>hibernate.obj</name>
      </input_file>
      <input_file id="fl-147">
         <path>C:\ti\TivaWare_C_Series-2.1.4.178\driverlib\ccs\Debug\</path>
         <kind>archive</kind>
         <file>driverlib.lib</file>
         <name>interrupt.obj</name>
      </input_file>
      <input_file id="fl-148">
         <path>C:\ti\TivaWare_C_Series-2.1.4.178\driverlib\ccs\Debug\</path>
         <kind>archive</kind>
         <file>driverlib.lib</file>
         <name>sysctl.obj</name>
      </input_file>
      <input_file id="fl-149">
         <path>C:\ti\TivaWare_C_Series-2.1.4.178\driverlib\ccs\Debug\</path>
         <kind>archive</kind>
         <file>driverlib.lib</file>
         <name>uart.obj</name>
      </input_file>
      <input_file id="fl-14a">
         <path>C:\ti\TivaWare_C_Series-2.1.4.178\driverlib\ccs\Debug\</path>
         <kind>archive</kind>
         <file>driverlib.lib</file>
         <name>cpu.obj</name>
      </input_file>
   </input_file_list>
   <object_component_list>
      <object_component id="oc-10">
         <name>.intvecs</name>
         <load_address>0x0</load_address>
         <run_address>0x0</run_address>
         <size>0x26c</size>
         <input_file_ref idref="fl-e"/>
      </object_component>
      <object_component id="oc-6bc">
         <name>.text:__TI_printfi</name>
         <load_address>0x26c</load_address>
         <run_address>0x26c</run_address>
         <size>0xa4e</size>
         <input_file_ref idref="fl-11c"/>
      </object_component>
      <object_component id="oc-8a1">
         <name>.text:_ZNSt9type_infoD1Ev</name>
         <load_address>0xcba</load_address>
         <run_address>0xcba</run_address>
         <size>0x2</size>
         <input_file_ref idref="fl-10b"/>
      </object_component>
      <object_component id="oc-da">
         <name>.text</name>
         <load_address>0xcbc</load_address>
         <run_address>0xcbc</run_address>
         <size>0x9c4</size>
         <input_file_ref idref="fl-5"/>
      </object_component>
      <object_component id="oc-314">
         <name>.text</name>
         <load_address>0x1680</load_address>
         <run_address>0x1680</run_address>
         <size>0x914</size>
         <input_file_ref idref="fl-f"/>
      </object_component>
      <object_component id="oc-d4">
         <name>.text</name>
         <load_address>0x1f94</load_address>
         <run_address>0x1f94</run_address>
         <size>0x706</size>
         <input_file_ref idref="fl-2"/>
      </object_component>
      <object_component id="oc-4ee">
         <name>.text:_nop</name>
         <load_address>0x269a</load_address>
         <run_address>0x269a</run_address>
         <size>0x2</size>
         <input_file_ref idref="fl-ea"/>
      </object_component>
      <object_component id="oc-32f">
         <name>.text</name>
         <load_address>0x269c</load_address>
         <run_address>0x269c</run_address>
         <size>0x498</size>
         <input_file_ref idref="fl-8"/>
      </object_component>
      <object_component id="oc-e0">
         <name>.text</name>
         <load_address>0x2b34</load_address>
         <run_address>0x2b34</run_address>
         <size>0x408</size>
         <input_file_ref idref="fl-6"/>
      </object_component>
      <object_component id="oc-13e">
         <name>.text</name>
         <load_address>0x2f3c</load_address>
         <run_address>0x2f3c</run_address>
         <size>0x3b2</size>
         <input_file_ref idref="fl-c"/>
      </object_component>
      <object_component id="oc-706">
         <name>.text</name>
         <load_address>0x32ee</load_address>
         <run_address>0x32ee</run_address>
         <size>0x2</size>
         <input_file_ref idref="fl-111"/>
      </object_component>
      <object_component id="oc-7ad">
         <name>.text:_pconv_a</name>
         <load_address>0x32f0</load_address>
         <run_address>0x32f0</run_address>
         <size>0x270</size>
         <input_file_ref idref="fl-11c"/>
      </object_component>
      <object_component id="oc-138">
         <name>.text</name>
         <load_address>0x3560</load_address>
         <run_address>0x3560</run_address>
         <size>0x220</size>
         <input_file_ref idref="fl-a"/>
      </object_component>
      <object_component id="oc-79b">
         <name>.text:_pconv_g</name>
         <load_address>0x3780</load_address>
         <run_address>0x3780</run_address>
         <size>0x1d0</size>
         <input_file_ref idref="fl-11c"/>
      </object_component>
      <object_component id="oc-845">
         <name>.text</name>
         <load_address>0x3950</load_address>
         <run_address>0x3950</run_address>
         <size>0x1b6</size>
         <input_file_ref idref="fl-112"/>
      </object_component>
      <object_component id="oc-7a7">
         <name>.text:_pconv_e</name>
         <load_address>0x3b08</load_address>
         <run_address>0x3b08</run_address>
         <size>0x13c</size>
         <input_file_ref idref="fl-11c"/>
      </object_component>
      <object_component id="oc-82b">
         <name>.text</name>
         <load_address>0x3c44</load_address>
         <run_address>0x3c44</run_address>
         <size>0x136</size>
         <input_file_ref idref="fl-114"/>
      </object_component>
      <object_component id="oc-212">
         <name>.text:GPIOPadConfigSet</name>
         <load_address>0x3d7a</load_address>
         <run_address>0x3d7a</run_address>
         <size>0x132</size>
         <input_file_ref idref="fl-145"/>
      </object_component>
      <object_component id="oc-144">
         <name>.text</name>
         <load_address>0x3eac</load_address>
         <run_address>0x3eac</run_address>
         <size>0x124</size>
         <input_file_ref idref="fl-9"/>
      </object_component>
      <object_component id="oc-857">
         <name>.text:fcvt</name>
         <load_address>0x3fd0</load_address>
         <run_address>0x3fd0</run_address>
         <size>0x124</size>
         <input_file_ref idref="fl-11c"/>
      </object_component>
      <object_component id="oc-2a0">
         <name>.text:SysCtlClockGet</name>
         <load_address>0x40f4</load_address>
         <run_address>0x40f4</run_address>
         <size>0x110</size>
         <input_file_ref idref="fl-148"/>
      </object_component>
      <object_component id="oc-86b">
         <name>.text:scalbn</name>
         <load_address>0x4204</load_address>
         <run_address>0x4204</run_address>
         <size>0x110</size>
         <input_file_ref idref="fl-10e"/>
      </object_component>
      <object_component id="oc-826">
         <name>.text</name>
         <load_address>0x4314</load_address>
         <run_address>0x4314</run_address>
         <size>0xfc</size>
         <input_file_ref idref="fl-115"/>
      </object_component>
      <object_component id="oc-1f4">
         <name>.text:SysCtlClockSet</name>
         <load_address>0x4410</load_address>
         <run_address>0x4410</run_address>
         <size>0xf4</size>
         <input_file_ref idref="fl-148"/>
      </object_component>
      <object_component id="oc-733">
         <name>.text:aligned_alloc</name>
         <load_address>0x4504</load_address>
         <run_address>0x4504</run_address>
         <size>0xf4</size>
         <input_file_ref idref="fl-f6"/>
      </object_component>
      <object_component id="oc-605">
         <name>.text:free</name>
         <load_address>0x45f8</load_address>
         <run_address>0x45f8</run_address>
         <size>0xe8</size>
         <input_file_ref idref="fl-f6"/>
      </object_component>
      <object_component id="oc-366">
         <name>.text:_ZNSt3__212basic_stringIcNS_11char_traitsIcEENS_9allocatorIcEEE7reserveEj</name>
         <load_address>0x46e0</load_address>
         <run_address>0x46e0</run_address>
         <size>0xe0</size>
         <input_file_ref idref="fl-cb"/>
      </object_component>
      <object_component id="oc-2d0">
         <name>.text:_ZNSt3__29to_stringEi</name>
         <load_address>0x47c0</load_address>
         <run_address>0x47c0</run_address>
         <size>0xdb</size>
         <input_file_ref idref="fl-cb"/>
      </object_component>
      <object_component id="oc-1d9">
         <name>.text</name>
         <load_address>0x489c</load_address>
         <run_address>0x489c</run_address>
         <size>0xcc</size>
         <input_file_ref idref="fl-7"/>
      </object_component>
      <object_component id="oc-740">
         <name>.text:_ZNSt3__212basic_stringIcNS_11char_traitsIcEENS_9allocatorIcEEE21__grow_by_and_replaceEjjjjjjPKc</name>
         <load_address>0x4968</load_address>
         <run_address>0x4968</run_address>
         <size>0xc4</size>
         <input_file_ref idref="fl-cb"/>
      </object_component>
      <object_component id="oc-790">
         <name>.text:_ltostr</name>
         <load_address>0x4a2c</load_address>
         <run_address>0x4a2c</run_address>
         <size>0xb1</size>
         <input_file_ref idref="fl-11c"/>
      </object_component>
      <object_component id="oc-644">
         <name>.text:_ZNSt3__212basic_stringIcNS_11char_traitsIcEENS_9allocatorIcEEE9__grow_byEjjjjjj</name>
         <load_address>0x4ae0</load_address>
         <run_address>0x4ae0</run_address>
         <size>0xa8</size>
         <input_file_ref idref="fl-cb"/>
      </object_component>
      <object_component id="oc-3c">
         <name>.text</name>
         <load_address>0x4b88</load_address>
         <run_address>0x4b88</run_address>
         <size>0x9c</size>
         <input_file_ref idref="fl-e3"/>
      </object_component>
      <object_component id="oc-81f">
         <name>.text</name>
         <load_address>0x4c24</load_address>
         <run_address>0x4c24</run_address>
         <size>0x96</size>
         <input_file_ref idref="fl-e4"/>
      </object_component>
      <object_component id="oc-796">
         <name>.text:__aeabi_cdcmple</name>
         <load_address>0x4cba</load_address>
         <run_address>0x4cba</run_address>
         <size>0x86</size>
         <input_file_ref idref="fl-113"/>
      </object_component>
      <object_component id="oc-830">
         <name>.text:__aeabi_cdrcmple</name>
         <load_address>0x4d40</load_address>
         <run_address>0x4d40</run_address>
         <size>0x86</size>
         <input_file_ref idref="fl-113"/>
      </object_component>
      <object_component id="oc-7e9">
         <name>.text:split</name>
         <load_address>0x4dc8</load_address>
         <run_address>0x4dc8</run_address>
         <size>0x7c</size>
         <input_file_ref idref="fl-f6"/>
      </object_component>
      <object_component id="oc-94">
         <name>.text</name>
         <load_address>0x4e44</load_address>
         <run_address>0x4e44</run_address>
         <size>0x7a</size>
         <input_file_ref idref="fl-e0"/>
      </object_component>
      <object_component id="oc-196">
         <name>.text:_ZN6CqueueINSt3__212basic_stringIcNS0_11char_traitsIcEENS0_9allocatorIcEEEEE8pushBackES6_</name>
         <load_address>0x4ebe</load_address>
         <run_address>0x4ebe</run_address>
         <size>0x72</size>
         <input_file_ref idref="fl-2"/>
      </object_component>
      <object_component id="oc-6b5">
         <name>.text:_ZNSt3__212basic_stringIcNS_11char_traitsIcEENS_9allocatorIcEEE6appendEjc</name>
         <load_address>0x4f30</load_address>
         <run_address>0x4f30</run_address>
         <size>0x70</size>
         <input_file_ref idref="fl-cb"/>
      </object_component>
      <object_component id="oc-182">
         <name>.text:_ZNSt3__212basic_stringIcNS_11char_traitsIcEENS_9allocatorIcEEEC1ERKS5_</name>
         <load_address>0x4fa0</load_address>
         <run_address>0x4fa0</run_address>
         <size>0x70</size>
         <input_file_ref idref="fl-cb"/>
      </object_component>
      <object_component id="oc-6da">
         <name>.text:_ZNSt3__212basic_stringIcNS_11char_traitsIcEENS_9allocatorIcEEE6appendEPKcj</name>
         <load_address>0x5010</load_address>
         <run_address>0x5010</run_address>
         <size>0x6e</size>
         <input_file_ref idref="fl-cb"/>
      </object_component>
      <object_component id="oc-850">
         <name>.text:_mcpy</name>
         <load_address>0x507e</load_address>
         <run_address>0x507e</run_address>
         <size>0x6e</size>
         <input_file_ref idref="fl-11c"/>
      </object_component>
      <object_component id="oc-3d7">
         <name>.text:_ZNSt3__212basic_stringIcNS_11char_traitsIcEENS_9allocatorIcEEE9push_backEc</name>
         <load_address>0x50ec</load_address>
         <run_address>0x50ec</run_address>
         <size>0x6a</size>
         <input_file_ref idref="fl-cb"/>
      </object_component>
      <object_component id="oc-4c4">
         <name>.text:IntEnable</name>
         <load_address>0x5158</load_address>
         <run_address>0x5158</run_address>
         <size>0x68</size>
         <input_file_ref idref="fl-147"/>
      </object_component>
      <object_component id="oc-19d">
         <name>.text:_ZN6CqueueIcE8pushBackEc</name>
         <load_address>0x51c0</load_address>
         <run_address>0x51c0</run_address>
         <size>0x68</size>
         <input_file_ref idref="fl-2"/>
      </object_component>
      <object_component id="oc-13">
         <name>.text:decompress:lzss:__TI_decompress_lzss</name>
         <load_address>0x5228</load_address>
         <run_address>0x5228</run_address>
         <size>0x68</size>
         <input_file_ref idref="fl-e8"/>
      </object_component>
      <object_component id="oc-865">
         <name>.text:frexp</name>
         <load_address>0x5290</load_address>
         <run_address>0x5290</run_address>
         <size>0x64</size>
         <input_file_ref idref="fl-12b"/>
      </object_component>
      <object_component id="oc-63d">
         <name>.text:_ZNSt3__212basic_stringIcNS_11char_traitsIcEENS_9allocatorIcEEE6assignEPKcj</name>
         <load_address>0x52f4</load_address>
         <run_address>0x52f4</run_address>
         <size>0x62</size>
         <input_file_ref idref="fl-cb"/>
      </object_component>
      <object_component id="oc-18f">
         <name>.text:_ZNSt3__212basic_stringIcNS_11char_traitsIcEENS_9allocatorIcEEEC1EPKc</name>
         <load_address>0x5356</load_address>
         <run_address>0x5356</run_address>
         <size>0x5e</size>
         <input_file_ref idref="fl-cb"/>
      </object_component>
      <object_component id="oc-21e">
         <name>.text:GPIOIntTypeSet</name>
         <load_address>0x53b4</load_address>
         <run_address>0x53b4</run_address>
         <size>0x56</size>
         <input_file_ref idref="fl-145"/>
      </object_component>
      <object_component id="oc-7a1">
         <name>.text:_pconv_f</name>
         <load_address>0x540a</load_address>
         <run_address>0x540a</run_address>
         <size>0x56</size>
         <input_file_ref idref="fl-11c"/>
      </object_component>
      <object_component id="oc-83a">
         <name>.text:ltoa</name>
         <load_address>0x5460</load_address>
         <run_address>0x5460</run_address>
         <size>0x54</size>
         <input_file_ref idref="fl-123"/>
      </object_component>
      <object_component id="oc-84a">
         <name>.text:_ecpy</name>
         <load_address>0x54b4</load_address>
         <run_address>0x54b4</run_address>
         <size>0x52</size>
         <input_file_ref idref="fl-11c"/>
      </object_component>
      <object_component id="oc-174">
         <name>.text:_ZN6CqueueINSt3__212basic_stringIcNS0_11char_traitsIcEENS0_9allocatorIcEEEEE8popFrontEv</name>
         <load_address>0x5506</load_address>
         <run_address>0x5506</run_address>
         <size>0x50</size>
         <input_file_ref idref="fl-2"/>
      </object_component>
      <object_component id="oc-78a">
         <name>.text:atoi</name>
         <load_address>0x5558</load_address>
         <run_address>0x5558</run_address>
         <size>0x4c</size>
         <input_file_ref idref="fl-eb"/>
      </object_component>
      <object_component id="oc-56c">
         <name>.text:snprintf</name>
         <load_address>0x55a4</load_address>
         <run_address>0x55a4</run_address>
         <size>0x4c</size>
         <input_file_ref idref="fl-f8"/>
      </object_component>
      <object_component id="oc-2fc">
         <name>.text:GPIOPinConfigure</name>
         <load_address>0x55f0</load_address>
         <run_address>0x55f0</run_address>
         <size>0x48</size>
         <input_file_ref idref="fl-145"/>
      </object_component>
      <object_component id="oc-2ac">
         <name>.text:HibernateClockConfig</name>
         <load_address>0x5638</load_address>
         <run_address>0x5638</run_address>
         <size>0x48</size>
         <input_file_ref idref="fl-146"/>
      </object_component>
      <object_component id="oc-835">
         <name>.text</name>
         <load_address>0x5680</load_address>
         <run_address>0x5680</run_address>
         <size>0x48</size>
         <input_file_ref idref="fl-12c"/>
      </object_component>
      <object_component id="oc-4b8">
         <name>.text:_GPIOIntNumberGet</name>
         <load_address>0x56c8</load_address>
         <run_address>0x56c8</run_address>
         <size>0x44</size>
         <input_file_ref idref="fl-145"/>
      </object_component>
      <object_component id="oc-359">
         <name>.text:_ZN5CnodeINSt3__212basic_stringIcNS0_11char_traitsIcEENS0_9allocatorIcEEEEED1Ev</name>
         <load_address>0x570c</load_address>
         <run_address>0x570c</run_address>
         <size>0x44</size>
         <input_file_ref idref="fl-2"/>
      </object_component>
      <object_component id="oc-fd">
         <name>.text:__TI_auto_init_nobinit_nopinit:__TI_auto_init_nobinit_nopinit</name>
         <load_address>0x5750</load_address>
         <run_address>0x5750</run_address>
         <size>0x44</size>
         <input_file_ref idref="fl-116"/>
      </object_component>
      <object_component id="oc-5af">
         <name>.text:_UARTIntNumberGet</name>
         <load_address>0x5794</load_address>
         <run_address>0x5794</run_address>
         <size>0x40</size>
         <input_file_ref idref="fl-149"/>
      </object_component>
      <object_component id="oc-1ab">
         <name>.text:_ZN6CqueueIcE8popFrontEv</name>
         <load_address>0x57d4</load_address>
         <run_address>0x57d4</run_address>
         <size>0x40</size>
         <input_file_ref idref="fl-2"/>
      </object_component>
      <object_component id="oc-5cb">
         <name>.text</name>
         <load_address>0x5814</load_address>
         <run_address>0x5814</run_address>
         <size>0x40</size>
         <input_file_ref idref="fl-e5"/>
      </object_component>
      <object_component id="oc-17b">
         <name>.text:_ZNSt3__212basic_stringIcNS_11char_traitsIcEENS_9allocatorIcEEEaSEOS5_</name>
         <load_address>0x5854</load_address>
         <run_address>0x5854</run_address>
         <size>0x3e</size>
         <input_file_ref idref="fl-cb"/>
      </object_component>
      <object_component id="oc-85d">
         <name>.text:_fcpy</name>
         <load_address>0x5892</load_address>
         <run_address>0x5892</run_address>
         <size>0x3e</size>
         <input_file_ref idref="fl-11c"/>
      </object_component>
      <object_component id="oc-a0">
         <name>.text</name>
         <load_address>0x58d0</load_address>
         <run_address>0x58d0</run_address>
         <size>0x3e</size>
         <input_file_ref idref="fl-d"/>
      </object_component>
      <object_component id="oc-29a">
         <name>.text</name>
         <load_address>0x5910</load_address>
         <run_address>0x5910</run_address>
         <size>0x3c</size>
         <input_file_ref idref="fl-3"/>
      </object_component>
      <object_component id="oc-3c9">
         <name>.text:_ZN5CnodeIcED1Ev</name>
         <load_address>0x594c</load_address>
         <run_address>0x594c</run_address>
         <size>0x3c</size>
         <input_file_ref idref="fl-2"/>
      </object_component>
      <object_component id="oc-200">
         <name>.text:SysCtlPeripheralReady</name>
         <load_address>0x5988</load_address>
         <run_address>0x5988</run_address>
         <size>0x38</size>
         <input_file_ref idref="fl-148"/>
      </object_component>
      <object_component id="oc-4be">
         <name>.text:IntRegister</name>
         <load_address>0x59c0</load_address>
         <run_address>0x59c0</run_address>
         <size>0x34</size>
         <input_file_ref idref="fl-147"/>
      </object_component>
      <object_component id="oc-1fa">
         <name>.text:SysCtlPeripheralEnable</name>
         <load_address>0x59f4</load_address>
         <run_address>0x59f4</run_address>
         <size>0x34</size>
         <input_file_ref idref="fl-148"/>
      </object_component>
      <object_component id="oc-5a">
         <name>.text:_c_int00_noargs:_c_int00_noargs</name>
         <load_address>0x5a28</load_address>
         <run_address>0x5a28</run_address>
         <size>0x34</size>
         <input_file_ref idref="fl-102"/>
      </object_component>
      <object_component id="oc-189">
         <name>.text:rand</name>
         <load_address>0x5a5c</load_address>
         <run_address>0x5a5c</run_address>
         <size>0x34</size>
         <input_file_ref idref="fl-f7"/>
      </object_component>
      <object_component id="oc-6c2">
         <name>.text:_outs</name>
         <load_address>0x5a90</load_address>
         <run_address>0x5a90</run_address>
         <size>0x30</size>
         <input_file_ref idref="fl-f8"/>
      </object_component>
      <object_component id="oc-565">
         <name>.text:_ZNSt3__212basic_stringIcNS_11char_traitsIcEENS_9allocatorIcEEE6resizeEjc</name>
         <load_address>0x5ac0</load_address>
         <run_address>0x5ac0</run_address>
         <size>0x2e</size>
         <input_file_ref idref="fl-cb"/>
      </object_component>
      <object_component id="oc-840">
         <name>.text</name>
         <load_address>0x5aee</load_address>
         <run_address>0x5aee</run_address>
         <size>0x2e</size>
         <input_file_ref idref="fl-12d"/>
      </object_component>
      <object_component id="oc-2b2">
         <name>.text:HibernateRTCSet</name>
         <load_address>0x5b1c</load_address>
         <run_address>0x5b1c</run_address>
         <size>0x2c</size>
         <input_file_ref idref="fl-146"/>
      </object_component>
      <object_component id="oc-4af">
         <name>.text:GPIODirModeSet</name>
         <load_address>0x5b48</load_address>
         <run_address>0x5b48</run_address>
         <size>0x2a</size>
         <input_file_ref idref="fl-145"/>
      </object_component>
      <object_component id="oc-72a">
         <name>.text:free_list_insert</name>
         <load_address>0x5b74</load_address>
         <run_address>0x5b74</run_address>
         <size>0x28</size>
         <input_file_ref idref="fl-f6"/>
      </object_component>
      <object_component id="oc-158">
         <name>.text:_ZN6CqueueINSt3__212basic_stringIcNS0_11char_traitsIcEENS0_9allocatorIcEEEEED1Ev</name>
         <load_address>0x5b9c</load_address>
         <run_address>0x5b9c</run_address>
         <size>0x26</size>
         <input_file_ref idref="fl-2"/>
      </object_component>
      <object_component id="oc-329">
         <name>.text</name>
         <load_address>0x5bc4</load_address>
         <run_address>0x5bc4</run_address>
         <size>0x24</size>
         <input_file_ref idref="fl-4"/>
      </object_component>
      <object_component id="oc-2f6">
         <name>.text</name>
         <load_address>0x5be8</load_address>
         <run_address>0x5be8</run_address>
         <size>0x24</size>
         <input_file_ref idref="fl-b"/>
      </object_component>
      <object_component id="oc-636">
         <name>.text:_ZNSt3__212basic_stringIcNS_11char_traitsIcEENS_9allocatorIcEEEaSERKS5_</name>
         <load_address>0x5c0c</load_address>
         <run_address>0x5c0c</run_address>
         <size>0x24</size>
         <input_file_ref idref="fl-cb"/>
      </object_component>
      <object_component id="oc-747">
         <name>.text:memmove</name>
         <load_address>0x5c30</load_address>
         <run_address>0x5c30</run_address>
         <size>0x24</size>
         <input_file_ref idref="fl-f5"/>
      </object_component>
      <object_component id="oc-374">
         <name>.text:_Znwj</name>
         <load_address>0x5c54</load_address>
         <run_address>0x5c54</run_address>
         <size>0x22</size>
         <input_file_ref idref="fl-ca"/>
      </object_component>
      <object_component id="oc-55e">
         <name>.text:_HibernateIntNumberGet</name>
         <load_address>0x5c78</load_address>
         <run_address>0x5c78</run_address>
         <size>0x20</size>
         <input_file_ref idref="fl-146"/>
      </object_component>
      <object_component id="oc-14a">
         <name>.text:_ZN6CqueueINSt3__212basic_stringIcNS0_11char_traitsIcEENS0_9allocatorIcEEEEEC1Ev</name>
         <load_address>0x5c98</load_address>
         <run_address>0x5c98</run_address>
         <size>0x1e</size>
         <input_file_ref idref="fl-2"/>
      </object_component>
      <object_component id="oc-151">
         <name>.text:_ZN6CqueueIcEC1Ev</name>
         <load_address>0x5cb6</load_address>
         <run_address>0x5cb6</run_address>
         <size>0x1e</size>
         <input_file_ref idref="fl-2"/>
      </object_component>
      <object_component id="oc-581">
         <name>.text:_ZNSt3__212basic_stringIcNS_11char_traitsIcEENS_9allocatorIcEEE6appendERKS5_</name>
         <load_address>0x5cd4</load_address>
         <run_address>0x5cd4</run_address>
         <size>0x1e</size>
         <input_file_ref idref="fl-cb"/>
      </object_component>
      <object_component id="oc-131">
         <name>.text:_ZNSt3__212basic_stringIcNS_11char_traitsIcEENS_9allocatorIcEEEC1Ev</name>
         <load_address>0x5cf2</load_address>
         <run_address>0x5cf2</run_address>
         <size>0x1e</size>
         <input_file_ref idref="fl-cb"/>
      </object_component>
      <object_component id="oc-2d6">
         <name>.text:_ZNSt3__2plIcNS_11char_traitsIcEENS_9allocatorIcEEEENS_12basic_stringIT_T0_T1_EEOS9_PKS6_</name>
         <load_address>0x5d10</load_address>
         <run_address>0x5d10</run_address>
         <size>0x1e</size>
         <input_file_ref idref="fl-a"/>
      </object_component>
      <object_component id="oc-2dd">
         <name>.text:_ZNSt3__2plIcNS_11char_traitsIcEENS_9allocatorIcEEEENS_12basic_stringIT_T0_T1_EEOS9_SA_</name>
         <load_address>0x5d2e</load_address>
         <run_address>0x5d2e</run_address>
         <size>0x1e</size>
         <input_file_ref idref="fl-a"/>
      </object_component>
      <object_component id="oc-38a">
         <name>.text:_ZN5CnodeINSt3__212basic_stringIcNS0_11char_traitsIcEENS0_9allocatorIcEEEEEC1Ev</name>
         <load_address>0x5d4c</load_address>
         <run_address>0x5d4c</run_address>
         <size>0x1c</size>
         <input_file_ref idref="fl-2"/>
      </object_component>
      <object_component id="oc-724">
         <name>.text:free_list_remove</name>
         <load_address>0x5d68</load_address>
         <run_address>0x5d68</run_address>
         <size>0x1c</size>
         <input_file_ref idref="fl-f6"/>
      </object_component>
      <object_component id="oc-7b3">
         <name>.text:memccpy</name>
         <load_address>0x5d84</load_address>
         <run_address>0x5d84</run_address>
         <size>0x1c</size>
         <input_file_ref idref="fl-124"/>
      </object_component>
      <object_component id="oc-8c2">
         <name>.text:copysign</name>
         <load_address>0x5da0</load_address>
         <run_address>0x5da0</run_address>
         <size>0x1a</size>
         <input_file_ref idref="fl-10f"/>
      </object_component>
      <object_component id="oc-218">
         <name>.text:GPIOIntRegister</name>
         <load_address>0x5dba</load_address>
         <run_address>0x5dba</run_address>
         <size>0x18</size>
         <input_file_ref idref="fl-145"/>
      </object_component>
      <object_component id="oc-206">
         <name>.text:GPIOPinTypeGPIOOutput</name>
         <load_address>0x5dd2</load_address>
         <run_address>0x5dd2</run_address>
         <size>0x18</size>
         <input_file_ref idref="fl-145"/>
      </object_component>
      <object_component id="oc-2ca">
         <name>.text:HibernateIntRegister</name>
         <load_address>0x5dea</load_address>
         <run_address>0x5dea</run_address>
         <size>0x18</size>
         <input_file_ref idref="fl-146"/>
      </object_component>
      <object_component id="oc-282">
         <name>.text:HibernateIntStatus</name>
         <load_address>0x5e04</load_address>
         <run_address>0x5e04</run_address>
         <size>0x18</size>
         <input_file_ref idref="fl-146"/>
      </object_component>
      <object_component id="oc-30e">
         <name>.text:UARTIntRegister</name>
         <load_address>0x5e1c</load_address>
         <run_address>0x5e1c</run_address>
         <size>0x18</size>
         <input_file_ref idref="fl-149"/>
      </object_component>
      <object_component id="oc-39f">
         <name>.text:_ZN5CnodeIcEC1Ev</name>
         <load_address>0x5e34</load_address>
         <run_address>0x5e34</run_address>
         <size>0x18</size>
         <input_file_ref idref="fl-2"/>
      </object_component>
      <object_component id="oc-15f">
         <name>.text:_ZN6CqueueIcED1Ev</name>
         <load_address>0x5e4c</load_address>
         <run_address>0x5e4c</run_address>
         <size>0x18</size>
         <input_file_ref idref="fl-2"/>
      </object_component>
      <object_component id="oc-573">
         <name>.text:_ZNSt3__212basic_stringIcNS_11char_traitsIcEENS_9allocatorIcEEE6appendEPKc</name>
         <load_address>0x5e64</load_address>
         <run_address>0x5e64</run_address>
         <size>0x18</size>
         <input_file_ref idref="fl-cb"/>
      </object_component>
      <object_component id="oc-3d0">
         <name>.text:_ZNSt3__212basic_stringIcNS_11char_traitsIcEENS_9allocatorIcEEE6assignEPKc</name>
         <load_address>0x5e7c</load_address>
         <run_address>0x5e7c</run_address>
         <size>0x18</size>
         <input_file_ref idref="fl-cb"/>
      </object_component>
      <object_component id="oc-2e4">
         <name>.text:_ZNSt3__212basic_stringIcNS_11char_traitsIcEENS_9allocatorIcEEEC1EOS5_</name>
         <load_address>0x5e94</load_address>
         <run_address>0x5e94</run_address>
         <size>0x18</size>
         <input_file_ref idref="fl-cb"/>
      </object_component>
      <object_component id="oc-6c8">
         <name>.text:_outc</name>
         <load_address>0x5eac</load_address>
         <run_address>0x5eac</run_address>
         <size>0x18</size>
         <input_file_ref idref="fl-f8"/>
      </object_component>
      <object_component id="oc-3a6">
         <name>.text:_ZN5CnodeIcE7setDataEc</name>
         <load_address>0x5ec4</load_address>
         <run_address>0x5ec4</run_address>
         <size>0x16</size>
         <input_file_ref idref="fl-2"/>
      </object_component>
      <object_component id="oc-16d">
         <name>.text:_ZN6CqueueINSt3__212basic_stringIcNS0_11char_traitsIcEENS0_9allocatorIcEEEEE10checkEmptyEv</name>
         <load_address>0x5eda</load_address>
         <run_address>0x5eda</run_address>
         <size>0x16</size>
         <input_file_ref idref="fl-2"/>
      </object_component>
      <object_component id="oc-3b4">
         <name>.text:_ZN6CqueueIcE10checkEmptyEv</name>
         <load_address>0x5ef0</load_address>
         <run_address>0x5ef0</run_address>
         <size>0x16</size>
         <input_file_ref idref="fl-2"/>
      </object_component>
      <object_component id="oc-166">
         <name>.text:_ZNSt3__212basic_stringIcNS_11char_traitsIcEENS_9allocatorIcEEED1Ev</name>
         <load_address>0x5f06</load_address>
         <run_address>0x5f06</run_address>
         <size>0x16</size>
         <input_file_ref idref="fl-cb"/>
      </object_component>
      <object_component id="oc-871">
         <name>.text:strchr</name>
         <load_address>0x5f1c</load_address>
         <run_address>0x5f1c</run_address>
         <size>0x16</size>
         <input_file_ref idref="fl-126"/>
      </object_component>
      <object_component id="oc-2a6">
         <name>.text:HibernateEnableExpClk</name>
         <load_address>0x5f34</load_address>
         <run_address>0x5f34</run_address>
         <size>0x14</size>
         <input_file_ref idref="fl-146"/>
      </object_component>
      <object_component id="oc-288">
         <name>.text:HibernateIntClear</name>
         <load_address>0x5f48</load_address>
         <run_address>0x5f48</run_address>
         <size>0x14</size>
         <input_file_ref idref="fl-146"/>
      </object_component>
      <object_component id="oc-2b8">
         <name>.text:HibernateIntEnable</name>
         <load_address>0x5f5c</load_address>
         <run_address>0x5f5c</run_address>
         <size>0x14</size>
         <input_file_ref idref="fl-146"/>
      </object_component>
      <object_component id="oc-2c4">
         <name>.text:HibernateRTCEnable</name>
         <load_address>0x5f70</load_address>
         <run_address>0x5f70</run_address>
         <size>0x14</size>
         <input_file_ref idref="fl-146"/>
      </object_component>
      <object_component id="oc-384">
         <name>.text:strlen</name>
         <load_address>0x5f84</load_address>
         <run_address>0x5f84</run_address>
         <size>0x14</size>
         <input_file_ref idref="fl-f9"/>
      </object_component>
      <object_component id="oc-20c">
         <name>.text:GPIOPinTypeGPIOInput</name>
         <load_address>0x5f98</load_address>
         <run_address>0x5f98</run_address>
         <size>0x12</size>
         <input_file_ref idref="fl-145"/>
      </object_component>
      <object_component id="oc-302">
         <name>.text:GPIOPinTypeUART</name>
         <load_address>0x5faa</load_address>
         <run_address>0x5faa</run_address>
         <size>0x12</size>
         <input_file_ref idref="fl-145"/>
      </object_component>
      <object_component id="oc-34b">
         <name>.text:_ZN5CnodeINSt3__212basic_stringIcNS0_11char_traitsIcEENS0_9allocatorIcEEEEE7getDataEv</name>
         <load_address>0x5fbc</load_address>
         <run_address>0x5fbc</run_address>
         <size>0x12</size>
         <input_file_ref idref="fl-2"/>
      </object_component>
      <object_component id="oc-391">
         <name>.text:_ZN5CnodeINSt3__212basic_stringIcNS0_11char_traitsIcEENS0_9allocatorIcEEEEE7setDataES6_</name>
         <load_address>0x5fce</load_address>
         <run_address>0x5fce</run_address>
         <size>0x12</size>
         <input_file_ref idref="fl-2"/>
      </object_component>
      <object_component id="oc-398">
         <name>.text:_ZN5CnodeINSt3__212basic_stringIcNS0_11char_traitsIcEENS0_9allocatorIcEEEEE7setNextEPS7_</name>
         <load_address>0x5fe0</load_address>
         <run_address>0x5fe0</run_address>
         <size>0x12</size>
         <input_file_ref idref="fl-2"/>
      </object_component>
      <object_component id="oc-3ad">
         <name>.text:_ZN5CnodeIcE7setNextEPS0_</name>
         <load_address>0x5ff2</load_address>
         <run_address>0x5ff2</run_address>
         <size>0x12</size>
         <input_file_ref idref="fl-2"/>
      </object_component>
      <object_component id="oc-7b9">
         <name>.text:wcslen</name>
         <load_address>0x6004</load_address>
         <run_address>0x6004</run_address>
         <size>0x12</size>
         <input_file_ref idref="fl-d4"/>
      </object_component>
      <object_component id="oc-294">
         <name>.text:HibernateRTCMatchSet</name>
         <load_address>0x6018</load_address>
         <run_address>0x6018</run_address>
         <size>0x10</size>
         <input_file_ref idref="fl-146"/>
      </object_component>
      <object_component id="oc-2be">
         <name>.text:HibernateRTCTrimSet</name>
         <load_address>0x6028</load_address>
         <run_address>0x6028</run_address>
         <size>0x10</size>
         <input_file_ref idref="fl-146"/>
      </object_component>
      <object_component id="oc-543">
         <name>.text:_HibernateWriteComplete</name>
         <load_address>0x6038</load_address>
         <run_address>0x6038</run_address>
         <size>0x10</size>
         <input_file_ref idref="fl-146"/>
      </object_component>
      <object_component id="oc-31a">
         <name>.text:_ZNKSt3__212basic_stringIcNS_11char_traitsIcEENS_9allocatorIcEEE5c_strEv</name>
         <load_address>0x6048</load_address>
         <run_address>0x6048</run_address>
         <size>0x10</size>
         <input_file_ref idref="fl-cb"/>
      </object_component>
      <object_component id="oc-1e8">
         <name>.text:GPIOIntStatus</name>
         <load_address>0x6058</load_address>
         <run_address>0x6058</run_address>
         <size>0xe</size>
         <input_file_ref idref="fl-145"/>
      </object_component>
      <object_component id="oc-7ff">
         <name>.text:_ZN10__cxxabiv117__class_type_infoD0Ev</name>
         <load_address>0x6066</load_address>
         <run_address>0x6066</run_address>
         <size>0xe</size>
         <input_file_ref idref="fl-df"/>
      </object_component>
      <object_component id="oc-773">
         <name>.text:_ZN10__cxxabiv120__si_class_type_infoD0Ev</name>
         <load_address>0x6074</load_address>
         <run_address>0x6074</run_address>
         <size>0xe</size>
         <input_file_ref idref="fl-df"/>
      </object_component>
      <object_component id="oc-352">
         <name>.text:_ZN5CnodeINSt3__212basic_stringIcNS0_11char_traitsIcEENS0_9allocatorIcEEEEE7getNextEv</name>
         <load_address>0x6082</load_address>
         <run_address>0x6082</run_address>
         <size>0xe</size>
         <input_file_ref idref="fl-2"/>
      </object_component>
      <object_component id="oc-3bb">
         <name>.text:_ZN5CnodeIcE7getDataEv</name>
         <load_address>0x6090</load_address>
         <run_address>0x6090</run_address>
         <size>0xe</size>
         <input_file_ref idref="fl-2"/>
      </object_component>
      <object_component id="oc-3c2">
         <name>.text:_ZN5CnodeIcE7getNextEv</name>
         <load_address>0x609e</load_address>
         <run_address>0x609e</run_address>
         <size>0xe</size>
         <input_file_ref idref="fl-2"/>
      </object_component>
      <object_component id="oc-1b2">
         <name>.text:_ZN6CqueueINSt3__212basic_stringIcNS0_11char_traitsIcEENS0_9allocatorIcEEEEE7getSizeEv</name>
         <load_address>0x60ac</load_address>
         <run_address>0x60ac</run_address>
         <size>0xe</size>
         <input_file_ref idref="fl-2"/>
      </object_component>
      <object_component id="oc-1a4">
         <name>.text:_ZN6CqueueIcE7getSizeEv</name>
         <load_address>0x60ba</load_address>
         <run_address>0x60ba</run_address>
         <size>0xe</size>
         <input_file_ref idref="fl-2"/>
      </object_component>
      <object_component id="oc-19">
         <name>.text:decompress:none:__TI_decompress_none</name>
         <load_address>0x60c8</load_address>
         <run_address>0x60c8</run_address>
         <size>0xe</size>
         <input_file_ref idref="fl-e7"/>
      </object_component>
      <object_component id="oc-224">
         <name>.text:GPIOIntEnable</name>
         <load_address>0x60d6</load_address>
         <run_address>0x60d6</run_address>
         <size>0xc</size>
         <input_file_ref idref="fl-145"/>
      </object_component>
      <object_component id="oc-28e">
         <name>.text:HibernateRTCGet</name>
         <load_address>0x60e4</load_address>
         <run_address>0x60e4</run_address>
         <size>0xc</size>
         <input_file_ref idref="fl-146"/>
      </object_component>
      <object_component id="oc-36d">
         <name>.text:_ZNKSt3__221__basic_string_commonILb1EE20__throw_length_errorEv</name>
         <load_address>0x60f0</load_address>
         <run_address>0x60f0</run_address>
         <size>0xc</size>
         <input_file_ref idref="fl-cb"/>
      </object_component>
      <object_component id="oc-1c0">
         <name>.text:_ZNSt3__212basic_stringIcNS_11char_traitsIcEENS_9allocatorIcEEEpLEc</name>
         <load_address>0x60fc</load_address>
         <run_address>0x60fc</run_address>
         <size>0xc</size>
         <input_file_ref idref="fl-cb"/>
      </object_component>
      <object_component id="oc-57a">
         <name>.text:_ZNSt3__24moveIRNS_12basic_stringIcNS_11char_traitsIcEENS_9allocatorIcEEEEEEONS_16remove_referenceIT_E4typeEOS9_</name>
         <load_address>0x6108</load_address>
         <run_address>0x6108</run_address>
         <size>0xc</size>
         <input_file_ref idref="fl-a"/>
      </object_component>
      <object_component id="oc-621">
         <name>.text:_ZSt15get_new_handlerv</name>
         <load_address>0x6114</load_address>
         <run_address>0x6114</run_address>
         <size>0xc</size>
         <input_file_ref idref="fl-ca"/>
      </object_component>
      <object_component id="oc-4e">
         <name>.text:decompress:ZI:__TI_zero_init</name>
         <load_address>0x6120</load_address>
         <run_address>0x6120</run_address>
         <size>0xc</size>
         <input_file_ref idref="fl-e6"/>
      </object_component>
      <object_component id="oc-28">
         <name>.text</name>
         <load_address>0x612c</load_address>
         <run_address>0x612c</run_address>
         <size>0xc</size>
         <input_file_ref idref="fl-e"/>
      </object_component>
      <object_component id="oc-60f">
         <name>.text:_ZNSt3__220__throw_length_errorEPKc</name>
         <load_address>0x6138</load_address>
         <run_address>0x6138</run_address>
         <size>0xa</size>
         <input_file_ref idref="fl-2"/>
      </object_component>
      <object_component id="oc-345">
         <name>.text:_ZdlPv</name>
         <load_address>0x6142</load_address>
         <run_address>0x6142</run_address>
         <size>0x8</size>
         <input_file_ref idref="fl-ca"/>
      </object_component>
      <object_component id="oc-7bf">
         <name>.text:__aeabi_errno_addr</name>
         <load_address>0x614c</load_address>
         <run_address>0x614c</run_address>
         <size>0x8</size>
         <input_file_ref idref="fl-103"/>
      </object_component>
      <object_component id="oc-61b">
         <name>.text:malloc</name>
         <load_address>0x6154</load_address>
         <run_address>0x6154</run_address>
         <size>0x8</size>
         <input_file_ref idref="fl-f6"/>
      </object_component>
      <object_component id="oc-1ee">
         <name>.text:GPIOIntClear</name>
         <load_address>0x615c</load_address>
         <run_address>0x615c</run_address>
         <size>0x6</size>
         <input_file_ref idref="fl-145"/>
      </object_component>
      <object_component id="oc-22a">
         <name>.text:GPIOPinWrite</name>
         <load_address>0x6162</load_address>
         <run_address>0x6162</run_address>
         <size>0x6</size>
         <input_file_ref idref="fl-145"/>
      </object_component>
      <object_component id="oc-1e7">
         <name>.text:SysCtlDelay</name>
         <load_address>0x6168</load_address>
         <run_address>0x6168</run_address>
         <size>0x6</size>
         <input_file_ref idref="fl-148"/>
      </object_component>
      <object_component id="oc-308">
         <name>.text:UARTClockSourceSet</name>
         <load_address>0x616e</load_address>
         <run_address>0x616e</run_address>
         <size>0x6</size>
         <input_file_ref idref="fl-149"/>
      </object_component>
      <object_component id="oc-65a">
         <name>.text:__cxa_pure_virtual</name>
         <load_address>0x6174</load_address>
         <run_address>0x6174</run_address>
         <size>0x6</size>
         <input_file_ref idref="fl-de"/>
      </object_component>
      <object_component id="oc-7f9">
         <name>.text:_ZN10__cxxabiv117__class_type_infoD1Ev</name>
         <load_address>0x617a</load_address>
         <run_address>0x617a</run_address>
         <size>0x4</size>
         <input_file_ref idref="fl-df"/>
      </object_component>
      <object_component id="oc-76d">
         <name>.text:_ZN10__cxxabiv120__si_class_type_infoD1Ev</name>
         <load_address>0x617e</load_address>
         <run_address>0x617e</run_address>
         <size>0x4</size>
         <input_file_ref idref="fl-df"/>
      </object_component>
      <object_component id="oc-1b9">
         <name>.text:_ZNSt3__212basic_stringIcNS_11char_traitsIcEENS_9allocatorIcEEEaSEPKc</name>
         <load_address>0x6182</load_address>
         <run_address>0x6182</run_address>
         <size>0x4</size>
         <input_file_ref idref="fl-cb"/>
      </object_component>
      <object_component id="oc-360">
         <name>.text:_ZdlPvj</name>
         <load_address>0x6186</load_address>
         <run_address>0x6186</run_address>
         <size>0x4</size>
         <input_file_ref idref="fl-ca"/>
      </object_component>
      <object_component id="oc-757">
         <name>.text:__abort_execution</name>
         <load_address>0x618a</load_address>
         <run_address>0x618a</run_address>
         <size>0x4</size>
         <input_file_ref idref="fl-110"/>
      </object_component>
      <object_component id="oc-9a">
         <name>.text:_system_pre_init</name>
         <load_address>0x618e</load_address>
         <run_address>0x618e</run_address>
         <size>0x4</size>
         <input_file_ref idref="fl-117"/>
      </object_component>
      <object_component id="oc-f1">
         <name>.text:abort:abort</name>
         <load_address>0x6192</load_address>
         <run_address>0x6192</run_address>
         <size>0x4</size>
         <input_file_ref idref="fl-e9"/>
      </object_component>
      <object_component id="oc-33a">
         <name>.const:.string:times8</name>
         <load_address>0x6198</load_address>
         <run_address>0x6198</run_address>
[...]
         <object_component_ref idref="oc-131"/>
      </symbol>
      <symbol id="sm-844">
         <name>_ZNSt3__212basic_stringIcNS_11char_traitsIcEENS_9allocatorIcEEE21__grow_by_and_replaceEjjjjjjPKc</name>
         <value>0x4969</value>
         <object_component_ref idref="oc-740"/>
      </symbol>
      <symbol id="sm-845">
         <name>_ZNSt3__212basic_stringIcNS_11char_traitsIcEENS_9allocatorIcEEE6resizeEjc</name>
         <value>0x5ac1</value>
         <object_component_ref idref="oc-565"/>
      </symbol>
      <symbol id="sm-846">
         <name>_ZNSt3__212basic_stringIcNS_11char_traitsIcEENS_9allocatorIcEEE6appendEjc</name>
         <value>0x4f31</value>
         <object_component_ref idref="oc-6b5"/>
      </symbol>
      <symbol id="sm-847">
         <name>_ZNSt3__212basic_stringIcNS_11char_traitsIcEENS_9allocatorIcEEED1Ev</name>
         <value>0x5f07</value>
         <object_component_ref idref="oc-166"/>
      </symbol>
      <symbol id="sm-848">
         <name>_ZNSt3__212basic_stringIcNS_11char_traitsIcEENS_9allocatorIcEEE6appendEPKcj</name>
         <value>0x5011</value>
         <object_component_ref idref="oc-6da"/>
      </symbol>
      <symbol id="sm-86e">
         <name>wcslen</name>
         <value>0x6005</value>
         <object_component_ref idref="oc-7b9"/>
      </symbol>
      <symbol id="sm-886">
         <name>__cxa_pure_virtual</name>
         <value>0x6175</value>
         <object_component_ref idref="oc-65a"/>
      </symbol>
      <symbol id="sm-8db">
         <name>_ZN10__cxxabiv117__class_type_infoD1Ev</name>
         <value>0x617b</value>
         <object_component_ref idref="oc-7f9"/>
      </symbol>
      <symbol id="sm-8dc">
         <name>_ZTSN10__cxxabiv120__si_class_type_infoE</name>
         <value>0x68e8</value>
         <object_component_ref idref="oc-806"/>
      </symbol>
      <symbol id="sm-8dd">
         <name>_ZTSN10__cxxabiv117__class_type_infoE</name>
         <value>0x690d</value>
         <object_component_ref idref="oc-897"/>
      </symbol>
      <symbol id="sm-8de">
         <name>_ZN10__cxxabiv117__class_type_infoD2Ev</name>
         <value>0x617b</value>
         <object_component_ref idref="oc-7f9"/>
      </symbol>
      <symbol id="sm-8df">
         <name>_ZN10__cxxabiv120__si_class_type_infoD2Ev</name>
         <value>0x617f</value>
         <object_component_ref idref="oc-76d"/>
      </symbol>
      <symbol id="sm-8e0">
         <name>_ZTVN10__cxxabiv117__class_type_infoE</name>
         <value>0x69e4</value>
         <object_component_ref idref="oc-74d"/>
      </symbol>
      <symbol id="sm-8e1">
         <name>_ZTIN10__cxxabiv117__class_type_infoE</name>
         <value>0x6a50</value>
         <object_component_ref idref="oc-7f4"/>
      </symbol>
      <symbol id="sm-8e2">
         <name>_ZN10__cxxabiv120__si_class_type_infoD1Ev</name>
         <value>0x617f</value>
         <object_component_ref idref="oc-76d"/>
      </symbol>
      <symbol id="sm-8e3">
         <name>_ZTIN10__cxxabiv120__si_class_type_infoE</name>
         <value>0x6a5c</value>
         <object_component_ref idref="oc-768"/>
      </symbol>
      <symbol id="sm-8e4">
         <name>_ZN10__cxxabiv117__class_type_infoD0Ev</name>
         <value>0x6067</value>
         <object_component_ref idref="oc-7ff"/>
      </symbol>
      <symbol id="sm-8e5">
         <name>_ZTVN10__cxxabiv120__si_class_type_infoE</name>
         <value>0x69f4</value>
         <object_component_ref idref="oc-680"/>
      </symbol>
      <symbol id="sm-8e6">
         <name>_ZN10__cxxabiv120__si_class_type_infoD0Ev</name>
         <value>0x6075</value>
         <object_component_ref idref="oc-773"/>
      </symbol>
      <symbol id="sm-8f5">
         <name>__aeabi_memset</name>
         <value>0x4e47</value>
         <object_component_ref idref="oc-94"/>
      </symbol>
      <symbol id="sm-8f6">
         <name>memset</name>
         <value>0x4e4d</value>
         <object_component_ref idref="oc-94"/>
      </symbol>
      <symbol id="sm-8f7">
         <name>__aeabi_memset8</name>
         <value>0x4e47</value>
         <object_component_ref idref="oc-94"/>
      </symbol>
      <symbol id="sm-8f8">
         <name>__aeabi_memset4</name>
         <value>0x4e47</value>
         <object_component_ref idref="oc-94"/>
      </symbol>
      <symbol id="sm-8f9">
         <name>__aeabi_memclr8</name>
         <value>0x4e45</value>
         <object_component_ref idref="oc-94"/>
      </symbol>
      <symbol id="sm-8fa">
         <name>__aeabi_memclr4</name>
         <value>0x4e45</value>
         <object_component_ref idref="oc-94"/>
      </symbol>
      <symbol id="sm-8fb">
         <name>__aeabi_memclr</name>
         <value>0x4e45</value>
         <object_component_ref idref="oc-94"/>
      </symbol>
      <symbol id="sm-918">
         <name>memcpy</name>
         <value>0x4b89</value>
         <object_component_ref idref="oc-3c"/>
      </symbol>
      <symbol id="sm-919">
         <name>__aeabi_memcpy</name>
         <value>0x4b89</value>
         <object_component_ref idref="oc-3c"/>
      </symbol>
      <symbol id="sm-91a">
         <name>__aeabi_memcpy8</name>
         <value>0x4b89</value>
         <object_component_ref idref="oc-3c"/>
      </symbol>
      <symbol id="sm-91b">
         <name>__aeabi_memcpy4</name>
         <value>0x4b89</value>
         <object_component_ref idref="oc-3c"/>
      </symbol>
      <symbol id="sm-928">
         <name>__aeabi_uldivmod</name>
         <value>0x4c25</value>
         <object_component_ref idref="oc-81f"/>
      </symbol>
      <symbol id="sm-937">
         <name>__aeabi_uidivmod</name>
         <value>0x5815</value>
         <object_component_ref idref="oc-5cb"/>
      </symbol>
      <symbol id="sm-938">
         <name>__aeabi_uidiv</name>
         <value>0x5815</value>
         <object_component_ref idref="oc-5cb"/>
      </symbol>
      <symbol id="sm-94a">
         <name>__TI_zero_init</name>
         <value>0x6121</value>
         <object_component_ref idref="oc-4e"/>
      </symbol>
      <symbol id="sm-961">
         <name>__TI_decompress_none</name>
         <value>0x60c9</value>
         <object_component_ref idref="oc-19"/>
      </symbol>
      <symbol id="sm-984">
         <name>__TI_decompress_lzss</name>
         <value>0x5229</value>
         <object_component_ref idref="oc-13"/>
      </symbol>
      <symbol id="sm-98f">
         <name>C$$EXIT</name>
         <value>0x6193</value>
         <object_component_ref idref="oc-f1"/>
      </symbol>
      <symbol id="sm-990">
         <name>abort</name>
         <value>0x6193</value>
         <object_component_ref idref="oc-f1"/>
      </symbol>
      <symbol id="sm-9a5">
         <name>_nop</name>
         <value>0x269b</value>
         <object_component_ref idref="oc-4ee"/>
      </symbol>
      <symbol id="sm-9a6">
         <name>_lock</name>
         <value>0x2000171c</value>
         <object_component_ref idref="oc-25f"/>
      </symbol>
      <symbol id="sm-9a7">
         <name>_unlock</name>
         <value>0x20001720</value>
         <object_component_ref idref="oc-25f"/>
      </symbol>
      <symbol id="sm-9bd">
         <name>atoi</name>
         <value>0x5559</value>
         <object_component_ref idref="oc-78a"/>
      </symbol>
      <symbol id="sm-9ca">
         <name>_ctypes_</name>
         <value>0x6431</value>
         <object_component_ref idref="oc-81a"/>
      </symbol>
      <symbol id="sm-9e0">
         <name>memmove</name>
         <value>0x5c31</value>
         <object_component_ref idref="oc-747"/>
      </symbol>
      <symbol id="sm-a67">
         <name>_sys_memory</name>
         <value>0x20000a70</value>
         <object_component_ref idref="oc-22"/>
      </symbol>
      <symbol id="sm-a68">
         <name>free</name>
         <value>0x45f9</value>
         <object_component_ref idref="oc-605"/>
      </symbol>
      <symbol id="sm-a69">
         <name>memalign</name>
         <value>0x4505</value>
         <object_component_ref idref="oc-733"/>
      </symbol>
      <symbol id="sm-a6a">
         <name>malloc</name>
         <value>0x6155</value>
         <object_component_ref idref="oc-61b"/>
      </symbol>
      <symbol id="sm-a6b">
         <name>aligned_alloc</name>
         <value>0x4505</value>
         <object_component_ref idref="oc-733"/>
      </symbol>
      <symbol id="sm-a81">
         <name>rand</name>
         <value>0x5a5d</value>
         <object_component_ref idref="oc-189"/>
      </symbol>
      <symbol id="sm-aab">
         <name>snprintf</name>
         <value>0x55a5</value>
         <object_component_ref idref="oc-56c"/>
      </symbol>
      <symbol id="sm-ab9">
         <name>strlen</name>
         <value>0x5f85</value>
         <object_component_ref idref="oc-384"/>
      </symbol>
      <symbol id="sm-ad4">
         <name>__stack</name>
         <value>0x20000270</value>
         <object_component_ref idref="oc-25"/>
      </symbol>
      <symbol id="sm-ad5">
         <name>_c_int00_noargs</name>
         <value>0x5a29</value>
         <object_component_ref idref="oc-5a"/>
      </symbol>
      <symbol id="sm-aeb">
         <name>__aeabi_errno_addr</name>
         <value>0x614d</value>
         <object_component_ref idref="oc-7bf"/>
      </symbol>
      <symbol id="sm-aec">
         <name>errno</name>
         <value>0x20001734</value>
         <object_component_ref idref="oc-881"/>
      </symbol>
      <symbol id="sm-b17">
         <name>_ZTSSt9type_info</name>
         <value>0x6a11</value>
         <object_component_ref idref="oc-8de"/>
      </symbol>
      <symbol id="sm-b18">
         <name>_ZNSt9type_infoD2Ev</name>
         <value>0xcbb</value>
         <object_component_ref idref="oc-8a1"/>
      </symbol>
      <symbol id="sm-b19">
         <name>_ZNSt9type_infoD1Ev</name>
         <value>0xcbb</value>
         <object_component_ref idref="oc-8a1"/>
      </symbol>
      <symbol id="sm-b1a">
         <name>_ZTISt9type_info</name>
         <value>0x6ad8</value>
         <object_component_ref idref="oc-89c"/>
      </symbol>
      <symbol id="sm-b43">
         <name>scalbn</name>
         <value>0x4205</value>
         <object_component_ref idref="oc-86b"/>
      </symbol>
      <symbol id="sm-b44">
         <name>scalbnl</name>
         <value>0x4205</value>
         <object_component_ref idref="oc-86b"/>
      </symbol>
      <symbol id="sm-b45">
         <name>ldexpl</name>
         <value>0x4205</value>
         <object_component_ref idref="oc-86b"/>
      </symbol>
      <symbol id="sm-b46">
         <name>ldexp</name>
         <value>0x4205</value>
         <object_component_ref idref="oc-86b"/>
      </symbol>
      <symbol id="sm-b50">
         <name>copysign</name>
         <value>0x5da1</value>
         <object_component_ref idref="oc-8c2"/>
      </symbol>
      <symbol id="sm-b51">
         <name>copysignl</name>
         <value>0x5da1</value>
         <object_component_ref idref="oc-8c2"/>
      </symbol>
      <symbol id="sm-b5b">
         <name>__abort_execution</name>
         <value>0x618b</value>
         <object_component_ref idref="oc-757"/>
      </symbol>
      <symbol id="sm-b65">
         <name>__aeabi_idiv0</name>
         <value>0x32ef</value>
         <object_component_ref idref="oc-706"/>
      </symbol>
      <symbol id="sm-b66">
         <name>__aeabi_ldiv0</name>
         <value>0x32ef</value>
         <object_component_ref idref="oc-706"/>
      </symbol>
      <symbol id="sm-b7d">
         <name>__aeabi_dsub</name>
         <value>0x3951</value>
         <object_component_ref idref="oc-845"/>
      </symbol>
      <symbol id="sm-b7e">
         <name>__aeabi_dadd</name>
         <value>0x395b</value>
         <object_component_ref idref="oc-845"/>
      </symbol>
      <symbol id="sm-ba0">
         <name>__aeabi_cdcmpeq</name>
         <value>0x4cbb</value>
         <object_component_ref idref="oc-796"/>
      </symbol>
      <symbol id="sm-ba1">
         <name>__aeabi_cdcmple</name>
         <value>0x4cbb</value>
         <object_component_ref idref="oc-796"/>
      </symbol>
      <symbol id="sm-ba2">
         <name>__aeabi_cdrcmple</name>
         <value>0x4d41</value>
         <object_component_ref idref="oc-830"/>
      </symbol>
      <symbol id="sm-bb6">
         <name>__aeabi_ddiv</name>
         <value>0x3c45</value>
         <object_component_ref idref="oc-82b"/>
      </symbol>
      <symbol id="sm-bc1">
         <name>__aeabi_dmul</name>
         <value>0x4315</value>
         <object_component_ref idref="oc-826"/>
      </symbol>
      <symbol id="sm-be9">
         <name>__TI_auto_init_nobinit_nopinit</name>
         <value>0x5751</value>
         <object_component_ref idref="oc-fd"/>
      </symbol>
      <symbol id="sm-bf3">
         <name>_system_pre_init</name>
         <value>0x618f</value>
         <object_component_ref idref="oc-9a"/>
      </symbol>
      <symbol id="sm-d5c">
         <name>__TI_printfi</name>
         <value>0x26d</value>
         <object_component_ref idref="oc-6bc"/>
      </symbol>
      <symbol id="sm-d71">
         <name>ltoa</name>
         <value>0x5461</value>
         <object_component_ref idref="oc-83a"/>
      </symbol>
      <symbol id="sm-d81">
         <name>memccpy</name>
         <value>0x5d85</value>
         <object_component_ref idref="oc-7b3"/>
      </symbol>
      <symbol id="sm-d92">
         <name>strchr</name>
         <value>0x5f1d</value>
         <object_component_ref idref="oc-871"/>
      </symbol>
      <symbol id="sm-dac">
         <name>frexpl</name>
         <value>0x5291</value>
         <object_component_ref idref="oc-865"/>
      </symbol>
      <symbol id="sm-dad">
         <name>frexp</name>
         <value>0x5291</value>
         <object_component_ref idref="oc-865"/>
      </symbol>
      <symbol id="sm-db7">
         <name>__aeabi_d2iz</name>
         <value>0x5681</value>
         <object_component_ref idref="oc-835"/>
      </symbol>
      <symbol id="sm-dc1">
         <name>__aeabi_i2d</name>
         <value>0x5aef</value>
         <object_component_ref idref="oc-840"/>
      </symbol>
      <symbol id="sm-e6e">
         <name>GPIOIntRegister</name>
         <value>0x5dbb</value>
         <object_component_ref idref="oc-218"/>
      </symbol>
      <symbol id="sm-e6f">
         <name>GPIOPinConfigure</name>
         <value>0x55f1</value>
         <object_component_ref idref="oc-2fc"/>
      </symbol>
      <symbol id="sm-e70">
         <name>GPIOIntEnable</name>
         <value>0x60d7</value>
         <object_component_ref idref="oc-224"/>
      </symbol>
      <symbol id="sm-e71">
         <name>GPIOIntTypeSet</name>
         <value>0x53b5</value>
         <object_component_ref idref="oc-21e"/>
      </symbol>
      <symbol id="sm-e72">
         <name>GPIOPinTypeGPIOInput</name>
         <value>0x5f99</value>
         <object_component_ref idref="oc-20c"/>
      </symbol>
      <symbol id="sm-e73">
         <name>GPIOIntClear</name>
         <value>0x615d</value>
         <object_component_ref idref="oc-1ee"/>
      </symbol>
      <symbol id="sm-e74">
         <name>GPIOPinTypeUART</name>
         <value>0x5fab</value>
         <object_component_ref idref="oc-302"/>
      </symbol>
      <symbol id="sm-e75">
         <name>GPIOIntStatus</name>
         <value>0x6059</value>
         <object_component_ref idref="oc-1e8"/>
      </symbol>
      <symbol id="sm-e76">
         <name>GPIOPinTypeGPIOOutput</name>
         <value>0x5dd3</value>
         <object_component_ref idref="oc-206"/>
      </symbol>
      <symbol id="sm-e77">
         <name>GPIODirModeSet</name>
         <value>0x5b49</value>
         <object_component_ref idref="oc-4af"/>
      </symbol>
      <symbol id="sm-e78">
         <name>GPIOPinWrite</name>
         <value>0x6163</value>
         <object_component_ref idref="oc-22a"/>
      </symbol>
      <symbol id="sm-e79">
         <name>GPIOPadConfigSet</name>
         <value>0x3d7b</value>
         <object_component_ref idref="oc-212"/>
      </symbol>
      <symbol id="sm-f0c">
         <name>HibernateIntClear</name>
         <value>0x5f49</value>
         <object_component_ref idref="oc-288"/>
      </symbol>
      <symbol id="sm-f0d">
         <name>HibernateRTCSet</name>
         <value>0x5b1d</value>
         <object_component_ref idref="oc-2b2"/>
      </symbol>
      <symbol id="sm-f0e">
         <name>HibernateEnableExpClk</name>
         <value>0x5f35</value>
         <object_component_ref idref="oc-2a6"/>
      </symbol>
      <symbol id="sm-f0f">
         <name>HibernateRTCTrimSet</name>
         <value>0x6029</value>
         <object_component_ref idref="oc-2be"/>
      </symbol>
      <symbol id="sm-f10">
         <name>HibernateClockConfig</name>
         <value>0x5639</value>
         <object_component_ref idref="oc-2ac"/>
      </symbol>
      <symbol id="sm-f11">
         <name>HibernateRTCMatchSet</name>
         <value>0x6019</value>
         <object_component_ref idref="oc-294"/>
      </symbol>
      <symbol id="sm-f12">
         <name>HibernateIntEnable</name>
         <value>0x5f5d</value>
         <object_component_ref idref="oc-2b8"/>
      </symbol>
      <symbol id="sm-f13">
         <name>HibernateRTCEnable</name>
         <value>0x5f71</value>
         <object_component_ref idref="oc-2c4"/>
      </symbol>
      <symbol id="sm-f14">
         <name>HibernateIntStatus</name>
         <value>0x5e05</value>
         <object_component_ref idref="oc-282"/>
      </symbol>
      <symbol id="sm-f15">
         <name>HibernateIntRegister</name>
         <value>0x5deb</value>
         <object_component_ref idref="oc-2ca"/>
      </symbol>
      <symbol id="sm-f16">
         <name>HibernateRTCGet</name>
         <value>0x60e5</value>
         <object_component_ref idref="oc-28e"/>
      </symbol>
      <symbol id="sm-f4f">
         <name>IntEnable</name>
         <value>0x5159</value>
         <object_component_ref idref="oc-4c4"/>
      </symbol>
      <symbol id="sm-f50">
         <name>IntRegister</name>
         <value>0x59c1</value>
         <object_component_ref idref="oc-4be"/>
      </symbol>
      <symbol id="sm-f51">
         <name>g_pfnRAMVectors</name>
         <value>0x20000000</value>
         <object_component_ref idref="oc-677"/>
      </symbol>
      <symbol id="sm-fae">
         <name>SysCtlClockSet</name>
         <value>0x4411</value>
         <object_component_ref idref="oc-1f4"/>
      </symbol>
      <symbol id="sm-faf">
         <name>SysCtlDelay</name>
         <value>0x6169</value>
         <object_component_ref idref="oc-1e7"/>
      </symbol>
      <symbol id="sm-fb0">
         <name>SysCtlPeripheralEnable</name>
         <value>0x59f5</value>
         <object_component_ref idref="oc-1fa"/>
      </symbol>
      <symbol id="sm-fb1">
         <name>SysCtlClockGet</name>
         <value>0x40f5</value>
         <object_component_ref idref="oc-2a0"/>
      </symbol>
      <symbol id="sm-fb2">
         <name>SysCtlPeripheralReady</name>
         <value>0x5989</value>
         <object_component_ref idref="oc-200"/>
      </symbol>
      <symbol id="sm-fe6">
         <name>UARTClockSourceSet</name>
         <value>0x616f</value>
         <object_component_ref idref="oc-308"/>
      </symbol>
      <symbol id="sm-fe7">
         <name>UARTIntRegister</name>
         <value>0x5e1d</value>
         <object_component_ref idref="oc-30e"/>
      </symbol>
      <symbol id="sm-fe9">
         <name>__TI_static_base__</name>
         <value>0x0</value>
      </symbol>
      <symbol id="sm-fec">
         <name>__mpu_init</name>
         <value>0x0</value>
      </symbol>
      <symbol id="sm-fed">
         <name>_system_post_cinit</name>
         <value>0x0</value>
      </symbol>
      <symbol id="sm-fee">
         <name>_ZSt17__throw_bad_allocv</name>
         <value>0x6193</value>
      </symbol>
   </symbol_table>
   <title>Link successful</title>
</link_info>
