******************************************************************************
                  TI ARM Linker PC v18.9.0                     
******************************************************************************
>> Linked Wed Nov 21 21:56:54 2018

OUTPUT FILE NAME:   <vending_machine.out>
ENTRY POINT SYMBOL: "_c_int00_noargs"  address: 00001111


MEMORY CONFIGURATION

         name            origin    length      used     unused   attr    fill
----------------------  --------  ---------  --------  --------  ----  --------
  FLASH                 00000000   00040000  000015d4  0003ea2c  R  X
  SRAM                  20000000   00008000  00000490  00007b70  RW X


SEGMENT ALLOCATION MAP

run origin  load origin   length   init length attrs members
----------  ----------- ---------- ----------- ----- -------
00000000    00000000    000015d8   000015d8    r-x
  00000000    00000000    0000026c   0000026c    r-- .intvecs
  0000026c    0000026c    00001050   00001050    r-x .text
  000012bc    000012bc    000002e8   000002e8    r-- .const
  000015a8    000015a8    00000030   00000030    r-- .cinit
20000000    20000000    00000498   00000000    rw-
  20000000    20000000    0000026c   00000000    rw- .vtable
  20000270    20000270    00000200   00000000    rw- .stack
  20000470    20000470    00000014   00000000    rw- .data
  20000488    20000488    00000010   00000000    rw- .sysmem


SECTION ALLOCATION MAP

 output                                  attributes/
section   page    origin      length       input sections
--------  ----  ----------  ----------   ----------------
.intvecs   0    00000000    0000026c     
                  00000000    0000026c     tm4c123gh6pm_startup_ccs.obj (.intvecs)

.text      0    0000026c    00001050     
                  0000026c    000005bc     FSM.obj (.text)
                  00000828    00000220     GPIO_UC.obj (.text)
                  00000a48    00000132     driverlib.lib : gpio.obj (.text:GPIOPadConfigSet)
                  00000b7a    00000002     rtsv7M4_T_le_v4SPD16_eabi.lib : stdlib_typeinfo.cpp.obj (.text:_ZNSt9type_infoD1Ev)
                  00000b7c    000000f4     driverlib.lib : sysctl.obj (.text:SysCtlClockSet)
                  00000c70    000000e8     rtsv7M4_T_le_v4SPD16_eabi.lib : memory.c.obj (.text:free)
                  00000d58    000000cc     IO.obj (.text)
                  00000e24    0000009c     rtsv7M4_T_le_v4SPD16_eabi.lib : memcpy_t2.asm.obj (.text)
                  00000ec0    00000068     driverlib.lib : interrupt.obj (.text:IntEnable)
                  00000f28    00000068     rtsv7M4_T_le_v4SPD16_eabi.lib : copy_decompress_lzss.c.obj (.text:decompress:lzss:__TI_decompress_lzss)
                  00000f90    00000056     driverlib.lib : gpio.obj (.text:GPIOIntTypeSet)
                  00000fe6    00000002     rtsv7M4_T_le_v4SPD16_eabi.lib : _lock.c.obj (.text:_nop)
                  00000fe8    00000044     driverlib.lib : gpio.obj (.text:_GPIOIntNumberGet)
                  0000102c    00000044     rtsv7M4_T_le_v4SPD16_eabi.lib : autoinit.c.obj (.text:__TI_auto_init_nobinit_nopinit:__TI_auto_init_nobinit_nopinit)
                  00001070    00000038     driverlib.lib : sysctl.obj (.text:SysCtlPeripheralReady)
                  000010a8    00000034                   : interrupt.obj (.text:IntRegister)
                  000010dc    00000034                   : sysctl.obj (.text:SysCtlPeripheralEnable)
                  00001110    00000034     rtsv7M4_T_le_v4SPD16_eabi.lib : boot_cortex_m.c.obj (.text:_c_int00_noargs:_c_int00_noargs)
                  00001144    0000002e     main.obj (.text)
                  00001172    0000002a     driverlib.lib : gpio.obj (.text:GPIODirModeSet)
                  0000119c    00000028     rtsv7M4_T_le_v4SPD16_eabi.lib : memory.c.obj (.text:free_list_insert)
                  000011c4    0000001c                                   : memory.c.obj (.text:free_list_remove)
                  000011e0    00000018     driverlib.lib : gpio.obj (.text:GPIOIntRegister)
                  000011f8    00000018                   : gpio.obj (.text:GPIOPinTypeGPIOOutput)
                  00001210    00000012                   : gpio.obj (.text:GPIOPinTypeGPIOInput)
                  00001222    00000012     rtsv7M4_T_le_v4SPD16_eabi.lib : copy_zero_init.c.obj (.text:decompress:ZI:__TI_zero_init_nomemset:__TI_zero_init_nomemset)
                  00001234    0000000e     driverlib.lib : gpio.obj (.text:GPIOIntStatus)
                  00001242    0000000e     rtsv7M4_T_le_v4SPD16_eabi.lib : typeinfo.c.obj (.text:_ZN10__cxxabiv117__class_type_infoD0Ev)
                  00001250    0000000e                                   : typeinfo.c.obj (.text:_ZN10__cxxabiv120__si_class_type_infoD0Ev)
                  0000125e    0000000e                                   : copy_decompress_none.c.obj (.text:decompress:none:__TI_decompress_none)
                  0000126c    0000000c     driverlib.lib : gpio.obj (.text:GPIOIntEnable)
                  00001278    0000000c     tm4c123gh6pm_startup_ccs.obj (.text)
                  00001284    00000008     rtsv7M4_T_le_v4SPD16_eabi.lib : new.cpp.obj (.text:_ZdlPv)
                  0000128c    00000006     driverlib.lib : gpio.obj (.text:GPIOIntClear)
                  00001292    00000006                   : gpio.obj (.text:GPIOPinWrite)
                  00001298    00000006                   : sysctl.obj (.text:SysCtlDelay)
                  0000129e    00000006     rtsv7M4_T_le_v4SPD16_eabi.lib : pure_virt.c.obj (.text:__cxa_pure_virtual)
                  000012a4    00000004                                   : typeinfo.c.obj (.text:_ZN10__cxxabiv117__class_type_infoD1Ev)
                  000012a8    00000004                                   : typeinfo.c.obj (.text:_ZN10__cxxabiv120__si_class_type_infoD1Ev)
                  000012ac    00000004                                   : new.cpp.obj (.text:_ZdlPvj)
                  000012b0    00000004                                   : error.c.obj (.text:__abort_execution)
                  000012b4    00000004                                   : pre_init.c.obj (.text:_system_pre_init)
                  000012b8    00000004                                   : exit.c.obj (.text:abort:abort)

.const     0    000012bc    000002e8     
                  000012bc    000000d8     driverlib.lib : gpio.obj (.const:g_ppui32GPIOIntMapSnowflake)
                  00001394    000000c0                   : gpio.obj (.const:g_ppui32GPIOIntMapBlizzard)
                  00001454    00000070                   : interrupt.obj (.const)
                  000014c4    00000025     rtsv7M4_T_le_v4SPD16_eabi.lib : typeinfo.c.obj (.const:.typeinfo:_ZTSN10__cxxabiv120__si_class_type_infoE)
                  000014e9    00000022                                   : typeinfo.c.obj (.const:.typeinfo:_ZTSN10__cxxabiv117__class_type_infoE)
                  0000150b    00000001     --HOLE-- [fill = 0]
                  0000150c    00000014     IO.obj (.const:_ZTV3CIO)
                  00001520    00000014     GPIO_UC.obj (.const:_ZTV5CGPIO)
                  00001534    00000010     rtsv7M4_T_le_v4SPD16_eabi.lib : typeinfo.c.obj (.const:_ZTVN10__cxxabiv117__class_type_infoE)
                  00001544    00000010                                   : typeinfo.c.obj (.const:_ZTVN10__cxxabiv120__si_class_type_infoE)
                  00001554    0000000d                                   : stdlib_typeinfo.cpp.obj (.const:.typeinfo:_ZTSSt9type_info)
                  00001561    00000003     --HOLE-- [fill = 0]
                  00001564    0000000c     GPIO_UC.obj (.const:.typeinfo:_ZTI5CGPIO)
                  00001570    0000000c     rtsv7M4_T_le_v4SPD16_eabi.lib : typeinfo.c.obj (.const:.typeinfo:_ZTIN10__cxxabiv117__class_type_infoE)
                  0000157c    0000000c                                   : typeinfo.c.obj (.const:.typeinfo:_ZTIN10__cxxabiv120__si_class_type_infoE)
                  00001588    00000008     GPIO_UC.obj (.const:.typeinfo:_ZTI3CIO)
                  00001590    00000008     rtsv7M4_T_le_v4SPD16_eabi.lib : stdlib_typeinfo.cpp.obj (.const:.typeinfo:_ZTISt9type_info)
                  00001598    00000007     GPIO_UC.obj (.const:.typeinfo:_ZTS5CGPIO)
                  0000159f    00000005     GPIO_UC.obj (.const:.typeinfo:_ZTS3CIO)

.cinit     0    000015a8    00000030     
                  000015a8    0000000c     (.cinit..data.load) [load image, compression = lzss]
                  000015b4    0000000c     (__TI_handler_table)
                  000015c0    00000008     (.cinit..vtable.load) [load image, compression = zero_init]
                  000015c8    00000010     (__TI_cinit_table)

.init_array 
*          0    00000000    00000000     UNINITIALIZED

.vtable    0    20000000    0000026c     UNINITIALIZED
                  20000000    0000026c     driverlib.lib : interrupt.obj (.vtable)

.stack     0    20000270    00000200     UNINITIALIZED
                  20000270    00000004     rtsv7M4_T_le_v4SPD16_eabi.lib : boot_cortex_m.c.obj (.stack)
                  20000274    000001fc     --HOLE--

.data      0    20000470    00000014     UNINITIALIZED
                  20000470    00000008     rtsv7M4_T_le_v4SPD16_eabi.lib : _lock.c.obj (.data:$O1$$)
                  20000478    00000008                                   : memory.c.obj (.data:$O1$$)
                  20000480    00000004     GPIO_UC.obj (.data)

.sysmem    0    20000488    00000010     UNINITIALIZED
                  20000488    00000010     rtsv7M4_T_le_v4SPD16_eabi.lib : memory.c.obj (.sysmem)

MODULE SUMMARY

       Module                         code   ro data   rw data
       ------                         ----   -------   -------
    .\src\
       FSM.obj                        1468   0         0      
       tm4c123gh6pm_startup_ccs.obj   12     620       0      
       GPIO_UC.obj                    544    52        4      
       IO.obj                         204    20        0      
       main.obj                       46     0         0      
    +--+------------------------------+------+---------+---------+
       Total:                         2274   692       4      
                                                              
    C:/ti/TivaWare_C_Series-2.1.4.178/driverlib/ccs/Debug/driverlib.lib
       gpio.obj                       606    408       0      
       interrupt.obj                  156    112       620    
       sysctl.obj                     358    0         0      
    +--+------------------------------+------+---------+---------+
       Total:                         1120   520       620    
                                                              
    C:\ti\ccsv8\tools\compiler\ti-cgt-arm_18.9.0.STS\lib\rtsv7M4_T_le_v4SPD16_eabi.lib
       memory.c.obj                   300    0         8      
       typeinfo.c.obj                 36     127       0      
       memcpy_t2.asm.obj              156    0         0      
       copy_decompress_lzss.c.obj     104    0         0      
       autoinit.c.obj                 68     0         0      
       boot_cortex_m.c.obj            52     0         0      
       stdlib_typeinfo.cpp.obj        2      21        0      
       copy_zero_init.c.obj           18     0         0      
       copy_decompress_none.c.obj     14     0         0      
       new.cpp.obj                    12     0         0      
       _lock.c.obj                    2      0         8      
       pure_virt.c.obj                6      0         0      
       error.c.obj                    4      0         0      
       exit.c.obj                     4      0         0      
       pre_init.c.obj                 4      0         0      
    +--+------------------------------+------+---------+---------+
       Total:                         782    148       16     
                                                              
       Heap:                          0      0         16     
       Stack:                         0      0         512    
       Linker Generated:              0      48        0      
    +--+------------------------------+------+---------+---------+
       Grand Total:                   4176   1408      1168   


LINKER GENERATED COPY TABLES

__TI_cinit_table @ 000015c8 records: 2, size/record: 8, table size: 16
	.data: load addr=000015a8, load size=0000000c bytes, run addr=20000470, run size=00000014 bytes, compression=lzss
	.vtable: load addr=000015c0, load size=00000008 bytes, run addr=20000000, run size=0000026c bytes, compression=zero_init


LINKER GENERATED HANDLER TABLE

__TI_handler_table @ 000015b4 records: 3, size/record: 4, table size: 12
	index: 0, handler: __TI_zero_init
	index: 1, handler: __TI_decompress_lzss
	index: 2, handler: __TI_decompress_none


GLOBAL SYMBOLS: SORTED ALPHABETICALLY BY Name 

address   name                                     
-------   ----                                     
000012b9  C$$EXIT                                  
00001173  GPIODirModeSet                           
0000128d  GPIOIntClear                             
0000126d  GPIOIntEnable                            
000011e1  GPIOIntRegister                          
00001235  GPIOIntStatus                            
00000f91  GPIOIntTypeSet                           
00000a49  GPIOPadConfigSet                         
00001211  GPIOPinTypeGPIOInput                     
000011f9  GPIOPinTypeGPIOOutput                    
00001293  GPIOPinWrite                             
00000ec1  IntEnable                                
000010a9  IntRegister                              
00001279  ResetISR                                 
00000b7d  SysCtlClockSet                           
00001299  SysCtlDelay                              
000010dd  SysCtlPeripheralEnable                   
00001071  SysCtlPeripheralReady                    
00000829  _Z7GPIOISRv                              
00001243  _ZN10__cxxabiv117__class_type_infoD0Ev   
000012a5  _ZN10__cxxabiv117__class_type_infoD1Ev   
000012a5  _ZN10__cxxabiv117__class_type_infoD2Ev   
00001251  _ZN10__cxxabiv120__si_class_type_infoD0Ev
000012a9  _ZN10__cxxabiv120__si_class_type_infoD1Ev
000012a9  _ZN10__cxxabiv120__si_class_type_infoD2Ev
00000d99  _ZN3CIO10clearInputEi                    
00000de7  _ZN3CIO11clearOutputEi                   
00000daf  _ZN3CIO8getInputEi                       
00000d83  _ZN3CIO8setInputEi                       
00000dfd  _ZN3CIO9getOutputEi                      
00000dd1  _ZN3CIO9setOutputEi                      
00000d59  _ZN3CIOC1Ev                              
00000d59  _ZN3CIOC2Ev                              
00000d77  _ZN3CIOD1Ev                              
00000d77  _ZN3CIOD2Ev                              
00000293  _ZN4CFSM11changeStateE8FSMstate          
000002b7  _ZN4CFSM6runFSMEv                        
000002a9  _ZN4CFSM8getStateEv                      
0000026d  _ZN4CFSMC1Ev                             
0000026d  _ZN4CFSMC2Ev                             
00000283  _ZN4CFSMD1Ev                             
00000283  _ZN4CFSMD2Ev                             
00000a07  _ZN5CGPIO10getCurrentEv                  
00000907  _ZN5CGPIO10readInputsEv                  
00000a0d  _ZN5CGPIO10setCurrentEPS_                
000009f3  _ZN5CGPIO10showCreditEi                  
00000911  _ZN5CGPIO12writeOutputsEv                
20000480  _ZN5CGPIO7currentE                       
0000087d  _ZN5CGPIOC1Ev                            
0000087d  _ZN5CGPIOC2Ev                            
000008f9  _ZN5CGPIOD1Ev                            
000008f9  _ZN5CGPIOD2Ev                            
00000b7b  _ZNSt9type_infoD1Ev                      
00000b7b  _ZNSt9type_infoD2Ev                      
000012b9  _ZSt17__throw_bad_allocv                 
00001588  _ZTI3CIO                                 
00001564  _ZTI5CGPIO                               
00001570  _ZTIN10__cxxabiv117__class_type_infoE    
0000157c  _ZTIN10__cxxabiv120__si_class_type_infoE 
00001590  _ZTISt9type_info                         
0000159f  _ZTS3CIO                                 
00001598  _ZTS5CGPIO                               
000014e9  _ZTSN10__cxxabiv117__class_type_infoE    
000014c4  _ZTSN10__cxxabiv120__si_class_type_infoE 
00001554  _ZTSSt9type_info                         
0000150c  _ZTV3CIO                                 
00001520  _ZTV5CGPIO                               
00001534  _ZTVN10__cxxabiv117__class_type_infoE    
00001544  _ZTVN10__cxxabiv120__si_class_type_infoE 
00001285  _ZdlPv                                   
000012ad  _ZdlPvj                                  
20000470  __STACK_END                              
00000200  __STACK_SIZE                             
20000470  __STACK_TOP                              
00000010  __SYSMEM_SIZE                            
000015c8  __TI_CINIT_Base                          
000015d8  __TI_CINIT_Limit                         
000015b4  __TI_Handler_Table_Base                  
000015c0  __TI_Handler_Table_Limit                 
0000102d  __TI_auto_init_nobinit_nopinit           
00000f29  __TI_decompress_lzss                     
0000125f  __TI_decompress_none                     
ffffffff  __TI_pprof_out_hndl                      
ffffffff  __TI_prof_data_size                      
ffffffff  __TI_prof_data_start                     
00000000  __TI_static_base__                       
00001223  __TI_zero_init_nomemset                  
000012b1  __abort_execution                        
00000e25  __aeabi_memcpy                           
00000e25  __aeabi_memcpy4                          
00000e25  __aeabi_memcpy8                          
ffffffff  __binit__                                
ffffffff  __c_args__                               
0000129f  __cxa_pure_virtual                       
UNDEFED   __mpu_init                               
20000270  __stack                                  
00001111  _c_int00_noargs                          
20000470  _lock                                    
00000fe7  _nop                                     
20000488  _sys_memory                              
UNDEFED   _system_post_cinit                       
000012b5  _system_pre_init                         
20000474  _unlock                                  
000012b9  abort                                    
ffffffff  binit                                    
00000c71  free                                     
20000000  g_pfnRAMVectors                          
00000000  g_pfnVectors                             
00001145  main                                     
00000e25  memcpy                                   


GLOBAL SYMBOLS: SORTED BY Symbol Address 

address   name                                     
-------   ----                                     
00000000  __TI_static_base__                       
00000000  g_pfnVectors                             
00000010  __SYSMEM_SIZE                            
00000200  __STACK_SIZE                             
0000026d  _ZN4CFSMC1Ev                             
0000026d  _ZN4CFSMC2Ev                             
00000283  _ZN4CFSMD1Ev                             
00000283  _ZN4CFSMD2Ev                             
00000293  _ZN4CFSM11changeStateE8FSMstate          
000002a9  _ZN4CFSM8getStateEv                      
000002b7  _ZN4CFSM6runFSMEv                        
00000829  _Z7GPIOISRv                              
0000087d  _ZN5CGPIOC1Ev                            
0000087d  _ZN5CGPIOC2Ev                            
000008f9  _ZN5CGPIOD1Ev                            
000008f9  _ZN5CGPIOD2Ev                            
00000907  _ZN5CGPIO10readInputsEv                  
00000911  _ZN5CGPIO12writeOutputsEv                
000009f3  _ZN5CGPIO10showCreditEi                  
00000a07  _ZN5CGPIO10getCurrentEv                  
00000a0d  _ZN5CGPIO10setCurrentEPS_                
00000a49  GPIOPadConfigSet                         
00000b7b  _ZNSt9type_infoD1Ev                      
00000b7b  _ZNSt9type_infoD2Ev                      
00000b7d  SysCtlClockSet                           
00000c71  free                                     
00000d59  _ZN3CIOC1Ev                              
00000d59  _ZN3CIOC2Ev                              
00000d77  _ZN3CIOD1Ev                              
00000d77  _ZN3CIOD2Ev                              
00000d83  _ZN3CIO8setInputEi                       
00000d99  _ZN3CIO10clearInputEi                    
00000daf  _ZN3CIO8getInputEi                       
00000dd1  _ZN3CIO9setOutputEi                      
00000de7  _ZN3CIO11clearOutputEi                   
00000dfd  _ZN3CIO9getOutputEi                      
00000e25  __aeabi_memcpy                           
00000e25  __aeabi_memcpy4                          
00000e25  __aeabi_memcpy8                          
00000e25  memcpy                                   
00000ec1  IntEnable                                
00000f29  __TI_decompress_lzss                     
00000f91  GPIOIntTypeSet                           
00000fe7  _nop                                     
0000102d  __TI_auto_init_nobinit_nopinit           
00001071  SysCtlPeripheralReady                    
000010a9  IntRegister                              
000010dd  SysCtlPeripheralEnable                   
00001111  _c_int00_noargs                          
00001145  main                                     
00001173  GPIODirModeSet                           
000011e1  GPIOIntRegister                          
000011f9  GPIOPinTypeGPIOOutput                    
00001211  GPIOPinTypeGPIOInput                     
00001223  __TI_zero_init_nomemset                  
00001235  GPIOIntStatus                            
00001243  _ZN10__cxxabiv117__class_type_infoD0Ev   
00001251  _ZN10__cxxabiv120__si_class_type_infoD0Ev
0000125f  __TI_decompress_none                     
0000126d  GPIOIntEnable                            
00001279  ResetISR                                 
00001285  _ZdlPv                                   
0000128d  GPIOIntClear                             
00001293  GPIOPinWrite                             
00001299  SysCtlDelay                              
0000129f  __cxa_pure_virtual                       
000012a5  _ZN10__cxxabiv117__class_type_infoD1Ev   
000012a5  _ZN10__cxxabiv117__class_type_infoD2Ev   
000012a9  _ZN10__cxxabiv120__si_class_type_infoD1Ev
000012a9  _ZN10__cxxabiv120__si_class_type_infoD2Ev
000012ad  _ZdlPvj                                  
000012b1  __abort_execution                        
000012b5  _system_pre_init                         
000012b9  C$$EXIT                                  
000012b9  _ZSt17__throw_bad_allocv                 
000012b9  abort                                    
000014c4  _ZTSN10__cxxabiv120__si_class_type_infoE 
000014e9  _ZTSN10__cxxabiv117__class_type_infoE    
0000150c  _ZTV3CIO                                 
00001520  _ZTV5CGPIO                               
00001534  _ZTVN10__cxxabiv117__class_type_infoE    
00001544  _ZTVN10__cxxabiv120__si_class_type_infoE 
00001554  _ZTSSt9type_info                         
00001564  _ZTI5CGPIO                               
00001570  _ZTIN10__cxxabiv117__class_type_infoE    
0000157c  _ZTIN10__cxxabiv120__si_class_type_infoE 
00001588  _ZTI3CIO                                 
00001590  _ZTISt9type_info                         
00001598  _ZTS5CGPIO                               
0000159f  _ZTS3CIO                                 
000015b4  __TI_Handler_Table_Base                  
000015c0  __TI_Handler_Table_Limit                 
000015c8  __TI_CINIT_Base                          
000015d8  __TI_CINIT_Limit                         
20000000  g_pfnRAMVectors                          
20000270  __stack                                  
20000470  __STACK_END                              
20000470  __STACK_TOP                              
20000470  _lock                                    
20000474  _unlock                                  
20000480  _ZN5CGPIO7currentE                       
20000488  _sys_memory                              
ffffffff  __TI_pprof_out_hndl                      
ffffffff  __TI_prof_data_size                      
ffffffff  __TI_prof_data_start                     
ffffffff  __binit__                                
ffffffff  __c_args__                               
ffffffff  binit                                    
UNDEFED   __mpu_init                               
UNDEFED   _system_post_cinit                       

[110 symbols]
